Component: ARM Compiler 5.06 update 5 (build 528) Tool: armlink [4d35e2]

==============================================================================

Section Cross References

    main.o(i.__sti___8_main_cpp_sys) refers to lib.o(i._ZN7cSystemC1Eh) for cSystem::cSystem(unsigned char)
    main.o(i.__sti___8_main_cpp_sys) refers to lib.o(i._ZN10cHwTimer_NC1ENS_7TimerIdEj) for cHwTimer_N::cHwTimer_N(cHwTimer_N::TimerId, unsigned)
    main.o(i.__sti___8_main_cpp_sys) refers to lib.o(i._ZN9cHwPort_NC1ENS_6PortIdE) for cHwPort_N::cHwPort_N(cHwPort_N::PortId)
    main.o(i.__sti___8_main_cpp_sys) refers to lib.o(i._ZN8cHwADC_0C1EP8cHwTimer) for cHwADC_0::cHwADC_0(cHwTimer*)
    main.o(i.__sti___8_main_cpp_sys) refers to lib.o(i._ZN15cDevAnalogInADCC1ER6cHwADChffh) for cDevAnalogInADC::cDevAnalogInADC(cHwADC&, unsigned char, float, float, unsigned char)
    main.o(i.__sti___8_main_cpp_sys) refers to lib.o(i._ZN8cHwDAC_0C1Ev) for cHwDAC_0::cHwDAC_0()
    main.o(i.__sti___8_main_cpp_sys) refers to lib.o(i._ZN16cDevAnalogOutDACC1ER6cHwDAChff) for cDevAnalogOutDAC::cDevAnalogOutDAC(cHwDAC&, unsigned char, float, float)
    main.o(i.__sti___8_main_cpp_sys) refers to main.o(i._ZN6cHwFMCC1ENS_7FMCtypeEb) for cHwFMC::cHwFMC(cHwFMC::FMCtype, bool)
    main.o(i.__sti___8_main_cpp_sys) refers to lib.o(i._ZN7cHwPort3PinC1ERS_h) for cHwPort::Pin::Pin(cHwPort&, unsigned char)
    main.o(i.__sti___8_main_cpp_sys) refers to lib.o(i._ZN14cHwDisplayFontC1EPK24cHwDisplayFontPropertiesPKh) for cHwDisplayFont::cHwDisplayFont(const cHwDisplayFontProperties*, const unsigned char*)
    main.o(i.__sti___8_main_cpp_sys) refers to disp_otm8009a.o(i._ZN19cHwDisp_OTM8009AramC1ER6cHwDSIRN7cHwPort3PinEN16cHwDisp_OTM8009A11OrientationE14cHwDisplayFonth) for cHwDisp_OTM8009Aram::cHwDisp_OTM8009Aram(cHwDSI&, cHwPort::Pin&, cHwDisp_OTM8009A::Orientation, cHwDisplayFont, unsigned char)
    main.o(i.__sti___8_main_cpp_sys) refers to lib.o(i._ZN18cDevDisplayGraphicC1ER17cHwDisplayGraphic) for cDevDisplayGraphic::cDevDisplayGraphic(cHwDisplayGraphic&)
    main.o(i.__sti___8_main_cpp_sys) refers to lib.o(i._ZN14cHwI2Cmaster_NC1ENS_6I2C_IDEN12cHwI2Cmaster4MODEEh) for cHwI2Cmaster_N::cHwI2Cmaster_N(cHwI2Cmaster_N::I2C_ID, cHwI2Cmaster::MODE, unsigned char)
    main.o(i.__sti___8_main_cpp_sys) refers to touch_ft6206.o(i._ZN15cHwTouch_FT6206C1ER12cHwI2Cmaster) for cHwTouch_FT6206::cHwTouch_FT6206(cHwI2Cmaster&)
    main.o(i.__sti___8_main_cpp_sys) refers to lib.o(i._ZN18cDevControlPointerC1ER8cHwTouch) for cDevControlPointer::cDevControlPointer(cHwTouch&)
    main.o(i.__sti___8_main_cpp_sys) refers to lib.o(i._ZN11cDevDigitalC1ER7cHwPorthNS_4ModeEb) for cDevDigital::cDevDigital(cHwPort&, unsigned char, cDevDigital::Mode, bool)
    main.o(i.__sti___8_main_cpp_sys) refers to lib.o(i._ZN26cDevControlEncoderJoystickC1EP11cDevDigitalS1_S1_P8cHwTimert) for cDevControlEncoderJoystick::cDevControlEncoderJoystick(cDevDigital*, cDevDigital*, cDevDigital*, cHwTimer*, unsigned short)
    main.o(i.__sti___8_main_cpp_sys) refers to lib.o(i._ZN8cHwRTC_0C1ENS_17RTC_ClockConfig_tE) for cHwRTC_0::cHwRTC_0(cHwRTC_0::RTC_ClockConfig_t)
    main.o(i.__sti___8_main_cpp_sys) refers to main.o(.data) for .data
    main.o(i.__sti___8_main_cpp_sys) refers to main.o(.bss) for .bss
    main.o(i.__sti___8_main_cpp_sys) refers to main.o(.constdata__ZTV6cHwDSI) for vtable for cHwDSI
    main.o(i.__sti___8_main_cpp_sys) refers to main.o(.constdata) for .constdata
    main.o(i.main) refers to cells.o(i._ZN5CellsC1Ev) for Cells::Cells()
    main.o(i.main) refers to rt_memcpy_w.o(.text) for __aeabi_memcpy4
    main.o(i.main) refers to controller.o(i._ZN10ControllerC1E5Cells5Field) for Controller::Controller(Cells, Field)
    main.o(i.main) refers to game.o(i._ZN4GameC1Es10Controller5Field) for Game::Game(short, Controller, Field)
    main.o(i.main) refers to lib.o(i._ZN18cDevDisplayGraphic7refreshEv) for cDevDisplayGraphic::refresh()
    main.o(i.main) refers to cxa_guard_acquire.o(i.__cxa_guard_acquire) for __cxa_guard_acquire
    main.o(i.main) refers to pages.o(i._ZN5PagesC1Ev) for Pages::Pages()
    main.o(i.main) refers to aeabi_atexit.o(.text) for __aeabi_atexit
    main.o(i.main) refers to main.o(i._ZN5Style8instanceEv) for Style::instance()
    main.o(i.main) refers to lib.o(i._ZN18cDevDisplayGraphic5clearEv) for cDevDisplayGraphic::clear()
    main.o(i.main) refers to lib.o(i._ZN18cDevControlPointer3getEv) for cDevControlPointer::get()
    main.o(i.main) refers to game.o(i._ZN4Game11ttt_classicEss) for Game::ttt_classic(short, short)
    main.o(i.main) refers to pages.o(i._ZN5Pages20display_current_pageEii) for Pages::display_current_page(int, int)
    main.o(i.main) refers to main.o(.data) for .data
    main.o(i.main) refers to main.o(.data__ZZN5Pages8instanceEvE9_instance) for guard variable for Pages::instance()::_instance
    main.o(i.main) refers to main.o(i._ZN5PagesD1Ev) for Pages::~Pages()
    main.o(i.main) refers to main.o(.bss) for .bss
[...]
    cDevDisplayGraphic::drawText(unsigned short, unsigned short, const char*) 0x0800390d   Thumb Code    38  lib.o(i._ZN18cDevDisplayGraphic8drawTextEttPKc)
    cDevDisplayGraphic::drawText(unsigned short, unsigned short, unsigned char, const char*, ...) 0x08003933   Thumb Code    86  lib.o(i._ZN18cDevDisplayGraphic8drawTextEtthPKcz)
    cDevDisplayGraphic::drawFrame(unsigned short, unsigned short, unsigned short, unsigned short, unsigned short, unsigned short) 0x08003989   Thumb Code   112  lib.o(i._ZN18cDevDisplayGraphic9drawFrameEtttttt)
    cDevDisplayGraphic::drawPixel(unsigned short, unsigned short, unsigned short) 0x080039f9   Thumb Code    36  lib.o(i._ZN18cDevDisplayGraphic9drawPixelEttt)
    cDevDisplayGraphic::cDevDisplayGraphic(cHwDisplayGraphic&) 0x08003a1d   Thumb Code    20  lib.o(i._ZN18cDevDisplayGraphicC1ER17cHwDisplayGraphic)
    cDevDisplayGraphic::cDevDisplayGraphic__sub_object(cHwDisplayGraphic&) 0x08003a1d   Thumb Code     0  lib.o(i._ZN18cDevDisplayGraphicC1ER17cHwDisplayGraphic)
    cHwDisp_OTM8009Aram::clear()             0x08003a35   Thumb Code    34  disp_otm8009a.o(i._ZN19cHwDisp_OTM8009Aram5clearEv)
    cHwDisp_OTM8009Aram::refresh()           0x08003a57   Thumb Code     6  disp_otm8009a.o(i._ZN19cHwDisp_OTM8009Aram7refreshEv)
    cHwDisp_OTM8009Aram::setArea(unsigned short, unsigned short, unsigned short, unsigned short) 0x08003a5d   Thumb Code    38  disp_otm8009a.o(i._ZN19cHwDisp_OTM8009Aram7setAreaEtttt)
    cHwDisp_OTM8009Aram::setPixel(unsigned short) 0x08003a83   Thumb Code    52  disp_otm8009a.o(i._ZN19cHwDisp_OTM8009Aram8setPixelEt)
    cHwDisp_OTM8009Aram::setPixel(unsigned short, unsigned short, unsigned short) 0x08003ab7   Thumb Code    22  disp_otm8009a.o(i._ZN19cHwDisp_OTM8009Aram8setPixelEttt)
    cHwDisp_OTM8009Aram::cHwDisp_OTM8009Aram(cHwDSI&, cHwPort::Pin&, cHwDisp_OTM8009A::Orientation, cHwDisplayFont, unsigned char) 0x08003acd   Thumb Code   206  disp_otm8009a.o(i._ZN19cHwDisp_OTM8009AramC1ER6cHwDSIRN7cHwPort3PinEN16cHwDisp_OTM8009A11OrientationE14cHwDisplayFonth)
    cHwDisp_OTM8009Aram::cHwDisp_OTM8009Aram__sub_object(cHwDSI&, cHwPort::Pin&, cHwDisp_OTM8009A::Orientation, cHwDisplayFont, unsigned char) 0x08003acd   Thumb Code     0  disp_otm8009a.o(i._ZN19cHwDisp_OTM8009AramC1ER6cHwDSIRN7cHwPort3PinEN16cHwDisp_OTM8009A11OrientationE14cHwDisplayFonth)
    cDevControlEncoderJoystick::getIncrement() 0x08003ba9   Thumb Code    98  lib.o(i._ZN26cDevControlEncoderJoystick12getIncrementEv)
    cDevControlEncoderJoystick::cDevControlEncoderJoystick(cDevDigital*, cDevDigital*, cDevDigital*, cHwTimer*, unsigned short) 0x08003c0d   Thumb Code    80  lib.o(i._ZN26cDevControlEncoderJoystickC1EP11cDevDigitalS1_S1_P8cHwTimert)
    cDevControlEncoderJoystick::cDevControlEncoderJoystick__sub_object(cDevDigital*, cDevDigital*, cDevDigital*, cHwTimer*, unsigned short) 0x08003c0d   Thumb Code     0  lib.o(i._ZN26cDevControlEncoderJoystickC1EP11cDevDigitalS1_S1_P8cHwTimert)
    Game::ttt_classic(short, short)          0x08003c61   Thumb Code    76  game.o(i._ZN4Game11ttt_classicEss)
    Game::Game(short, Controller, Field)     0x08003cb1   Thumb Code    64  game.o(i._ZN4GameC1Es10Controller5Field)
    Game::Game__sub_object(short, Controller, Field) 0x08003cb1   Thumb Code     0  game.o(i._ZN4GameC1Es10Controller5Field)
    Cells::rowIsComplete()                   0x08003cf5   Thumb Code   346  cells.o(i._ZN5Cells13rowIsCompleteEv)
    Cells::initializeCells()                 0x08003e51   Thumb Code    64  cells.o(i._ZN5Cells15initializeCellsEv)
    Cells::initializeDefaultRows()           0x08003e95   Thumb Code   150  cells.o(i._ZN5Cells21initializeDefaultRowsEv)
    Cells::Cells()                           0x08003f2b   Thumb Code    20  cells.o(i._ZN5CellsC1Ev)
    Cells::Cells__sub_object()               0x08003f2b   Thumb Code     0  cells.o(i._ZN5CellsC1Ev)
    Field::drawField()                       0x08003f41   Thumb Code    88  field.o(i._ZN5Field9drawFieldEv)
    Field::drawToken(Token)                  0x08003f9d   Thumb Code   116  field.o(i._ZN5Field9drawTokenE5Token)
    Menue::buttonOnPagePressed(int, int)     0x08004015   Thumb Code    70  menue.o(i._ZN5Menue19buttonOnPagePressedEii)
    Menue::drawpage()                        0x08004061   Thumb Code   268  menue.o(i._ZN5Menue8drawpageEv)
    Menue::instance()                        0x080041a5   Thumb Code    42  pages.o(i._ZN5Menue8instanceEv)
    Menue::~Menue()                          0x080041e1   Thumb Code     2  pages.o(i._ZN5MenueD1Ev)
    Menue::~Menue__sub_object()              0x080041e1   Thumb Code     0  pages.o(i._ZN5MenueD1Ev)
    Pages::siteHeader(short, short, short, short, char*) 0x080041e5   Thumb Code   146  pages.o(i._ZN5Pages10siteHeaderEssssPc)
    Pages::draw_button(short, short, short, short, short, short, short, short, short, short, char*) 0x0800427d   Thumb Code   478  pages.o(i._ZN5Pages11draw_buttonEssssssssssPc)
    Pages::display_current_page(int, int)    0x08004465   Thumb Code   256  pages.o(i._ZN5Pages20display_current_pageEii)
    Pages::instance()                        0x08004579   Thumb Code    42  menue.o(i._ZN5Pages8instanceEv)
    Pages::isPressed(int, int, short(*)[5], int) 0x080045b5   Thumb Code    56  pages.o(i._ZN5Pages9isPressedEiiPA5_si)
    Pages::Pages()                           0x080045ed   Thumb Code    10  pages.o(i._ZN5PagesC1Ev)
    Pages::Pages__sub_object()               0x080045ed   Thumb Code     0  pages.o(i._ZN5PagesC1Ev)
    Pages::~Pages()                          0x080045f7   Thumb Code     2  main.o(i._ZN5PagesD1Ev)
    Pages::~Pages__sub_object()              0x080045f7   Thumb Code     0  main.o(i._ZN5PagesD1Ev)
    Style::changeActiveColorTheme(short)     0x080045f9   Thumb Code   174  style.o(i._ZN5Style22changeActiveColorThemeEs)
    Style::instance()                        0x080046bd   Thumb Code    42  main.o(i._ZN5Style8instanceEv)
    Style::Style()                           0x080046f9   Thumb Code   116  style.o(i._ZN5StyleC1Ev)
    Style::Style__sub_object()               0x080046f9   Thumb Code     0  style.o(i._ZN5StyleC1Ev)
    Style::~Style()                          0x0800476d   Thumb Code     2  main.o(i._ZN5StyleD1Ev)
    Style::~Style__sub_object()              0x0800476d   Thumb Code     0  main.o(i._ZN5StyleD1Ev)
    Token::Token(coordinates, short)         0x0800476f   Thumb Code    18  token.o(i._ZN5TokenC1E11coordinatess)
    Token::Token__sub_object(coordinates, short) 0x0800476f   Thumb Code     0  token.o(i._ZN5TokenC1E11coordinatess)
    cList::add(cList::Item*)                 0x08004781   Thumb Code    34  lib.o(i._ZN5cList3addEPNS_4ItemE)
    cList::Item::update()                    0x080047a3   Thumb Code     2  lib.o(i._ZN5cList4Item6updateEv)
    cList::Item::Item(cList*)                0x080047a5   Thumb Code    28  lib.o(i._ZN5cList4ItemC1EPS_)
    cList::Item::Item__sub_object(cList*)    0x080047a5   Thumb Code     0  lib.o(i._ZN5cList4ItemC1EPS_)
    cList::updateAll()                       0x080047c5   Thumb Code    22  lib.o(i._ZN5cList9updateAllEv)
    cList::cList()                           0x080047db   Thumb Code     6  lib.o(i._ZN5cListC1Ev)
    cList::cList__sub_object()               0x080047db   Thumb Code     0  lib.o(i._ZN5cListC1Ev)
    cHwADC::isr()                            0x080047e1   Thumb Code    82  lib.o(i._ZN6cHwADC3isrEv)
    cHwADC::enable(unsigned char, unsigned char) 0x08004833   Thumb Code    78  lib.o(i._ZN6cHwADC6enableEhh)
    cHwADC::update()                         0x08004881   Thumb Code    44  lib.o(i._ZN6cHwADC6updateEv)
    cHwADC::cHwADC__sub_object(unsigned char, cHwTimer*) 0x080048ad   Thumb Code    78  lib.o(i._ZN6cHwADCC2EhP8cHwTimer)
    cHwDAC::cHwDAC__sub_object(unsigned char) 0x08004901   Thumb Code     8  lib.o(i._ZN6cHwDACC2Eh)
    cHwDSI::writeShort(unsigned char, unsigned char) 0x0800490d   Thumb Code    26  main.o(i._ZN6cHwDSI10writeShortEhh)
    cHwDSI::DisplayRefresh()                 0x0800492d   Thumb Code    12  disp_otm8009a.o(i._ZN6cHwDSI14DisplayRefreshEv)
    cHwDSI::Init(unsigned short, unsigned short, bool) 0x0800493d   Thumb Code   356  disp_otm8009a.o(i._ZN6cHwDSI4InitEttb)
    cHwDSI::writeLong(unsigned char*, unsigned) 0x08004ad1   Thumb Code    64  main.o(i._ZN6cHwDSI9writeLongEPhj)
    cHwFMC::SDRAM_Init()                     0x08004b15   Thumb Code   146  main.o(i._ZN6cHwFMC10SDRAM_InitEv)
    cHwFMC::SendCommand(unsigned, unsigned, unsigned) 0x08004bb9   Thumb Code    62  main.o(i._ZN6cHwFMC11SendCommandEjjj)
    cHwFMC::cHwFMC(cHwFMC::FMCtype, bool)    0x08004bf9   Thumb Code   510  main.o(i._ZN6cHwFMCC1ENS_7FMCtypeEb)
    cHwFMC::cHwFMC__sub_object(cHwFMC::FMCtype, bool) 0x08004bf9   Thumb Code     0  main.o(i._ZN6cHwFMCC1ENS_7FMCtypeEb)
    cHwRTC::cHwRTC__sub_object()             0x08004dfd   Thumb Code     6  lib.o(i._ZN6cHwRTCC2Ev)
    History::buttonOnPagePressed(int, int)   0x08004e09   Thumb Code    60  history.o(i._ZN7History19buttonOnPagePressedEii)
    History::drawpage()                      0x08004e59   Thumb Code   126  history.o(i._ZN7History8drawpageEv)
    History::instance()                      0x08004ef5   Thumb Code    42  pages.o(i._ZN7History8instanceEv)
    History::~History()                      0x08004f31   Thumb Code     2  pages.o(i._ZN7HistoryD1Ev)
    History::~History__sub_object()          0x08004f31   Thumb Code     0  pages.o(i._ZN7HistoryD1Ev)
    cHwPort::Pin::clr()                      0x08004f33   Thumb Code    10  lib.o(i._ZN7cHwPort3Pin3clrEv)
    cHwPort::Pin::get()                      0x08004f3d   Thumb Code    26  lib.o(i._ZN7cHwPort3Pin3getEv)
    cHwPort::Pin::set(bool)                  0x08004f57   Thumb Code    26  lib.o(i._ZN7cHwPort3Pin3setEb)
    cHwPort::Pin::set()                      0x08004f71   Thumb Code    10  lib.o(i._ZN7cHwPort3Pin3setEv)
    cHwPort::Pin::setMode(cHwPort::Mode)     0x08004f7b   Thumb Code    12  lib.o(i._ZN7cHwPort3Pin7setModeENS_4ModeE)
    cHwPort::Pin::Pin(cHwPort&, unsigned char) 0x08004f89   Thumb Code    16  lib.o(i._ZN7cHwPort3PinC1ERS_h)
    cHwPort::Pin::Pin__sub_object(cHwPort&, unsigned char) 0x08004f89   Thumb Code     0  lib.o(i._ZN7cHwPort3PinC1ERS_h)
    cSystem::delayMicroSec(unsigned short)   0x08004f9d   Thumb Code    22  lib.o(i._ZN7cSystem13delayMicroSecEt)
    cSystem::delayMilliSec(unsigned short)   0x08004fb3   Thumb Code    26  lib.o(i._ZN7cSystem13delayMilliSecEt)
    cSystem::disableWatchdog()               0x08004fcd   Thumb Code     2  lib.o(i._ZN7cSystem15disableWatchdogEv)
    cSystem::enableInterrupt()               0x08004fd1   Thumb Code    22  lib.o(i._ZN7cSystem15enableInterruptEv)
    cSystem::disableInterrupt()              0x08004fed   Thumb Code    12  lib.o(i._ZN7cSystem16disableInterruptEv)
    cSystem::cSystem(unsigned char)          0x08004ffd   Thumb Code    18  lib.o(i._ZN7cSystemC1Eh)
    cSystem::cSystem__sub_object(unsigned char) 0x08004ffd   Thumb Code     0  lib.o(i._ZN7cSystemC1Eh)
    Settings::buttonOnPagePressed(int, int)  0x08005011   Thumb Code   222  settings.o(i._ZN8Settings19buttonOnPagePressedEii)
    Settings::drawpage()                     0x080050f9   Thumb Code   300  settings.o(i._ZN8Settings8drawpageEv)
    Settings::instance()                     0x08005249   Thumb Code    42  pages.o(i._ZN8Settings8instanceEv)
    Settings::~Settings()                    0x08005285   Thumb Code     2  pages.o(i._ZN8SettingsD1Ev)
    Settings::~Settings__sub_object()        0x08005285   Thumb Code     0  pages.o(i._ZN8SettingsD1Ev)
    cHwADC_0::startCh(unsigned char)         0x08005289   Thumb Code    18  lib.o(i._ZN8cHwADC_07startChEh)
    cHwADC_0::configCh(unsigned char, unsigned char) 0x080052a1   Thumb Code    60  lib.o(i._ZN8cHwADC_08configChEhh)
    cHwADC_0::getResult()                    0x080052e1   Thumb Code     8  lib.o(i._ZN8cHwADC_09getResultEv)
    cHwADC_0::cHwADC_0(cHwTimer*)            0x080052ed   Thumb Code    64  lib.o(i._ZN8cHwADC_0C1EP8cHwTimer)
    cHwADC_0::cHwADC_0__sub_object(cHwTimer*) 0x080052ed   Thumb Code     0  lib.o(i._ZN8cHwADC_0C1EP8cHwTimer)
    cHwDAC_0::enable(unsigned char)          0x0800533d   Thumb Code    48  lib.o(i._ZN8cHwDAC_06enableEh)
    cHwDAC_0::cHwDAC_0()                     0x08005371   Thumb Code    24  lib.o(i._ZN8cHwDAC_0C1Ev)
    cHwDAC_0::cHwDAC_0__sub_object()         0x08005371   Thumb Code     0  lib.o(i._ZN8cHwDAC_0C1Ev)
    cHwRTC_0::cHwRTC_0(cHwRTC_0::RTC_ClockConfig_t) 0x08005391   Thumb Code   176  lib.o(i._ZN8cHwRTC_0C1ENS_17RTC_ClockConfig_tE)
    cHwRTC_0::cHwRTC_0__sub_object(cHwRTC_0::RTC_ClockConfig_t) 0x08005391   Thumb Code     0  lib.o(i._ZN8cHwRTC_0C1ENS_17RTC_ClockConfig_tE)
    cHwTimer::isrHandler()                   0x08005451   Thumb Code     6  lib.o(i._ZN8cHwTimer10isrHandlerEv)
    cHwTimer::getCycleTime()                 0x08005457   Thumb Code     4  lib.o(i._ZN8cHwTimer12getCycleTimeEv)
    cHwTimer::add(cList::Item*)              0x0800545b   Thumb Code     6  lib.o(i._ZN8cHwTimer3addEPN5cList4ItemE)
    cHwTouch::getPosX()                      0x08005461   Thumb Code     4  lib.o(i._ZN8cHwTouch7getPosXEv)
    cHwTouch::getPosY()                      0x08005465   Thumb Code     4  lib.o(i._ZN8cHwTouch7getPosYEv)
    cHwTouch::isTouched()                    0x08005469   Thumb Code     4  lib.o(i._ZN8cHwTouch9isTouchedEv)
    cHwTouch::cHwTouch__sub_object(unsigned short, unsigned short) 0x0800546d   Thumb Code    18  lib.o(i._ZN8cHwTouchC2Ett)
    cHwUSB_0::EndpointIN::transmitZLP()      0x08005485   Thumb Code    34  lib.o(i._ZN8cHwUSB_010EndpointIN11transmitZLPEv)
    cHwUSB_0::EndpointIN::writeToFifo()      0x080054a9   Thumb Code    84  lib.o(i._ZN8cHwUSB_010EndpointIN11writeToFifoEv)
    cHwUSB_0::EndpointIN::clrInterrupt(unsigned) 0x08005501   Thumb Code     8  lib.o(i._ZN8cHwUSB_010EndpointIN12clrInterruptEj)
    cHwUSB_0::EndpointIN::getInterrupt()     0x08005509   Thumb Code    32  lib.o(i._ZN8cHwUSB_010EndpointIN12getInterruptEv)
    cHwUSB_0::EndpointIN::config(unsigned short, unsigned char) 0x0800552d   Thumb Code    64  lib.o(i._ZN8cHwUSB_010EndpointIN6configEth)
    cHwUSB_0::EndpointIN::transmit(bool)     0x08005575   Thumb Code   106  lib.o(i._ZN8cHwUSB_010EndpointIN8transmitEb)
    cHwUSB_0::EndpointOUT::receiveZLP()      0x080055e5   Thumb Code    40  lib.o(i._ZN8cHwUSB_011EndpointOUT10receiveZLPEv)
    cHwUSB_0::EndpointOUT::clrInterrupt(unsigned) 0x0800560d   Thumb Code     8  lib.o(i._ZN8cHwUSB_011EndpointOUT12clrInterruptEj)
    cHwUSB_0::EndpointOUT::getInterrupt()    0x08005615   Thumb Code    14  lib.o(i._ZN8cHwUSB_011EndpointOUT12getInterruptEv)
    cHwUSB_0::EndpointOUT::readFromFifo(unsigned short) 0x08005629   Thumb Code    42  lib.o(i._ZN8cHwUSB_011EndpointOUT12readFromFifoEt)
    cHwUSB_0::EndpointOUT::config(unsigned short, unsigned char) 0x08005655   Thumb Code    72  lib.o(i._ZN8cHwUSB_011EndpointOUT6configEth)
    cHwUSB_0::EndpointOUT::receive()         0x080056a5   Thumb Code    78  lib.o(i._ZN8cHwUSB_011EndpointOUT7receiveEv)
    cHwUSB_0::clrInterrupt(unsigned)         0x080056f3   Thumb Code    12  lib.o(i._ZN8cHwUSB_012clrInterruptEj)
    cHwUSB_0::getInInterrupt()               0x08005701   Thumb Code    16  lib.o(i._ZN8cHwUSB_014getInInterruptEv)
    cHwUSB_0::getOutInterrupt()              0x08005715   Thumb Code    16  lib.o(i._ZN8cHwUSB_015getOutInterruptEv)
    cHwUSB_0::isInterruptPending(unsigned)   0x08005729   Thumb Code    22  lib.o(i._ZN8cHwUSB_018isInterruptPendingEj)
    cHwUSB_0::isr()                          0x08005741   Thumb Code   724  lib.o(i._ZN8cHwUSB_03isrEv)
    cHwPort_N::setPinMode(unsigned char, cHwPort::Mode) 0x08005a19   Thumb Code   122  lib.o(i._ZN9cHwPort_N10setPinModeEhN7cHwPort4ModeE)
    cHwPort_N::clr(unsigned)                 0x08005a93   Thumb Code     8  lib.o(i._ZN9cHwPort_N3clrEj)
    cHwPort_N::get()                         0x08005a9b   Thumb Code     6  lib.o(i._ZN9cHwPort_N3getEv)
    cHwPort_N::set(unsigned)                 0x08005aa1   Thumb Code     6  lib.o(i._ZN9cHwPort_N3setEj)
    cHwPort_N::cHwPort_N(cHwPort_N::PortId)  0x08005aa9   Thumb Code   164  lib.o(i._ZN9cHwPort_NC1ENS_6PortIdE)
    cHwPort_N::cHwPort_N__sub_object(cHwPort_N::PortId) 0x08005aa9   Thumb Code     0  lib.o(i._ZN9cHwPort_NC1ENS_6PortIdE)
    cHwUART_N::isr()                         0x08005b7d   Thumb Code    50  lib.o(i._ZN9cHwUART_N3isrEv)
    cHwDisplayFont::getCharWidth() const     0x08005baf   Thumb Code     6  lib.o(i._ZNK14cHwDisplayFont12getCharWidthEv)
    cHwDisplayFont::getCharHeight() const    0x08005bb5   Thumb Code     6  lib.o(i._ZNK14cHwDisplayFont13getCharHeightEv)
    operator new[] (unsigned)                0x08005bbb   Thumb Code     4  cells.o(i._Znaj)
    __ARM_fpclassify                         0x08005bbf   Thumb Code    48  fpclassify.o(i.__ARM_fpclassify)
    __cxa_guard_acquire                      0x08005bef   Thumb Code    16  cxa_guard_acquire.o(i.__cxa_guard_acquire)
    __cxa_pure_virtual                       0x08005bff   Thumb Code     4  lib.o(i.__cxa_pure_virtual)
    __hardfp_sqrtf                           0x08005c03   Thumb Code    58  sqrtf.o(i.__hardfp_sqrtf)
    _is_digit                                0x08005e75   Thumb Code    14  __printf_wp.o(i._is_digit)
    main                                     0x08005e85   Thumb Code   224  main.o(i.main)
    _get_lc_numeric                          0x08005f7d   Thumb Code    44  lc_numeric_c.o(locale$$code)
    _get_lc_ctype                            0x08005fa9   Thumb Code    44  lc_ctype_c.o(locale$$code)
    T1 RANGE<short>(T1, T1, T1)              0x08005fd5   Thumb Code    16  lib.o(t._Z5RANGEIsET_S0_S0_S0_)
    cFifo<cDevControlEncoder::tEvent>::isFull() 0x08005fe5   Thumb Code    30  lib.o(t._ZN5cFifoIN18cDevControlEncoder6tEventEE6isFullEv)
    cFifo<cDevControlEncoder::tEvent>::operator <<(const cDevControlEncoder::tEvent&) 0x08006003   Thumb Code    62  lib.o(t._ZN5cFifoIN18cDevControlEncoder6tEventEElsERKS1_)
    __aeabi_d2f                              0x08006041   Thumb Code     0  d2f.o(x$fpl$d2f)
    _d2f                                     0x08006041   Thumb Code    98  d2f.o(x$fpl$d2f)
    __aeabi_ddiv                             0x080060a5   Thumb Code     0  ddiv.o(x$fpl$ddiv)
    _ddiv                                    0x080060a5   Thumb Code   552  ddiv.o(x$fpl$ddiv)
    __aeabi_d2uiz                            0x08006355   Thumb Code     0  dfixu.o(x$fpl$dfixu)
    _dfixu                                   0x08006355   Thumb Code    90  dfixu.o(x$fpl$dfixu)
    __aeabi_ui2d                             0x080063af   Thumb Code     0  dflt_clz.o(x$fpl$dfltu)
    _dfltu                                   0x080063af   Thumb Code    38  dflt_clz.o(x$fpl$dfltu)
    __aeabi_dmul                             0x080063d5   Thumb Code     0  dmul.o(x$fpl$dmul)
    _dmul                                    0x080063d5   Thumb Code   332  dmul.o(x$fpl$dmul)
    __fpl_dnaninf                            0x08006529   Thumb Code   156  dnaninf.o(x$fpl$dnaninf)
    __fpl_dretinf                            0x080065c5   Thumb Code    12  dretinf.o(x$fpl$dretinf)
    _fp_init                                 0x080065d1   Thumb Code    10  fpinit.o(x$fpl$fpinit)
    __fplib_config_fpu_vfp                   0x080065d9   Thumb Code     0  fpinit.o(x$fpl$fpinit)
    __fplib_config_pureend_doubles           0x080065d9   Thumb Code     0  fpinit.o(x$fpl$fpinit)
    __fpl_fretinf                            0x080065db   Thumb Code    10  fretinf.o(x$fpl$fretinf)
    _printf_fp_dec                           0x080065e5   Thumb Code     4  printf1.o(x$fpl$printf1)
    __I$use$fp                               0x080065e8   Number         0  usenofp.o(x$fpl$usenofp)
    vtable for cHwDisplay                    0x08006bf0   Data          32  lib.o(.constdata__ZTV10cHwDisplay)
    vtable for cHwTimer_N                    0x08006c10   Data          28  lib.o(.constdata__ZTV10cHwTimer_N)
    vtable for cDevDigital                   0x08006c2c   Data          48  lib.o(.constdata__ZTV11cDevDigital)
    vtable for cDevAnalogIn                  0x08006c5c   Data          24  lib.o(.constdata__ZTV12cDevAnalogIn)
    vtable for cHwI2Cmaster                  0x08006c74   Data          40  lib.o(.constdata__ZTV12cHwI2Cmaster)
    vtable for cDevAnalogOut                 0x08006c9c   Data          20  lib.o(.constdata__ZTV13cDevAnalogOut)
    vtable for cHwI2Cmaster_N                0x08006cb0   Data          44  lib.o(.constdata__ZTV14cHwI2Cmaster_N)
    vtable for cDevAnalogInADC               0x08006cdc   Data          24  lib.o(.constdata__ZTV15cDevAnalogInADC)
    vtable for cHwTouch_FT6206               0x08006cf4   Data          24  touch_ft6206.o(.constdata__ZTV15cHwTouch_FT6206)
    vtable for cDevAnalogOutDAC              0x08006d0c   Data          20  lib.o(.constdata__ZTV16cDevAnalogOutDAC)
    vtable for cHwDisp_OTM8009A              0x08006d20   Data          92  disp_otm8009a.o(.constdata__ZTV16cHwDisp_OTM8009A)
    vtable for cHwDisplayGraphic             0x08006d7c   Data          92  lib.o(.constdata__ZTV17cHwDisplayGraphic)
    vtable for cDevControlEncoder            0x08006dd8   Data          20  lib.o(.constdata__ZTV18cDevControlEncoder)
    vtable for cDevControlPointer            0x08006dec   Data          12  lib.o(.constdata__ZTV18cDevControlPointer)
    vtable for cDevDisplayGraphic            0x08006df8   Data          72  lib.o(.constdata__ZTV18cDevDisplayGraphic)
    vtable for cHwDisp_OTM8009Aram           0x08006e40   Data          92  disp_otm8009a.o(.constdata__ZTV19cHwDisp_OTM8009Aram)
    vtable for cDevControlEncoderJoystick    0x08006e9c   Data          20  lib.o(.constdata__ZTV26cDevControlEncoderJoystick)
    vtable for cHwADC                        0x08006eb0   Data          40  lib.o(.constdata__ZTV6cHwADC)
    vtable for cHwDAC                        0x08006ed8   Data          20  lib.o(.constdata__ZTV6cHwDAC)
    vtable for cHwDSI                        0x08006eec   Data          16  main.o(.constdata__ZTV6cHwDSI)
    vtable for cHwRTC                        0x08006efc   Data          16  lib.o(.constdata__ZTV6cHwRTC)
    vtable for cHwADC_0                      0x08006f0c   Data          40  lib.o(.constdata__ZTV8cHwADC_0)
    vtable for cHwDAC_0                      0x08006f34   Data          20  lib.o(.constdata__ZTV8cHwDAC_0)
    vtable for cHwRTC_0                      0x08006f48   Data          16  lib.o(.constdata__ZTV8cHwRTC_0)
    vtable for cHwTimer                      0x08006f58   Data          28  lib.o(.constdata__ZTV8cHwTimer)
    vtable for cHwTouch                      0x08006f74   Data          24  lib.o(.constdata__ZTV8cHwTouch)
    vtable for cHwPort_N                     0x08006f8c   Data          32  lib.o(.constdata__ZTV9cHwPort_N)
    vtable for cHwI2Cmaster::Device          0x08006fac   Data          60  lib.o(.constdata__ZTVN12cHwI2Cmaster6DeviceE)
    vtable for cList::Item                   0x08006fe8   Data          12  lib.o(.constdata__ZTVN5cList4ItemE)
    vtable for cHwPort::Pin                  0x08006ff4   Data          28  lib.o(.constdata__ZTVN7cHwPort3PinE)
    Region$$Table$$Base                      0x08007010   Number         0  anon$$obj.o(Region$$Table)
    Region$$Table$$Limit                     0x08007030   Number         0  anon$$obj.o(Region$$Table)
    __ctype                                  0x08007059   Data           0  lc_ctype_c.o(locale$$data)
    SHT$$INIT_ARRAY$$Base                    0x0800715c   Number         0  main.o(.init_array)
    SHT$$INIT_ARRAY$$Limit                   0x08007160   Number         0  init_aeabi.o(.init_array)
    DMARxDscrTab                             0x20000000   Data         160  lib.o(.ARM.__AT_0x20000000)
    Rx_Buff                                  0x20000100   Data        7620  lib.o(.ARM.__AT_0x20000100)
    DMATxDscrTab                             0x20002000   Data         160  lib.o(.ARM.__AT_0x20002000)
    Tx_Buff                                  0x20002100   Data        7620  lib.o(.ARM.__AT_0x20002100)
    sys                                      0x20020000   Data           1  main.o(.data)
    fmc                                      0x20020001   Data           3  main.o(.data)
    disp1                                    0x20020004   Data           4  main.o(.data)
    rtc                                      0x20020008   Data           4  main.o(.data)
    portA                                    0x2002000c   Data           8  main.o(.data)
    portB                                    0x20020014   Data           8  main.o(.data)
    portC                                    0x2002001c   Data           8  main.o(.data)
    portD                                    0x20020024   Data           8  main.o(.data)
    portE                                    0x2002002c   Data           8  main.o(.data)
    portF                                    0x20020034   Data           8  main.o(.data)
    portI                                    0x2002003c   Data           8  main.o(.data)
    portJ                                    0x20020044   Data           8  main.o(.data)
    dacHw                                    0x2002004c   Data           8  main.o(.data)
    hwDSI                                    0x20020054   Data           8  main.o(.data)
    disp                                     0x2002005c   Data           8  main.o(.data)
    cHwPinConfig::table                      0x20020064   Data         276  main.o(.data)
    iButtons_cor_M                           0x20020178   Data         100  menue.o(.data)
    iButtons_cor_S                           0x200201dc   Data         100  settings.o(.data)
    cSystem::cntInterrupt                    0x20020240   Data           1  lib.o(.data)
    cHwRTOS_MCU::schedule                    0x20020244   Data           4  lib.o(.data)
    cHwRTOS_MCU::sysTic                      0x20020248   Data           4  lib.o(.data)
    cHwADC_0::adcPtr                         0x2002024c   Data           4  lib.o(.data)
    cHwTimer_N::timerPtr_1                   0x20020250   Data           4  lib.o(.data)
    cHwTimer_N::timerPtr_2                   0x20020254   Data           4  lib.o(.data)
    cHwTimer_N::timerPtr_3                   0x20020258   Data           4  lib.o(.data)
    cHwTimer_N::timerPtr_4                   0x2002025c   Data           4  lib.o(.data)
    cHwTimer_N::timerPtr_5                   0x20020260   Data           4  lib.o(.data)
    cHwTimer_N::timerPtr_7                   0x20020264   Data           4  lib.o(.data)
    cHwTimer_N::timerPtr_8                   0x20020268   Data           4  lib.o(.data)
    cHwTimer_N::timerPtr_9                   0x2002026c   Data           4  lib.o(.data)
    cHwTimer_N::timerPtr_10                  0x20020270   Data           4  lib.o(.data)
    cHwTimer_N::timerPtr_11                  0x20020274   Data           4  lib.o(.data)
    cHwTimer_N::timerPtr_14                  0x20020278   Data           4  lib.o(.data)
    cHwUART_N::uartPtr_1                     0x2002027c   Data           4  lib.o(.data)
    cHwUART_N::uartPtr_2                     0x20020280   Data           4  lib.o(.data)
    cHwUART_N::uartPtr_3                     0x20020284   Data           4  lib.o(.data)
    cHwUART_N::uartPtr_4                     0x20020288   Data           4  lib.o(.data)
    cHwUART_N::uartPtr_5                     0x2002028c   Data           4  lib.o(.data)
    cHwUART_N::uartPtr_6                     0x20020290   Data           4  lib.o(.data)
    cHwUSB_0::usbPtr                         0x20020294   Data           4  lib.o(.data)
    DMATxDescToSet                           0x200202a0   Data           4  lib.o(.data)
    DMARxDescToGet                           0x200202a4   Data           4  lib.o(.data)
    DMA_RX_FRAME_infos                       0x200202a8   Data           4  lib.o(.data)
    guard variable for Game_Settings::instance()::_instance 0x200202b4   Data           4  game_settings.o(.data__ZZN13Game_Settings8instanceEvE9_instance)
    Game_Settings::instance()::_instance     0x200202b8   Data           8  game_settings.o(.data__ZZN13Game_Settings8instanceEvE9_instance)
    guard variable for Menue::instance()::_instance 0x200202c0   Data           4  pages.o(.data__ZZN5Menue8instanceEvE9_instance)
    Menue::instance()::_instance             0x200202c4   Data           8  pages.o(.data__ZZN5Menue8instanceEvE9_instance)
    guard variable for Pages::instance()::_instance 0x200202cc   Data           4  main.o(.data__ZZN5Pages8instanceEvE9_instance)
    Pages::instance()::_instance             0x200202d0   Data           8  main.o(.data__ZZN5Pages8instanceEvE9_instance)
    guard variable for Style::instance()::_instance 0x200202d8   Data           4  main.o(.data__ZZN5Style8instanceEvE9_instance)
    guard variable for History::instance()::_instance 0x200202dc   Data           4  pages.o(.data__ZZN7History8instanceEvE9_instance)
    History::instance()::_instance           0x200202e0   Data           8  pages.o(.data__ZZN7History8instanceEvE9_instance)
    guard variable for Settings::instance()::_instance 0x200202e8   Data           4  pages.o(.data__ZZN8Settings8instanceEvE9_instance)
    Settings::instance()::_instance          0x200202ec   Data           8  pages.o(.data__ZZN8Settings8instanceEvE9_instance)
    timer                                    0x200202f4   Data          24  main.o(.bss)
    timerSlow                                0x2002030c   Data          24  main.o(.bss)
    adcHw                                    0x20020324   Data          32  main.o(.bss)
    adcA                                     0x20020344   Data          20  main.o(.bss)
    dacA                                     0x20020358   Data          20  main.o(.bss)
    lcdResetPin                              0x2002036c   Data          16  main.o(.bss)
    dispHw                                   0x2002037c   Data          72  main.o(.bss)
    i2c                                      0x200203c4   Data          12  main.o(.bss)
    touch                                    0x200203d0   Data          28  main.o(.bss)
    pointer                                  0x200203ec   Data          32  main.o(.bss)
    btnRight                                 0x2002040c   Data          24  main.o(.bss)
    btnLeft                                  0x20020424   Data          24  main.o(.bss)
    btnCtrl                                  0x2002043c   Data          24  main.o(.bss)
    enc                                      0x20020454   Data          32  main.o(.bss)
    btn                                      0x20020474   Data          24  main.o(.bss)
    led                                      0x2002048c   Data          24  main.o(.bss)
    _random_number_data                      0x200204a4   Data         228  rand.o(.bss)
    __libspace_start                         0x20020588   Data          96  libspace.o(.bss)
    Style::instance()::_instance             0x200205e8   Data         100  main.o(.bss__ZZN5Style8instanceEvE9_instance)
    __temporary_stack_top$libspace           0x200205e8   Data           0  libspace.o(.bss)



==============================================================================

Memory Map of the image

  Image Entry point : 0x080001f9

  Load Region LR_IROM1 (Base: 0x08000000, Size: 0x00007454, Max: 0x00200000, ABSOLUTE, COMPRESSED[0x000072b8])

    Execution Region ER_IROM1 (Exec base: 0x08000000, Load base: 0x08000000, Size: 0x00007160, Max: 0x00200000, ABSOLUTE)

    Exec Addr    Load Addr    Size         Type   Attr      Idx    E Section Name        Object

    0x08000000   0x08000000   0x000001f8   Data   RO         5287    RESET               startup_stm32f769xx.o
    0x080001f8   0x080001f8   0x00000008   Code   RO         6215  * !!!main             c_w.l(__main.o)
    0x08000200   0x08000200   0x00000034   Code   RO         6816    !!!scatter          c_w.l(__scatter.o)
    0x08000234   0x08000234   0x0000005a   Code   RO         6814    !!dczerorl2         c_w.l(__dczerorl2.o)
    0x0800028e   0x0800028e   0x00000002   PAD
    0x08000290   0x08000290   0x0000001c   Code   RO         6818    !!handler_zi        c_w.l(__scatter_zi.o)
    0x080002ac   0x080002ac   0x00000000   Code   RO         6496    .ARM.Collect$$_printf_percent$$00000000  c_w.l(_printf_percent.o)
    0x080002ac   0x080002ac   0x00000006   Code   RO         6485    .ARM.Collect$$_printf_percent$$00000001  c_w.l(_printf_n.o)
    0x080002b2   0x080002b2   0x00000006   Code   RO         6487    .ARM.Collect$$_printf_percent$$00000002  c_w.l(_printf_p.o)
    0x080002b8   0x080002b8   0x00000006   Code   RO         6492    .ARM.Collect$$_printf_percent$$00000003  c_w.l(_printf_f.o)
    0x080002be   0x080002be   0x00000006   Code   RO         6493    .ARM.Collect$$_printf_percent$$00000004  c_w.l(_printf_e.o)
    0x080002c4   0x080002c4   0x00000006   Code   RO         6494    .ARM.Collect$$_printf_percent$$00000005  c_w.l(_printf_g.o)
    0x080002ca   0x080002ca   0x00000006   Code   RO         6495    .ARM.Collect$$_printf_percent$$00000006  c_w.l(_printf_a.o)
    0x080002d0   0x080002d0   0x0000000a   Code   RO         6500    .ARM.Collect$$_printf_percent$$00000007  c_w.l(_printf_ll.o)
    0x080002da   0x080002da   0x00000006   Code   RO         6489    .ARM.Collect$$_printf_percent$$00000008  c_w.l(_printf_i.o)
    0x080002e0   0x080002e0   0x00000006   Code   RO         6490    .ARM.Collect$$_printf_percent$$00000009  c_w.l(_printf_d.o)
    0x080002e6   0x080002e6   0x00000006   Code   RO         6491    .ARM.Collect$$_printf_percent$$0000000A  c_w.l(_printf_u.o)
    0x080002ec   0x080002ec   0x00000006   Code   RO         6488    .ARM.Collect$$_printf_percent$$0000000B  c_w.l(_printf_o.o)
    0x080002f2   0x080002f2   0x00000006   Code   RO         6486    .ARM.Collect$$_printf_percent$$0000000C  c_w.l(_printf_x.o)
    0x080002f8   0x080002f8   0x00000006   Code   RO         6497    .ARM.Collect$$_printf_percent$$0000000D  c_w.l(_printf_lli.o)
    0x080002fe   0x080002fe   0x00000006   Code   RO         6498    .ARM.Collect$$_printf_percent$$0000000E  c_w.l(_printf_lld.o)
    0x08000304   0x08000304   0x00000006   Code   RO         6499    .ARM.Collect$$_printf_percent$$0000000F  c_w.l(_printf_llu.o)
    0x0800030a   0x0800030a   0x00000006   Code   RO         6504    .ARM.Collect$$_printf_percent$$00000010  c_w.l(_printf_llo.o)
    0x08000310   0x08000310   0x00000006   Code   RO         6505    .ARM.Collect$$_printf_percent$$00000011  c_w.l(_printf_llx.o)
    0x08000316   0x08000316   0x0000000a   Code   RO         6501    .ARM.Collect$$_printf_percent$$00000012  c_w.l(_printf_l.o)
    0x08000320   0x08000320   0x00000006   Code   RO         6483    .ARM.Collect$$_printf_percent$$00000013  c_w.l(_printf_c.o)
    0x08000326   0x08000326   0x00000006   Code   RO         6484    .ARM.Collect$$_printf_percent$$00000014  c_w.l(_printf_s.o)
    0x0800032c   0x0800032c   0x00000006   Code   RO         6502    .ARM.Collect$$_printf_percent$$00000015  c_w.l(_printf_lc.o)
    0x08000332   0x08000332   0x00000006   Code   RO         6503    .ARM.Collect$$_printf_percent$$00000016  c_w.l(_printf_ls.o)
    0x08000338   0x08000338   0x00000004   Code   RO         6639    .ARM.Collect$$_printf_percent$$00000017  c_w.l(_printf_percent_end.o)
    0x0800033c   0x0800033c   0x00000002   Code   RO         6756    .ARM.Collect$$libinit$$00000000  c_w.l(libinit.o)
    0x0800033e   0x0800033e   0x00000004   Code   RO         6517    .ARM.Collect$$libinit$$00000001  c_w.l(libinit2.o)
    0x08000342   0x08000342   0x00000000   Code   RO         6520    .ARM.Collect$$libinit$$00000004  c_w.l(libinit2.o)
    0x08000342   0x08000342   0x00000008   Code   RO         6521    .ARM.Collect$$libinit$$00000005  c_w.l(libinit2.o)
    0x0800034a   0x0800034a   0x00000000   Code   RO         6523    .ARM.Collect$$libinit$$0000000A  c_w.l(libinit2.o)
    0x0800034a   0x0800034a   0x00000000   Code   RO         6525    .ARM.Collect$$libinit$$0000000C  c_w.l(libinit2.o)
    0x0800034a   0x0800034a   0x00000004   Code   RO         6526    .ARM.Collect$$libinit$$0000000D  c_w.l(libinit2.o)
    0x0800034e   0x0800034e   0x00000000   Code   RO         6527    .ARM.Collect$$libinit$$0000000E  c_w.l(libinit2.o)
    0x0800034e   0x0800034e   0x00000006   Code   RO         6528    .ARM.Collect$$libinit$$0000000F  c_w.l(libinit2.o)
    0x08000354   0x08000354   0x00000000   Code   RO         6530    .ARM.Collect$$libinit$$00000011  c_w.l(libinit2.o)
    0x08000354   0x08000354   0x0000000c   Code   RO         6531    .ARM.Collect$$libinit$$00000012  c_w.l(libinit2.o)
    0x08000360   0x08000360   0x00000000   Code   RO         6532    .ARM.Collect$$libinit$$00000013  c_w.l(libinit2.o)
    0x08000360   0x08000360   0x00000000   Code   RO         6534    .ARM.Collect$$libinit$$00000015  c_w.l(libinit2.o)
    0x08000360   0x08000360   0x0000000a   Code   RO         6535    .ARM.Collect$$libinit$$00000016  c_w.l(libinit2.o)
    0x0800036a   0x0800036a   0x00000000   Code   RO         6536    .ARM.Collect$$libinit$$00000017  c_w.l(libinit2.o)
    0x0800036a   0x0800036a   0x00000000   Code   RO         6538    .ARM.Collect$$libinit$$00000019  c_w.l(libinit2.o)
    0x0800036a   0x0800036a   0x00000000   Code   RO         6540    .ARM.Collect$$libinit$$0000001B  c_w.l(libinit2.o)
    0x0800036a   0x0800036a   0x00000000   Code   RO         6542    .ARM.Collect$$libinit$$0000001D  c_w.l(libinit2.o)
    0x0800036a   0x0800036a   0x00000000   Code   RO         6544    .ARM.Collect$$libinit$$0000001F  c_w.l(libinit2.o)
    0x0800036a   0x0800036a   0x00000000   Code   RO         6546    .ARM.Collect$$libinit$$00000021  c_w.l(libinit2.o)
    0x0800036a   0x0800036a   0x00000000   Code   RO         6548    .ARM.Collect$$libinit$$00000023  c_w.l(libinit2.o)
    0x0800036a   0x0800036a   0x00000000   Code   RO         6550    .ARM.Collect$$libinit$$00000025  c_w.l(libinit2.o)
    0x0800036a   0x0800036a   0x00000000   Code   RO         6554    .ARM.Collect$$libinit$$0000002C  c_w.l(libinit2.o)
    0x0800036a   0x0800036a   0x00000000   Code   RO         6556    .ARM.Collect$$libinit$$0000002E  c_w.l(libinit2.o)
    0x0800036a   0x0800036a   0x00000000   Code   RO         6558    .ARM.Collect$$libinit$$00000030  c_w.l(libinit2.o)
    0x0800036a   0x0800036a   0x00000004   Code   RO         6559    .ARM.Collect$$libinit$$00000031  c_w.l(libinit2.o)
    0x0800036e   0x0800036e   0x00000000   Code   RO         6560    .ARM.Collect$$libinit$$00000032  c_w.l(libinit2.o)
    0x0800036e   0x0800036e   0x00000002   Code   RO         6561    .ARM.Collect$$libinit$$00000033  c_w.l(libinit2.o)
    0x08000370   0x08000370   0x00000002   Code   RO         6811    .ARM.Collect$$libshutdown$$00000000  c_w.l(libshutdown.o)
    0x08000372   0x08000372   0x00000006   Code   RO         6655    .ARM.Collect$$libshutdown$$00000001  c_w.l(libshutdown2.o)
    0x08000378   0x08000378   0x00000000   Code   RO         6656    .ARM.Collect$$libshutdown$$00000002  c_w.l(libshutdown2.o)
    0x08000378   0x08000378   0x00000000   Code   RO         6658    .ARM.Collect$$libshutdown$$00000004  c_w.l(libshutdown2.o)
    0x08000378   0x08000378   0x00000000   Code   RO         6661    .ARM.Collect$$libshutdown$$00000007  c_w.l(libshutdown2.o)
    0x08000378   0x08000378   0x00000000   Code   RO         6664    .ARM.Collect$$libshutdown$$0000000A  c_w.l(libshutdown2.o)
    0x08000378   0x08000378   0x00000000   Code   RO         6666    .ARM.Collect$$libshutdown$$0000000C  c_w.l(libshutdown2.o)
    0x08000378   0x08000378   0x00000000   Code   RO         6669    .ARM.Collect$$libshutdown$$0000000F  c_w.l(libshutdown2.o)
    0x08000378   0x08000378   0x00000002   Code   RO         6670    .ARM.Collect$$libshutdown$$00000010  c_w.l(libshutdown2.o)
    0x0800037a   0x0800037a   0x00000000   Code   RO         6376    .ARM.Collect$$rtentry$$00000000  c_w.l(__rtentry.o)
    0x0800037a   0x0800037a   0x00000000   Code   RO         6596    .ARM.Collect$$rtentry$$00000002  c_w.l(__rtentry2.o)
    0x0800037a   0x0800037a   0x00000006   Code   RO         6608    .ARM.Collect$$rtentry$$00000004  c_w.l(__rtentry4.o)
    0x08000380   0x08000380   0x00000000   Code   RO         6598    .ARM.Collect$$rtentry$$00000009  c_w.l(__rtentry2.o)
    0x08000380   0x08000380   0x00000004   Code   RO         6599    .ARM.Collect$$rtentry$$0000000A  c_w.l(__rtentry2.o)
    0x08000384   0x08000384   0x00000000   Code   RO         6601    .ARM.Collect$$rtentry$$0000000C  c_w.l(__rtentry2.o)
    0x08000384   0x08000384   0x00000008   Code   RO         6602    .ARM.Collect$$rtentry$$0000000D  c_w.l(__rtentry2.o)
    0x0800038c   0x0800038c   0x00000002   Code   RO         6773    .ARM.Collect$$rtexit$$00000000  c_w.l(rtexit.o)
    0x0800038e   0x0800038e   0x00000000   Code   RO         6791    .ARM.Collect$$rtexit$$00000002  c_w.l(rtexit2.o)
    0x0800038e   0x0800038e   0x00000004   Code   RO         6792    .ARM.Collect$$rtexit$$00000003  c_w.l(rtexit2.o)
    0x08000392   0x08000392   0x00000006   Code   RO         6793    .ARM.Collect$$rtexit$$00000004  c_w.l(rtexit2.o)
    0x08000398   0x08000398   0x00000034   Code   RO         6188    .emb_text           c_w.l(rand.o)
    0x080003cc   0x080003cc   0x00000000   Code   RO         6621    .emb_text           c_w.l(maybetermalloc1.o)
    0x080003cc   0x080003cc   0x0000002c   Code   RO         5281    .text               rtoscontext.o
    0x080003f8   0x080003f8   0x00000040   Code   RO         5288    .text               startup_stm32f769xx.o
    0x08000438   0x08000438   0x0000005e   Code   RO         6124    .text               c_w.l(h1_alloc.o)
    0x08000496   0x08000496   0x0000004e   Code   RO         6126    .text               c_w.l(h1_free.o)
    0x080004e4   0x080004e4   0x00000024   Code   RO         6184    .text               c_w.l(c89vsprintf.o)
    0x08000508   0x08000508   0x0000003c   Code   RO         6189    .text               c_w.l(rand.o)
    0x08000544   0x08000544   0x00000016   Code   RO         6193    .text               c_w.l(abort.o)
    0x0800055a   0x0800055a   0x0000002e   Code   RO         6198    .text               c_w.l(aeabi_atexit.o)
    0x08000588   0x08000588   0x0000003e   Code   RO         6205    .text               c_w.l(strlen.o)
    0x080005c6   0x080005c6   0x00000064   Code   RO         6209    .text               c_w.l(rt_memcpy_w.o)
    0x0800062a   0x0800062a   0x00000006   Code   RO         6213    .text               c_w.l(heapauxi.o)
    0x08000630   0x08000630   0x00000024   Code   RO         6220    .text               c_w.l(init_aeabi.o)
    0x08000654   0x08000654   0x0000000c   Code   RO         6372    .text               c_w.l(sys_exit.o)
    0x08000660   0x08000660   0x00000008   Code   RO         6384    .text               c_w.l(rt_heap_descriptor_intlibspace.o)
    0x08000668   0x08000668   0x00000008   Code   RO         6389    .text               c_w.l(rt_ddtor_pointer_addr_intlibspace.o)
    0x08000670   0x08000670   0x00000004   Code   RO         6391    .text               c_w.l(hguard.o)
    0x08000674   0x08000674   0x0000008a   Code   RO         6393    .text               c_w.l(init_alloc.o)
    0x080006fe   0x080006fe   0x0000000e   Code   RO         6397    .text               c_w.l(h1_init.o)
    0x0800070c   0x0800070c   0x00000016   Code   RO         6411    .text               c_w.l(_rserrno.o)
    0x08000722   0x08000722   0x0000004e   Code   RO         6415    .text               c_w.l(_printf_pad.o)
    0x08000770   0x08000770   0x00000024   Code   RO         6417    .text               c_w.l(_printf_truncate.o)
    0x08000794   0x08000794   0x00000052   Code   RO         6419    .text               c_w.l(_printf_str.o)
    0x080007e6   0x080007e6   0x00000002   PAD
    0x080007e8   0x080007e8   0x00000078   Code   RO         6421    .text               c_w.l(_printf_dec.o)
    0x08000860   0x08000860   0x00000028   Code   RO         6423    .text               c_w.l(_printf_charcount.o)
    0x08000888   0x08000888   0x00000030   Code   RO         6425    .text               c_w.l(_printf_char_common.o)
    0x080008b8   0x080008b8   0x0000000a   Code   RO         6427    .text               c_w.l(_sputc.o)
    0x080008c2   0x080008c2   0x00000002   PAD
    0x080008c4   0x080008c4   0x000000bc   Code   RO         6431    .text               c_w.l(_printf_wctomb.o)
    0x08000980   0x08000980   0x0000007c   Code   RO         6434    .text               c_w.l(_printf_longlong_dec.o)
    0x080009fc   0x080009fc   0x00000070   Code   RO         6440    .text               c_w.l(_printf_oct_int_ll.o)
    0x08000a6c   0x08000a6c   0x00000094   Code   RO         6460    .text               c_w.l(_printf_hex_int_ll_ptr.o)
    0x08000b00   0x08000b00   0x00000188   Code   RO         6480    .text               c_w.l(__printf_flags_ss_wp.o)
    0x08000c88   0x08000c88   0x00000042   Code   RO         6506    .text               c_w.l(cxa_finalize.o)
    0x08000cca   0x08000cca   0x0000000e   Code   RO         6509    .text               c_w.l(defsig_abrt_outer.o)
    0x08000cd8   0x08000cd8   0x00000008   Code   RO         6589    .text               c_w.l(libspace.o)
    0x08000ce0   0x08000ce0   0x00000002   Code   RO         6592    .text               c_w.l(use_no_semi.o)
    0x08000ce2   0x08000ce2   0x00000000   Code   RO         6594    .text               c_w.l(indicate_semi.o)
    0x08000ce2   0x08000ce2   0x00000002   PAD
    0x08000ce4   0x08000ce4   0x00000008   Code   RO         6617    .text               c_w.l(rt_errno_addr_intlibspace.o)
    0x08000cec   0x08000cec   0x00000034   Code   RO         6623    .text               c_w.l(h1_extend.o)
    0x08000d20   0x08000d20   0x0000008a   Code   RO         6627    .text               c_w.l(lludiv10.o)
    0x08000daa   0x08000daa   0x000000b2   Code   RO         6629    .text               c_w.l(_printf_intcommon.o)
    0x08000e5c   0x08000e5c   0x0000041e   Code   RO         6631    .text               c_w.l(_printf_fp_dec.o)
    0x0800127a   0x0800127a   0x0000002c   Code   RO         6635    .text               c_w.l(_printf_char.o)
    0x080012a6   0x080012a6   0x0000002c   Code   RO         6637    .text               c_w.l(_printf_wchar.o)
    0x080012d2   0x080012d2   0x00000040   Code   RO         6640    .text               c_w.l(_wcrtomb.o)
    0x08001312   0x08001312   0x0000000a   Code   RO         6642    .text               c_w.l(defsig_exit.o)
    0x0800131c   0x0800131c   0x00000030   Code   RO         6644    .text               c_w.l(defsig_abrt_inner.o)
    0x0800134c   0x0800134c   0x0000000e   Code   RO         6646    .text               c_w.l(defsig_rtmem_outer.o)
    0x0800135a   0x0800135a   0x0000004a   Code   RO         6689    .text               c_w.l(sys_stackheap_outer.o)
    0x080013a4   0x080013a4   0x00000010   Code   RO         6691    .text               c_w.l(rt_ctype_table.o)
    0x080013b4   0x080013b4   0x00000008   Code   RO         6696    .text               c_w.l(rt_locale_intlibspace.o)
    0x080013bc   0x080013bc   0x00000080   Code   RO         6705    .text               c_w.l(_printf_fp_infnan.o)
    0x0800143c   0x0800143c   0x000000e4   Code   RO         6707    .text               c_w.l(bigflt0.o)
    0x08001520   0x08001520   0x00000012   Code   RO         6735    .text               c_w.l(exit.o)
    0x08001532   0x08001532   0x00000032   Code   RO         6739    .text               c_w.l(defsig_general.o)
    0x08001564   0x08001564   0x00000050   Code   RO         6745    .text               c_w.l(defsig_rtmem_inner.o)
    0x080015b4   0x080015b4   0x0000000e   Code   RO         6771    .text               c_w.l(sys_wrch.o)
    0x080015c2   0x080015c2   0x00000002   PAD
    0x080015c4   0x080015c4   0x00000068   Code   RO         6788    .text               c_w.l(strcmpv7m_pel.o)
    0x0800162c   0x0800162c   0x0000003e   Code   RO         6710    CL$$btod_d2e        c_w.l(btod.o)
    0x0800166a   0x0800166a   0x00000046   Code   RO         6712    CL$$btod_d2e_denorm_low  c_w.l(btod.o)
    0x080016b0   0x080016b0   0x00000060   Code   RO         6711    CL$$btod_d2e_norm_op1  c_w.l(btod.o)
    0x08001710   0x08001710   0x00000338   Code   RO         6720    CL$$btod_div_common  c_w.l(btod.o)
    0x08001a48   0x08001a48   0x000000dc   Code   RO         6717    CL$$btod_e2e        c_w.l(btod.o)
    0x08001b24   0x08001b24   0x0000002a   Code   RO         6714    CL$$btod_ediv       c_w.l(btod.o)
    0x08001b4e   0x08001b4e   0x0000002a   Code   RO         6713    CL$$btod_emul       c_w.l(btod.o)
    0x08001b78   0x08001b78   0x00000244   Code   RO         6719    CL$$btod_mult_common  c_w.l(btod.o)
    0x08001dbc   0x08001dbc   0x0000001c   Code   RO         1222    i.ADC_IRQHandler    lib.o
    0x08001dd8   0x08001dd8   0x0000001c   Code   RO         1223    i.OTG_FS_IRQHandler  lib.o
    0x08001df4   0x08001df4   0x0000002c   Code   RO         1224    i.PendSV_Handler    lib.o
    0x08001e20   0x08001e20   0x0000003c   Code   RO         1225    i.SysTick_Handler   lib.o
    0x08001e5c   0x08001e5c   0x0000019c   Code   RO         1226    i.SystemInit        lib.o
    0x08001ff8   0x08001ff8   0x00000034   Code   RO         1227    i.TIM1_UP_TIM10_IRQHandler  lib.o
    0x0800202c   0x0800202c   0x0000000c   Code   RO         1228    i.TIM2_IRQHandler   lib.o
    0x08002038   0x08002038   0x0000000c   Code   RO         1229    i.TIM3_IRQHandler   lib.o
    0x08002044   0x08002044   0x0000000c   Code   RO         1230    i.TIM4_IRQHandler   lib.o
    0x08002050   0x08002050   0x0000000c   Code   RO         1231    i.TIM5_IRQHandler   lib.o
    0x0800205c   0x0800205c   0x0000000c   Code   RO         1232    i.TIM7_IRQHandler   lib.o
    0x08002068   0x08002068   0x0000000c   Code   RO         1233    i.TIM8_CC_IRQHandler  lib.o
    0x08002074   0x08002074   0x0000000c   Code   RO         1234    i.UART4_IRQHandler  lib.o
    0x08002080   0x08002080   0x0000000c   Code   RO         1235    i.UART5_IRQHandler  lib.o
    0x0800208c   0x0800208c   0x0000000c   Code   RO         1236    i.USART1_IRQHandler  lib.o
    0x08002098   0x08002098   0x0000000c   Code   RO         1237    i.USART2_IRQHandler  lib.o
    0x080020a4   0x080020a4   0x0000000c   Code   RO         1238    i.USART3_IRQHandler  lib.o
    0x080020b0   0x080020b0   0x0000000c   Code   RO         1239    i.USART6_IRQHandler  lib.o
    0x080020bc   0x080020bc   0x0000001a   Code   RO         1240    i._Z16__NVIC_EnableIRQ9IRQn_Type  lib.o
    0x080020d6   0x080020d6   0x0000002a   Code   RO          536    i._ZN10Controller12getGameStateEv  controller.o
    0x08002100   0x08002100   0x00000044   Code   RO          537    i._ZN10Controller6aiMoveEv  controller.o
    0x08002144   0x08002144   0x000000a2   Code   RO          538    i._ZN10Controller7controlEss  controller.o
    0x080021e6   0x080021e6   0x00000020   Code   RO          539    i._ZN10ControllerC1E5Cells5Field  controller.o
    0x08002206   0x08002206   0x0000000c   Code   RO         1246    i._ZN10cDevAnalogC1Ehff  lib.o
    0x08002212   0x08002212   0x00000002   PAD
    0x08002214   0x08002214   0x00000010   Code   RO         1257    i._ZN10cHwDisplayC2Ehh  lib.o
    0x08002224   0x08002224   0x0000000c   Code   RO         1258    i._ZN10cHwTimer_N5isr_NEv  lib.o
    0x08002230   0x08002230   0x00000210   Code   RO         1261    i._ZN10cHwTimer_NC1ENS_7TimerIdEj  lib.o
    0x08002440   0x08002440   0x0000001a   Code   RO         1275    i._ZN11cDevDigital3getEv  lib.o
    0x0800245a   0x0800245a   0x00000026   Code   RO         4229    i._ZN11cDevDigital8getEventEv  lib.o
    0x08002480   0x08002480   0x0000003c   Code   RO         1278    i._ZN11cDevDigitalC1ER7cHwPorthNS_4ModeEb  lib.o
    0x080024bc   0x080024bc   0x00000024   Code   RO         1290    i._ZN12cDevAnalogInC2Ehff  lib.o
    0x080024e0   0x080024e0   0x000000aa   Code   RO         1291    i._ZN12cHwI2Cmaster4readEhPhhS0_h  lib.o
    0x0800258a   0x0800258a   0x00000022   Code   RO         1295    i._ZN12cHwI2Cmaster6Device4readEhPhh  lib.o
    0x080025ac   0x080025ac   0x0000000a   Code   RO         1305    i._ZN12cHwI2Cmaster6Device7isErrorEv  lib.o
    0x080025b6   0x080025b6   0x00000002   PAD
    0x080025b8   0x080025b8   0x00000010   Code   RO         1306    i._ZN12cHwI2CmasterC2Eh  lib.o
    0x080025c8   0x080025c8   0x00000064   Code   RO         1307    i._ZN12cHwPinConfig3setENS_8FunctionEj  lib.o
    0x0800262c   0x0800262c   0x0000008e   Code   RO         1308    i._ZN12cHwPinConfig3setEP12GPIO_TypeDefhjh  lib.o
    0x080026ba   0x080026ba   0x00000002   PAD
    0x080026bc   0x080026bc   0x0000009c   Code   RO          876    i._ZN13Game_Settings8drawpageEv  game_settings.o
    0x08002758   0x08002758   0x00000002   Code   RO          903    i._ZN13Game_SettingsD1Ev  game_settings.o
    0x0800275a   0x0800275a   0x00000002   PAD
    0x0800275c   0x0800275c   0x0000003c   Code   RO         1321    i._ZN13cDevAnalogOutC2Ehff  lib.o
    0x08002798   0x08002798   0x00000022   Code   RO         1328    i._ZN14cHwDisplayFont7setCharEh  lib.o
    0x080027ba   0x080027ba   0x0000002c   Code   RO         1329    i._ZN14cHwDisplayFont8getPixelEhh  lib.o
    0x080027e6   0x080027e6   0x00000008   Code   RO         1330    i._ZN14cHwDisplayFontC1EPK24cHwDisplayFontPropertiesPKh  lib.o
    0x080027ee   0x080027ee   0x00000004   Code   RO         3967    i._ZN14cHwI2Cmaster_N11readByteAckEv  lib.o
    0x080027f2   0x080027f2   0x00000004   Code   RO         3973    i._ZN14cHwI2Cmaster_N12readByteNackEv  lib.o
    0x080027f6   0x080027f6   0x000000a6   Code   RO         1331    i._ZN14cHwI2Cmaster_N4readEhPhhS0_h  lib.o
    0x0800289c   0x0800289c   0x00000002   Code   RO         3949    i._ZN14cHwI2Cmaster_N4stopEv  lib.o
    0x0800289e   0x0800289e   0x00000002   Code   RO         3943    i._ZN14cHwI2Cmaster_N5startEv  lib.o
    0x080028a0   0x080028a0   0x00000002   Code   RO         3955    i._ZN14cHwI2Cmaster_N8sendAddrEh  lib.o
    0x080028a2   0x080028a2   0x00000002   Code   RO         3961    i._ZN14cHwI2Cmaster_N9writeByteEh  lib.o
    0x080028a4   0x080028a4   0x00000144   Code   RO         1333    i._ZN14cHwI2Cmaster_NC1ENS_6I2C_IDEN12cHwI2Cmaster4MODEEh  lib.o
    0x080029e8   0x080029e8   0x00000028   Code   RO         1352    i._ZN15cDevAnalogInADCC1ER6cHwADChffh  lib.o
    0x08002a10   0x08002a10   0x0000005a   Code   RO         6064    i._ZN15cHwTouch_FT62066updateEv  touch_ft6206.o
    0x08002a6a   0x08002a6a   0x00000002   PAD
    0x08002a6c   0x08002a6c   0x00000030   Code   RO         6065    i._ZN15cHwTouch_FT6206C1ER12cHwI2Cmaster  touch_ft6206.o
    0x08002a9c   0x08002a9c   0x00000024   Code   RO         1379    i._ZN16cDevAnalogOutDACC1ER6cHwDAChff  lib.o
    0x08002ac0   0x08002ac0   0x00000860   Code   RO         5714    i._ZN16cHwDisp_OTM8009A4initEv  disp_otm8009a.o
    0x08003320   0x08003320   0x00000078   Code   RO         5820    i._ZN16cHwDisp_OTM8009AC2ER6cHwDSIRN7cHwPort3PinENS_11OrientationE14cHwDisplayFonth  disp_otm8009a.o
    0x08003398   0x08003398   0x00000006   Code   RO         1383    i._ZN17cHwDisplayGraphic12gotoPixelPosEtt  lib.o
    0x0800339e   0x0800339e   0x00000040   Code   RO         1384    i._ZN17cHwDisplayGraphic12putRectangleEtttt  lib.o
    0x080033de   0x080033de   0x00000004   Code   RO         1385    i._ZN17cHwDisplayGraphic12setBackColorEt  lib.o
    0x080033e2   0x080033e2   0x00000004   Code   RO         1386    i._ZN17cHwDisplayGraphic12setTextColorEt  lib.o
    0x080033e6   0x080033e6   0x00000004   Code   RO         1387    i._ZN17cHwDisplayGraphic13setPaintColorEt  lib.o
    0x080033ea   0x080033ea   0x000000be   Code   RO         1388    i._ZN17cHwDisplayGraphic7putCharEc  lib.o
    0x080034a8   0x080034a8   0x00000002   Code   RO         4283    i._ZN17cHwDisplayGraphic7refreshEv  lib.o
    0x080034aa   0x080034aa   0x00000014   Code   RO         1391    i._ZN17cHwDisplayGraphic8putPixelEtt  lib.o
    0x080034be   0x080034be   0x00000002   PAD
    0x080034c0   0x080034c0   0x0000003c   Code   RO         1393    i._ZN17cHwDisplayGraphicC2E14cHwDisplayFonth  lib.o
    0x080034fc   0x080034fc   0x00000070   Code   RO         1404    i._ZN18cDevControlEncoder6updateEv  lib.o
    0x0800356c   0x0800356c   0x00000022   Code   RO         1405    i._ZN18cDevControlEncoder7getCtrlEv  lib.o
    0x0800358e   0x0800358e   0x00000002   PAD
    0x08003590   0x08003590   0x00000040   Code   RO         1406    i._ZN18cDevControlEncoderC2EP11cDevDigitalP8cHwTimer  lib.o
    0x080035d0   0x080035d0   0x000000ec   Code   RO         1407    i._ZN18cDevControlPointer3getEv  lib.o
    0x080036bc   0x080036bc   0x00000018   Code   RO         1408    i._ZN18cDevControlPointerC1ER8cHwTouch  lib.o
    0x080036d4   0x080036d4   0x0000008a   Code   RO         1410    i._ZN18cDevDisplayGraphic10drawCircleEtttt  lib.o
    0x0800375e   0x0800375e   0x00000008   Code   RO         1411    i._ZN18cDevDisplayGraphic12setBackColorEt  lib.o
    0x08003766   0x08003766   0x00000008   Code   RO         1412    i._ZN18cDevDisplayGraphic12setTextColorEt  lib.o
    0x0800376e   0x0800376e   0x00000030   Code   RO         1413    i._ZN18cDevDisplayGraphic13drawRectangleEttttt  lib.o
    0x0800379e   0x0800379e   0x00000008   Code   RO         1415    i._ZN18cDevDisplayGraphic5clearEv  lib.o
    0x080037a6   0x080037a6   0x00000008   Code   RO         1417    i._ZN18cDevDisplayGraphic7refreshEv  lib.o
    0x080037ae   0x080037ae   0x0000015e   Code   RO         1420    i._ZN18cDevDisplayGraphic8drawLineEtttttt  lib.o
    0x0800390c   0x0800390c   0x00000026   Code   RO         1421    i._ZN18cDevDisplayGraphic8drawTextEttPKc  lib.o
    0x08003932   0x08003932   0x00000056   Code   RO         1422    i._ZN18cDevDisplayGraphic8drawTextEtthPKcz  lib.o
    0x08003988   0x08003988   0x00000070   Code   RO         1423    i._ZN18cDevDisplayGraphic9drawFrameEtttttt  lib.o
    0x080039f8   0x080039f8   0x00000024   Code   RO         1424    i._ZN18cDevDisplayGraphic9drawPixelEttt  lib.o
    0x08003a1c   0x08003a1c   0x00000018   Code   RO         1425    i._ZN18cDevDisplayGraphicC1ER17cHwDisplayGraphic  lib.o
    0x08003a34   0x08003a34   0x00000022   Code   RO         5721    i._ZN19cHwDisp_OTM8009Aram5clearEv  disp_otm8009a.o
    0x08003a56   0x08003a56   0x00000006   Code   RO         5722    i._ZN19cHwDisp_OTM8009Aram7refreshEv  disp_otm8009a.o
    0x08003a5c   0x08003a5c   0x00000026   Code   RO         5723    i._ZN19cHwDisp_OTM8009Aram7setAreaEtttt  disp_otm8009a.o
    0x08003a82   0x08003a82   0x00000034   Code   RO         5724    i._ZN19cHwDisp_OTM8009Aram8setPixelEt  disp_otm8009a.o
    0x08003ab6   0x08003ab6   0x00000016   Code   RO         5725    i._ZN19cHwDisp_OTM8009Aram8setPixelEttt  disp_otm8009a.o
    0x08003acc   0x08003acc   0x000000dc   Code   RO         5726    i._ZN19cHwDisp_OTM8009AramC1ER6cHwDSIRN7cHwPort3PinEN16cHwDisp_OTM8009A11OrientationE14cHwDisplayFonth  disp_otm8009a.o
    0x08003ba8   0x08003ba8   0x00000062   Code   RO         1431    i._ZN26cDevControlEncoderJoystick12getIncrementEv  lib.o
    0x08003c0a   0x08003c0a   0x00000002   PAD
    0x08003c0c   0x08003c0c   0x00000054   Code   RO         1432    i._ZN26cDevControlEncoderJoystickC1EP11cDevDigitalS1_S1_P8cHwTimert  lib.o
    0x08003c60   0x08003c60   0x00000050   Code   RO          842    i._ZN4Game11ttt_classicEss  game.o
    0x08003cb0   0x08003cb0   0x00000044   Code   RO          843    i._ZN4GameC1Es10Controller5Field  game.o
    0x08003cf4   0x08003cf4   0x0000015a   Code   RO          579    i._ZN5Cells13rowIsCompleteEv  cells.o
    0x08003e4e   0x08003e4e   0x00000002   PAD
    0x08003e50   0x08003e50   0x00000044   Code   RO          580    i._ZN5Cells15initializeCellsEv  cells.o
    0x08003e94   0x08003e94   0x00000096   Code   RO          581    i._ZN5Cells21initializeDefaultRowsEv  cells.o
    0x08003f2a   0x08003f2a   0x00000014   Code   RO          582    i._ZN5CellsC1Ev     cells.o
    0x08003f3e   0x08003f3e   0x00000002   PAD
    0x08003f40   0x08003f40   0x0000005c   Code   RO          441    i._ZN5Field9drawFieldEv  field.o
    0x08003f9c   0x08003f9c   0x00000078   Code   RO          442    i._ZN5Field9drawTokenE5Token  field.o
    0x08004014   0x08004014   0x0000004c   Code   RO          962    i._ZN5Menue19buttonOnPagePressedEii  menue.o
    0x08004060   0x08004060   0x00000144   Code   RO          963    i._ZN5Menue8drawpageEv  menue.o
    0x080041a4   0x080041a4   0x0000003c   Code   RO         1070    i._ZN5Menue8instanceEv  pages.o
    0x080041e0   0x080041e0   0x00000002   Code   RO         1088    i._ZN5MenueD1Ev     pages.o
    0x080041e2   0x080041e2   0x00000002   PAD
    0x080041e4   0x080041e4   0x00000098   Code   RO         1006    i._ZN5Pages10siteHeaderEssssPc  pages.o
    0x0800427c   0x0800427c   0x000001e8   Code   RO         1007    i._ZN5Pages11draw_buttonEssssssssssPc  pages.o
    0x08004464   0x08004464   0x00000114   Code   RO         1008    i._ZN5Pages20display_current_pageEii  pages.o
    0x08004578   0x08004578   0x0000003c   Code   RO          990    i._ZN5Pages8instanceEv  menue.o
    0x080045b4   0x080045b4   0x00000038   Code   RO         1010    i._ZN5Pages9isPressedEiiPA5_si  pages.o
    0x080045ec   0x080045ec   0x0000000a   Code   RO         1011    i._ZN5PagesC1Ev     pages.o
    0x080045f6   0x080045f6   0x00000002   Code   RO           59    i._ZN5PagesD1Ev     main.o
    0x080045f8   0x080045f8   0x000000c4   Code   RO         1169    i._ZN5Style22changeActiveColorThemeEs  style.o
    0x080046bc   0x080046bc   0x0000003c   Code   RO           35    i._ZN5Style8instanceEv  main.o
    0x080046f8   0x080046f8   0x00000074   Code   RO         1170    i._ZN5StyleC1Ev     style.o
    0x0800476c   0x0800476c   0x00000002   Code   RO           53    i._ZN5StyleD1Ev     main.o
    0x0800476e   0x0800476e   0x00000012   Code   RO          515    i._ZN5TokenC1E11coordinatess  token.o
    0x08004780   0x08004780   0x00000022   Code   RO         1439    i._ZN5cList3addEPNS_4ItemE  lib.o
    0x080047a2   0x080047a2   0x00000002   Code   RO         4567    i._ZN5cList4Item6updateEv  lib.o
    0x080047a4   0x080047a4   0x00000020   Code   RO         1442    i._ZN5cList4ItemC1EPS_  lib.o
    0x080047c4   0x080047c4   0x00000016   Code   RO         1444    i._ZN5cList9updateAllEv  lib.o
    0x080047da   0x080047da   0x00000006   Code   RO         1445    i._ZN5cListC1Ev     lib.o
    0x080047e0   0x080047e0   0x00000052   Code   RO         3866    i._ZN6cHwADC3isrEv  lib.o
    0x08004832   0x08004832   0x0000004e   Code   RO         1447    i._ZN6cHwADC6enableEhh  lib.o
    0x08004880   0x08004880   0x0000002c   Code   RO         3859    i._ZN6cHwADC6updateEv  lib.o
    0x080048ac   0x080048ac   0x00000054   Code   RO         1448    i._ZN6cHwADCC2EhP8cHwTimer  lib.o
    0x08004900   0x08004900   0x0000000c   Code   RO         1449    i._ZN6cHwDACC2Eh    lib.o
    0x0800490c   0x0800490c   0x00000020   Code   RO           78    i._ZN6cHwDSI10writeShortEhh  main.o
    0x0800492c   0x0800492c   0x00000010   Code   RO         5827    i._ZN6cHwDSI14DisplayRefreshEv  disp_otm8009a.o
    0x0800493c   0x0800493c   0x00000194   Code   RO         5814    i._ZN6cHwDSI4InitEttb  disp_otm8009a.o
    0x08004ad0   0x08004ad0   0x00000044   Code   RO           84    i._ZN6cHwDSI9writeLongEPhj  main.o
    0x08004b14   0x08004b14   0x000000a4   Code   RO           65    i._ZN6cHwFMC10SDRAM_InitEv  main.o
    0x08004bb8   0x08004bb8   0x0000003e   Code   RO           41    i._ZN6cHwFMC11SendCommandEjjj  main.o
    0x08004bf6   0x08004bf6   0x00000002   PAD
    0x08004bf8   0x08004bf8   0x00000204   Code   RO           47    i._ZN6cHwFMCC1ENS_7FMCtypeEb  main.o
    0x08004dfc   0x08004dfc   0x0000000c   Code   RO         1450    i._ZN6cHwRTCC2Ev    lib.o
    0x08004e08   0x08004e08   0x00000050   Code   RO          924    i._ZN7History19buttonOnPagePressedEii  history.o
    0x08004e58   0x08004e58   0x0000009c   Code   RO          925    i._ZN7History8drawpageEv  history.o
    0x08004ef4   0x08004ef4   0x0000003c   Code   RO         1064    i._ZN7History8instanceEv  pages.o
    0x08004f30   0x08004f30   0x00000002   Code   RO         1082    i._ZN7HistoryD1Ev   pages.o
    0x08004f32   0x08004f32   0x0000000a   Code   RO         3923    i._ZN7cHwPort3Pin3clrEv  lib.o
    0x08004f3c   0x08004f3c   0x0000001a   Code   RO         3930    i._ZN7cHwPort3Pin3getEv  lib.o
    0x08004f56   0x08004f56   0x0000001a   Code   RO         3746    i._ZN7cHwPort3Pin3setEb  lib.o
    0x08004f70   0x08004f70   0x0000000a   Code   RO         3916    i._ZN7cHwPort3Pin3setEv  lib.o
    0x08004f7a   0x08004f7a   0x0000000c   Code   RO         3909    i._ZN7cHwPort3Pin7setModeENS_4ModeE  lib.o
    0x08004f86   0x08004f86   0x00000002   PAD
    0x08004f88   0x08004f88   0x00000014   Code   RO         1465    i._ZN7cHwPort3PinC1ERS_h  lib.o
    0x08004f9c   0x08004f9c   0x00000016   Code   RO         1514    i._ZN7cSystem13delayMicroSecEt  lib.o
    0x08004fb2   0x08004fb2   0x0000001a   Code   RO         1515    i._ZN7cSystem13delayMilliSecEt  lib.o
    0x08004fcc   0x08004fcc   0x00000002   Code   RO         1517    i._ZN7cSystem15disableWatchdogEv  lib.o
    0x08004fce   0x08004fce   0x00000002   PAD
    0x08004fd0   0x08004fd0   0x0000001c   Code   RO         1518    i._ZN7cSystem15enableInterruptEv  lib.o
    0x08004fec   0x08004fec   0x00000010   Code   RO         1519    i._ZN7cSystem16disableInterruptEv  lib.o
    0x08004ffc   0x08004ffc   0x00000012   Code   RO         1524    i._ZN7cSystemC1Eh   lib.o
    0x0800500e   0x0800500e   0x00000002   PAD
    0x08005010   0x08005010   0x000000e8   Code   RO         1130    i._ZN8Settings19buttonOnPagePressedEii  settings.o
    0x080050f8   0x080050f8   0x00000150   Code   RO         1131    i._ZN8Settings8drawpageEv  settings.o
    0x08005248   0x08005248   0x0000003c   Code   RO         1058    i._ZN8Settings8instanceEv  pages.o
    0x08005284   0x08005284   0x00000002   Code   RO         1076    i._ZN8SettingsD1Ev  pages.o
    0x08005286   0x08005286   0x00000002   PAD
    0x08005288   0x08005288   0x00000018   Code   RO         3879    i._ZN8cHwADC_07startChEh  lib.o
    0x080052a0   0x080052a0   0x00000040   Code   RO         1525    i._ZN8cHwADC_08configChEhh  lib.o
    0x080052e0   0x080052e0   0x0000000c   Code   RO         3873    i._ZN8cHwADC_09getResultEv  lib.o
    0x080052ec   0x080052ec   0x00000050   Code   RO         1526    i._ZN8cHwADC_0C1EP8cHwTimer  lib.o
    0x0800533c   0x0800533c   0x00000034   Code   RO         4585    i._ZN8cHwDAC_06enableEh  lib.o
    0x08005370   0x08005370   0x00000020   Code   RO         1527    i._ZN8cHwDAC_0C1Ev  lib.o
    0x08005390   0x08005390   0x000000c0   Code   RO         1530    i._ZN8cHwRTC_0C1ENS_17RTC_ClockConfig_tE  lib.o
    0x08005450   0x08005450   0x00000006   Code   RO         3841    i._ZN8cHwTimer10isrHandlerEv  lib.o
    0x08005456   0x08005456   0x00000004   Code   RO         1531    i._ZN8cHwTimer12getCycleTimeEv  lib.o
    0x0800545a   0x0800545a   0x00000006   Code   RO         1532    i._ZN8cHwTimer3addEPN5cList4ItemE  lib.o
    0x08005460   0x08005460   0x00000004   Code   RO         4648    i._ZN8cHwTouch7getPosXEv  lib.o
    0x08005464   0x08005464   0x00000004   Code   RO         4654    i._ZN8cHwTouch7getPosYEv  lib.o
    0x08005468   0x08005468   0x00000004   Code   RO         4660    i._ZN8cHwTouch9isTouchedEv  lib.o
    0x0800546c   0x0800546c   0x00000018   Code   RO         1533    i._ZN8cHwTouchC2Ett  lib.o
    0x08005484   0x08005484   0x00000022   Code   RO         1534    i._ZN8cHwUSB_010EndpointIN11transmitZLPEv  lib.o
    0x080054a6   0x080054a6   0x00000002   PAD
    0x080054a8   0x080054a8   0x00000058   Code   RO         1535    i._ZN8cHwUSB_010EndpointIN11writeToFifoEv  lib.o
    0x08005500   0x08005500   0x00000008   Code   RO         1536    i._ZN8cHwUSB_010EndpointIN12clrInterruptEj  lib.o
    0x08005508   0x08005508   0x00000024   Code   RO         1537    i._ZN8cHwUSB_010EndpointIN12getInterruptEv  lib.o
    0x0800552c   0x0800552c   0x00000048   Code   RO         1543    i._ZN8cHwUSB_010EndpointIN6configEth  lib.o
    0x08005574   0x08005574   0x00000070   Code   RO         1546    i._ZN8cHwUSB_010EndpointIN8transmitEb  lib.o
    0x080055e4   0x080055e4   0x00000028   Code   RO         1551    i._ZN8cHwUSB_011EndpointOUT10receiveZLPEv  lib.o
    0x0800560c   0x0800560c   0x00000008   Code   RO         1552    i._ZN8cHwUSB_011EndpointOUT12clrInterruptEj  lib.o
    0x08005614   0x08005614   0x00000014   Code   RO         1553    i._ZN8cHwUSB_011EndpointOUT12getInterruptEv  lib.o
    0x08005628   0x08005628   0x0000002a   Code   RO         1554    i._ZN8cHwUSB_011EndpointOUT12readFromFifoEt  lib.o
    0x08005652   0x08005652   0x00000002   PAD
    0x08005654   0x08005654   0x00000050   Code   RO         1560    i._ZN8cHwUSB_011EndpointOUT6configEth  lib.o
    0x080056a4   0x080056a4   0x0000004e   Code   RO         1561    i._ZN8cHwUSB_011EndpointOUT7receiveEv  lib.o
    0x080056f2   0x080056f2   0x0000000c   Code   RO         1565    i._ZN8cHwUSB_012clrInterruptEj  lib.o
    0x080056fe   0x080056fe   0x00000002   PAD
    0x08005700   0x08005700   0x00000014   Code   RO         1566    i._ZN8cHwUSB_014getInInterruptEv  lib.o
    0x08005714   0x08005714   0x00000014   Code   RO         1567    i._ZN8cHwUSB_015getOutInterruptEv  lib.o
    0x08005728   0x08005728   0x00000016   Code   RO         1568    i._ZN8cHwUSB_018isInterruptPendingEj  lib.o
    0x0800573e   0x0800573e   0x00000002   PAD
    0x08005740   0x08005740   0x000002d8   Code   RO         3739    i._ZN8cHwUSB_03isrEv  lib.o
    0x08005a18   0x08005a18   0x0000007a   Code   RO         1586    i._ZN9cHwPort_N10setPinModeEhN7cHwPort4ModeE  lib.o
    0x08005a92   0x08005a92   0x00000008   Code   RO         4017    i._ZN9cHwPort_N3clrEj  lib.o
    0x08005a9a   0x08005a9a   0x00000006   Code   RO         4023    i._ZN9cHwPort_N3getEv  lib.o
    0x08005aa0   0x08005aa0   0x00000006   Code   RO         4005    i._ZN9cHwPort_N3setEj  lib.o
    0x08005aa6   0x08005aa6   0x00000002   PAD
    0x08005aa8   0x08005aa8   0x000000d4   Code   RO         1588    i._ZN9cHwPort_NC1ENS_6PortIdE  lib.o
    0x08005b7c   0x08005b7c   0x00000032   Code   RO         1589    i._ZN9cHwUART_N3isrEv  lib.o
    0x08005bae   0x08005bae   0x00000006   Code   RO         1591    i._ZNK14cHwDisplayFont12getCharWidthEv  lib.o
    0x08005bb4   0x08005bb4   0x00000006   Code   RO         1592    i._ZNK14cHwDisplayFont13getCharHeightEv  lib.o
    0x08005bba   0x08005bba   0x00000004   Code   RO          616    i._Znaj             cells.o
    0x08005bbe   0x08005bbe   0x00000030   Code   RO         6769    i.__ARM_fpclassify  m_wm.l(fpclassify.o)
    0x08005bee   0x08005bee   0x00000010   Code   RO         6223    i.__cxa_guard_acquire  cpprt_w.l(cxa_guard_acquire.o)
    0x08005bfe   0x08005bfe   0x00000004   Code   RO         1594    i.__cxa_pure_virtual  lib.o
    0x08005c02   0x08005c02   0x0000003a   Code   RO         6360    i.__hardfp_sqrtf    m_wm.l(sqrtf.o)
    0x08005c3c   0x08005c3c   0x00000238   Code   RO            4    i.__sti___8_main_cpp_sys  main.o
    0x08005e74   0x08005e74   0x0000000e   Code   RO         6473    i._is_digit         c_w.l(__printf_wp.o)
    0x08005e82   0x08005e82   0x00000002   PAD
    0x08005e84   0x08005e84   0x000000f8   Code   RO            5    i.main              main.o
    0x08005f7c   0x08005f7c   0x0000002c   Code   RO         6733    locale$$code        c_w.l(lc_numeric_c.o)
    0x08005fa8   0x08005fa8   0x0000002c   Code   RO         6780    locale$$code        c_w.l(lc_ctype_c.o)
    0x08005fd4   0x08005fd4   0x00000010   Code   RO         3835    t._Z5RANGEIsET_S0_S0_S0_  lib.o
    0x08005fe4   0x08005fe4   0x0000001e   Code   RO         4307    t._ZN5cFifoIN18cDevControlEncoder6tEventEE6isFullEv  lib.o
    0x08006002   0x08006002   0x0000003e   Code   RO         3823    t._ZN5cFifoIN18cDevControlEncoder6tEventEElsERKS1_  lib.o
    0x08006040   0x08006040   0x00000062   Code   RO         6338    x$fpl$d2f           fz_wm.l(d2f.o)
    0x080060a2   0x080060a2   0x00000002   PAD
    0x080060a4   0x080060a4   0x000002b0   Code   RO         6341    x$fpl$ddiv          fz_wm.l(ddiv.o)
    0x08006354   0x08006354   0x0000005a   Code   RO         6348    x$fpl$dfixu         fz_wm.l(dfixu.o)
    0x080063ae   0x080063ae   0x00000026   Code   RO         6352    x$fpl$dfltu         fz_wm.l(dflt_clz.o)
    0x080063d4   0x080063d4   0x00000154   Code   RO         6358    x$fpl$dmul          fz_wm.l(dmul.o)
    0x08006528   0x08006528   0x0000009c   Code   RO         6578    x$fpl$dnaninf       fz_wm.l(dnaninf.o)
    0x080065c4   0x080065c4   0x0000000c   Code   RO         6580    x$fpl$dretinf       fz_wm.l(dretinf.o)
    0x080065d0   0x080065d0   0x0000000a   Code   RO         6687    x$fpl$fpinit        fz_wm.l(fpinit.o)
    0x080065da   0x080065da   0x0000000a   Code   RO         6582    x$fpl$fretinf       fz_wm.l(fretinf.o)
    0x080065e4   0x080065e4   0x00000004   Code   RO         6584    x$fpl$printf1       fz_wm.l(printf1.o)
    0x080065e8   0x080065e8   0x00000000   Code   RO         6586    x$fpl$usenofp       fz_wm.l(usenofp.o)
    0x080065e8   0x080065e8   0x00000485   Data   RO            9    .constdata          main.o
    0x08006a6d   0x08006a6d   0x00000003   PAD
    0x08006a70   0x08006a70   0x0000006c   Data   RO          587    .constdata          cells.o
    0x08006adc   0x08006adc   0x0000003c   Data   RO         1973    .constdata          lib.o
    0x08006b18   0x08006b18   0x00000008   Data   RO         6432    .constdata          c_w.l(_printf_wctomb.o)
    0x08006b20   0x08006b20   0x00000028   Data   RO         6461    .constdata          c_w.l(_printf_hex_int_ll_ptr.o)
    0x08006b48   0x08006b48   0x00000011   Data   RO         6481    .constdata          c_w.l(__printf_flags_ss_wp.o)
    0x08006b59   0x08006b59   0x00000003   PAD
    0x08006b5c   0x08006b5c   0x00000094   Data   RO         6708    .constdata          c_w.l(bigflt0.o)
    0x08006bf0   0x08006bf0   0x00000020   Data   RO         4421    .constdata__ZTV10cHwDisplay  lib.o
    0x08006c10   0x08006c10   0x0000001c   Data   RO         3696    .constdata__ZTV10cHwTimer_N  lib.o
    0x08006c2c   0x08006c2c   0x00000030   Data   RO         3680    .constdata__ZTV11cDevDigital  lib.o
    0x08006c5c   0x08006c5c   0x00000018   Data   RO         4454    .constdata__ZTV12cDevAnalogIn  lib.o
    0x08006c74   0x08006c74   0x00000028   Data   RO         3662    .constdata__ZTV12cHwI2Cmaster  lib.o
    0x08006c9c   0x08006c9c   0x00000014   Data   RO         3716    .constdata__ZTV13cDevAnalogOut  lib.o
    0x08006cb0   0x08006cb0   0x0000002c   Data   RO         3664    .constdata__ZTV14cHwI2Cmaster_N  lib.o
    0x08006cdc   0x08006cdc   0x00000018   Data   RO         3714    .constdata__ZTV15cDevAnalogInADC  lib.o
    0x08006cf4   0x08006cf4   0x00000018   Data   RO         6089    .constdata__ZTV15cHwTouch_FT6206  touch_ft6206.o
    0x08006d0c   0x08006d0c   0x00000014   Data   RO         3718    .constdata__ZTV16cDevAnalogOutDAC  lib.o
    0x08006d20   0x08006d20   0x0000005c   Data   RO         5834    .constdata__ZTV16cHwDisp_OTM8009A  disp_otm8009a.o
    0x08006d7c   0x08006d7c   0x0000005c   Data   RO         3684    .constdata__ZTV17cHwDisplayGraphic  lib.o
    0x08006dd8   0x08006dd8   0x00000014   Data   RO         3728    .constdata__ZTV18cDevControlEncoder  lib.o
    0x08006dec   0x08006dec   0x0000000c   Data   RO         3734    .constdata__ZTV18cDevControlPointer  lib.o
    0x08006df8   0x08006df8   0x00000048   Data   RO         3686    .constdata__ZTV18cDevDisplayGraphic  lib.o
    0x08006e40   0x08006e40   0x0000005c   Data   RO         5813    .constdata__ZTV19cHwDisp_OTM8009Aram  disp_otm8009a.o
    0x08006e9c   0x08006e9c   0x00000014   Data   RO         3730    .constdata__ZTV26cDevControlEncoderJoystick  lib.o
    0x08006eb0   0x08006eb0   0x00000028   Data   RO         3688    .constdata__ZTV6cHwADC  lib.o
    0x08006ed8   0x08006ed8   0x00000014   Data   RO         4429    .constdata__ZTV6cHwDAC  lib.o
    0x08006eec   0x08006eec   0x00000010   Data   RO           72    .constdata__ZTV6cHwDSI  main.o
    0x08006efc   0x08006efc   0x00000010   Data   RO         4412    .constdata__ZTV6cHwRTC  lib.o
    0x08006f0c   0x08006f0c   0x00000028   Data   RO         3690    .constdata__ZTV8cHwADC_0  lib.o
    0x08006f34   0x08006f34   0x00000014   Data   RO         4431    .constdata__ZTV8cHwDAC_0  lib.o
    0x08006f48   0x08006f48   0x00000010   Data   RO         3694    .constdata__ZTV8cHwRTC_0  lib.o
    0x08006f58   0x08006f58   0x0000001c   Data   RO         3654    .constdata__ZTV8cHwTimer  lib.o
    0x08006f74   0x08006f74   0x00000018   Data   RO         4445    .constdata__ZTV8cHwTouch  lib.o
    0x08006f8c   0x08006f8c   0x00000020   Data   RO         3666    .constdata__ZTV9cHwPort_N  lib.o
    0x08006fac   0x08006fac   0x0000003c   Data   RO         3660    .constdata__ZTVN12cHwI2Cmaster6DeviceE  lib.o
    0x08006fe8   0x08006fe8   0x0000000c   Data   RO         4408    .constdata__ZTVN5cList4ItemE  lib.o
    0x08006ff4   0x08006ff4   0x0000001c   Data   RO         4410    .constdata__ZTVN7cHwPort3PinE  lib.o
    0x08007010   0x08007010   0x00000020   Data   RO         6812    Region$$Table       anon$$obj.o
    0x08007030   0x08007030   0x0000001c   Data   RO         6732    locale$$data        c_w.l(lc_numeric_c.o)
    0x0800704c   0x0800704c   0x00000110   Data   RO         6779    locale$$data        c_w.l(lc_ctype_c.o)
    0x0800715c   0x0800715c   0x00000004   Data   RO           12    .init_array         main.o
    0x08007160   0x0800715c   0x00000000   Data   RO         6218    .init_array         c_w.l(init_aeabi.o)


    Execution Region RW_IRAM1 (Exec base: 0x20020000, Load base: 0x08007160, Size: 0x00002650, Max: 0x00005c00, ABSOLUTE, COMPRESSED[0x00000158])

    Exec Addr    Load Addr    Size         Type   Attr      Idx    E Section Name        Object

    0x20020000   COMPRESSED   0x00000064   Data   RW           10    .data               main.o
    0x20020064   COMPRESSED   0x00000114   Data   RW           11    .data               main.o
    0x20020178   COMPRESSED   0x00000064   Data   RW          966    .data               menue.o
    0x200201dc   COMPRESSED   0x00000064   Data   RW         1134    .data               settings.o
    0x20020240   COMPRESSED   0x00000074   Data   RW         1974    .data               lib.o
    0x200202b4   COMPRESSED   0x0000000c   Data   RW          909    .data__ZZN13Game_Settings8instanceEvE9_instance  game_settings.o
    0x200202c0   COMPRESSED   0x0000000c   Data   RW         1094    .data__ZZN5Menue8instanceEvE9_instance  pages.o
    0x200202cc   COMPRESSED   0x0000000c   Data   RW           73    .data__ZZN5Pages8instanceEvE9_instance  main.o
    0x200202d8   COMPRESSED   0x00000004   Data   RW           74    .data__ZZN5Style8instanceEvE9_instance  main.o
    0x200202dc   COMPRESSED   0x0000000c   Data   RW         1096    .data__ZZN7History8instanceEvE9_instance  pages.o
    0x200202e8   COMPRESSED   0x0000000c   Data   RW         1095    .data__ZZN8Settings8instanceEvE9_instance  pages.o
    0x200202f4        -       0x000001b0   Zero   RW            8    .bss                main.o
    0x200204a4        -       0x000000e4   Zero   RW         6190    .bss                c_w.l(rand.o)
    0x20020588        -       0x00000060   Zero   RW         6590    .bss                c_w.l(libspace.o)
    0x200205e8        -       0x00000064   Zero   RW           75    .bss__ZZN5Style8instanceEvE9_instance  main.o
    0x2002064c   COMPRESSED   0x00000004   PAD
    0x20020650        -       0x00001000   Zero   RW         5286    HEAP                startup_stm32f769xx.o
    0x20021650        -       0x00001000   Zero   RW         5285    STACK               startup_stm32f769xx.o



  Load Region LR$$.ARM.__AT_0x20000000 (Base: 0x20000000, Size: 0x00000000, Max: 0x000000a0, ABSOLUTE)

    Execution Region ER$$.ARM.__AT_0x20000000 (Exec base: 0x20000000, Load base: 0x20000000, Size: 0x000000a0, Max: 0x000000a0, ABSOLUTE, UNINIT)

    Exec Addr    Load Addr    Size         Type   Attr      Idx    E Section Name        Object

    0x20000000        -       0x000000a0   Zero   RW         1595    .ARM.__AT_0x20000000  lib.o



  Load Region LR$$.ARM.__AT_0x20000100 (Base: 0x20000100, Size: 0x00000000, Max: 0x00001dc4, ABSOLUTE)

    Execution Region ER$$.ARM.__AT_0x20000100 (Exec base: 0x20000100, Load base: 0x20000100, Size: 0x00001dc4, Max: 0x00001dc4, ABSOLUTE, UNINIT)

    Exec Addr    Load Addr    Size         Type   Attr      Idx    E Section Name        Object

    0x20000100        -       0x00001dc4   Zero   RW         1596    .ARM.__AT_0x20000100  lib.o



  Load Region LR$$.ARM.__AT_0x20002000 (Base: 0x20002000, Size: 0x00000000, Max: 0x000000a0, ABSOLUTE)

    Execution Region ER$$.ARM.__AT_0x20002000 (Exec base: 0x20002000, Load base: 0x20002000, Size: 0x000000a0, Max: 0x000000a0, ABSOLUTE, UNINIT)

    Exec Addr    Load Addr    Size         Type   Attr      Idx    E Section Name        Object

    0x20002000        -       0x000000a0   Zero   RW         1597    .ARM.__AT_0x20002000  lib.o



  Load Region LR$$.ARM.__AT_0x20002100 (Base: 0x20002100, Size: 0x00000000, Max: 0x00001dc4, ABSOLUTE)

    Execution Region ER$$.ARM.__AT_0x20002100 (Exec base: 0x20002100, Load base: 0x20002100, Size: 0x00001dc4, Max: 0x00001dc4, ABSOLUTE, UNINIT)

    Exec Addr    Load Addr    Size         Type   Attr      Idx    E Section Name        Object

    0x20002100        -       0x00001dc4   Zero   RW         1598    .ARM.__AT_0x20002100  lib.o


==============================================================================

Image component sizes


      Code (inc. data)   RO Data    RW Data    ZI Data      Debug   Object Name

       588          4        108          0          0       3433   cells.o
       304          0          0          0          0       2624   controller.o
      3056        432        184          0          0      21804   disp_otm8009a.o
       212          8          0          0          0       3036   field.o
       148          8          0          0          0       1264   game.o
       158         20          0         12          0       1808   game_settings.o
       236         50          0          0          0       1820   history.o
      7672        530        892        116      15560     217174   lib.o
      1722        108       1177        392        532     858813   main.o
       460         80          0        100          0       3556   menue.o
      1168         90          0         36          0      10737   pages.o
         0          0          0          0          0     787800   rtos.o
        44          0          0          0          0        480   rtoscontext.o
       568         46          0        100          0       3200   settings.o
        64         26        504          0       8192        888   startup_stm32f769xx.o
       312         22          0          0          0       1596   style.o
        18          0          0          0          0       1232   token.o
       138          8         24          0          0       4264   touch_ft6206.o

    ----------------------------------------------------------------------
     16910       1432       2924        756      24288    1925529   Object Totals
         0          0         32          0          0          0   (incl. Generated)
        42          0          3          0          4          0   (incl. Padding)

    ----------------------------------------------------------------------

      Code (inc. data)   RO Data    RW Data    ZI Data      Debug   Library Member Name

        90          0          0          0          0          0   __dczerorl2.o
         8          0          0          0          0         68   __main.o
       392          4         17          0          0         92   __printf_flags_ss_wp.o
        14          0          0          0          0         68   __printf_wp.o
         0          0          0          0          0          0   __rtentry.o
        12          0          0          0          0          0   __rtentry2.o
         6          0          0          0          0          0   __rtentry4.o
        52          8          0          0          0          0   __scatter.o
        28          0          0          0          0          0   __scatter_zi.o
         6          0          0          0          0          0   _printf_a.o
         6          0          0          0          0          0   _printf_c.o
        44          0          0          0          0        108   _printf_char.o
        48          6          0          0          0         96   _printf_char_common.o
        40          0          0          0          0         68   _printf_charcount.o
         6          0          0          0          0          0   _printf_d.o
       120         16          0          0          0         92   _printf_dec.o
         6          0          0          0          0          0   _printf_e.o
         6          0          0          0          0          0   _printf_f.o
      1054          0          0          0          0        216   _printf_fp_dec.o
       128         16          0          0          0         84   _printf_fp_infnan.o
         6          0          0          0          0          0   _printf_g.o
       148          4         40          0          0        160   _printf_hex_int_ll_ptr.o
         6          0          0          0          0          0   _printf_i.o
       178          0          0          0          0         88   _printf_intcommon.o
        10          0          0          0          0          0   _printf_l.o
         6          0          0          0          0          0   _printf_lc.o
        10          0          0          0          0          0   _printf_ll.o
         6          0          0          0          0          0   _printf_lld.o
         6          0          0          0          0          0   _printf_lli.o
         6          0          0          0          0          0   _printf_llo.o
         6          0          0          0          0          0   _printf_llu.o
         6          0          0          0          0          0   _printf_llx.o
       124         16          0          0          0         92   _printf_longlong_dec.o
         6          0          0          0          0          0   _printf_ls.o
         6          0          0          0          0          0   _printf_n.o
         6          0          0          0          0          0   _printf_o.o
       112         10          0          0          0        124   _printf_oct_int_ll.o
         6          0          0          0          0          0   _printf_p.o
        78          0          0          0          0        108   _printf_pad.o
         0          0          0          0          0          0   _printf_percent.o
         4          0          0          0          0          0   _printf_percent_end.o
         6          0          0          0          0          0   _printf_s.o
        82          0          0          0          0         80   _printf_str.o
        36          0          0          0          0         84   _printf_truncate.o
         6          0          0          0          0          0   _printf_u.o
        44          0          0          0          0        108   _printf_wchar.o
       188          6          8          0          0         92   _printf_wctomb.o
         6          0          0          0          0          0   _printf_x.o
        22          0          0          0          0        100   _rserrno.o
        10          0          0          0          0         68   _sputc.o
        64          0          0          0          0         92   _wcrtomb.o
        22          0          0          0          0         80   abort.o
        46          0          0          0          0         84   aeabi_atexit.o
       228          4        148          0          0         96   bigflt0.o
      1936        128          0          0          0        672   btod.o
        36          4          0          0          0         76   c89vsprintf.o
        66          0          0          0          0         84   cxa_finalize.o
        48         34          0          0          0         76   defsig_abrt_inner.o
        14          0          0          0          0         80   defsig_abrt_outer.o
        10          0          0          0          0         68   defsig_exit.o
        50          0          0          0          0         88   defsig_general.o
        80         58          0          0          0         76   defsig_rtmem_inner.o
        14          0          0          0          0         80   defsig_rtmem_outer.o
        18          0          0          0          0         80   exit.o
        94          0          0          0          0         80   h1_alloc.o
        52          0          0          0          0         68   h1_extend.o
        78          0          0          0          0         80   h1_free.o
        14          0          0          0          0         84   h1_init.o
         6          0          0          0          0        152   heapauxi.o
         4          0          0          0          0        136   hguard.o
         0          0          0          0          0          0   indicate_semi.o
        36         10          0          0          0         80   init_aeabi.o
       138          0          0          0          0        168   init_alloc.o
        44         10        272          0          0         76   lc_ctype_c.o
        44         10         28          0          0         76   lc_numeric_c.o
         2          0          0          0          0          0   libinit.o
        50          0          0          0          0          0   libinit2.o
         2          0          0          0          0          0   libshutdown.o
         8          0          0          0          0          0   libshutdown2.o
         8          4          0          0         96         68   libspace.o
       138          0          0          0          0         80   lludiv10.o
         0          0          0          0          0          0   maybetermalloc1.o
       112         18          0          0        228        160   rand.o
        16          4          0          0          0         76   rt_ctype_table.o
         8          4          0          0          0         68   rt_ddtor_pointer_addr_intlibspace.o
         8          4          0          0          0         68   rt_errno_addr_intlibspace.o
         8          4          0          0          0         68   rt_heap_descriptor_intlibspace.o
         8          4          0          0          0         68   rt_locale_intlibspace.o
       100          0          0          0          0         80   rt_memcpy_w.o
         2          0          0          0          0          0   rtexit.o
        10          0          0          0          0          0   rtexit2.o
       104          0          0          0          0         68   strcmpv7m_pel.o
        62          0          0          0          0         76   strlen.o
        12          4          0          0          0         68   sys_exit.o
        74          0          0          0          0         80   sys_stackheap_outer.o
        14          0          0          0          0         76   sys_wrch.o
         2          0          0          0          0         68   use_no_semi.o
        16          0          0          0          0         68   cxa_guard_acquire.o
        98          4          0          0          0        140   d2f.o
       688        140          0          0          0        256   ddiv.o
        90          4          0          0          0        140   dfixu.o
        38          0          0          0          0        116   dflt_clz.o
       340         12          0          0          0        152   dmul.o
       156          4          0          0          0        140   dnaninf.o
        12          0          0          0          0        116   dretinf.o
        10          0          0          0          0        116   fpinit.o
        10          0          0          0          0        116   fretinf.o
         4          0          0          0          0        116   printf1.o
         0          0          0          0          0          0   usenofp.o
        48          0          0          0          0        124   fpclassify.o
        58          0          0          0          0        136   sqrtf.o

    ----------------------------------------------------------------------
      8674        554        516          0        324       7636   Library Totals
        14          0          3          0          0          0   (incl. Padding)

    ----------------------------------------------------------------------

      Code (inc. data)   RO Data    RW Data    ZI Data      Debug   Library Name

      7092        390        513          0        324       5900   c_w.l
        16          0          0          0          0         68   cpprt_w.l
      1446        164          0          0          0       1408   fz_wm.l
       106          0          0          0          0        260   m_wm.l

    ----------------------------------------------------------------------
      8674        554        516          0        324       7636   Library Totals

    ----------------------------------------------------------------------

==============================================================================


      Code (inc. data)   RO Data    RW Data    ZI Data      Debug   

     25584       1986       3440        756      24612    1909433   Grand Totals
     25584       1986       3440        344      24612    1909433   ELF Image Totals (compressed)
     25584       1986       3440        344          0          0   ROM Totals

==============================================================================

    Total RO  Size (Code + RO Data)                29024 (  28.34kB)
    Total RW  Size (RW Data + ZI Data)             25368 (  24.77kB)
    Total ROM Size (Code + RO Data + RW Data)      29368 (  28.68kB)

==============================================================================

