<html>
<body>
<pre>
<h1>µVision Build Log</h1>
<h2>Tool Versions:</h2>
IDE-Version: µVision V5.24.2.0
Copyright (C) 2017 ARM Ltd and ARM Germany GmbH. All rights reserved.
License Information: / /, /, LIC=----
 
Tool Versions:
Toolchain:       MDK-Lite  Version: 5.24.1
Toolchain Path:  C:\Bin\Keil_v5\ARM\ARMCC\Bin
C Compiler:      Armcc.exe V5.06 update 5 (build 528)
Assembler:       Armasm.exe V5.06 update 5 (build 528)
Linker/Locator:  ArmLink.exe V5.06 update 5 (build 528)
Library Manager: ArmAr.exe V5.06 update 5 (build 528)
Hex Converter:   FromElf.exe V5.06 update 5 (build 528)
CPU DLL:         SARMCM3.DLL V5.24.1
Dialog DLL:      DCM.DLL V1.16.0.0
Target DLL:      STLink\ST-LINKIII-KEIL_SWO.dll V3.0.1.0
Dialog DLL:      TCM.DLL V1.32.0.0
 
<h2>Project:</h2>
C:\Users\yasin\Documents\GitHub\Embedded-C-Tic-Tac-Toe\Template_Project\main_STM32F7xx.uvprojx
Project File Date:  07/05/2021

<h2>Output:</h2>
*** Using Compiler 'V5.06 update 5 (build 528)', folder: 'C:\Bin\Keil_v5\ARM\ARMCC\Bin'
Rebuild target 'Target'
compiling Token.cpp...
creating preprocessor file for RTOS.cpp...
creating preprocessor file for Game.cpp...
creating preprocessor file for lib.cpp...
creating preprocessor file for Disp_OTM8009A.cpp...
assembling RTOScontext.s...
creating preprocessor file for Token.cpp...
creating preprocessor file for Cells.cpp...
assembling startup_stm32f769xx.s...
creating preprocessor file for main.cpp...
creating preprocessor file for Field.cpp...
creating preprocessor file for Touch_FT6206.cpp...
creating preprocessor file for Controller.cpp...
compiling Touch_FT6206.cpp...
compiling Field.cpp...
compiling Controller.cpp...
compiling Cells.cpp...
compiling Game.cpp...
compiling Disp_OTM8009A.cpp...
compiling main.cpp...
compiling RTOS.cpp...
compiling lib.cpp...
linking...
Program Size: Code=20340 RO-data=2976 RW-data=504 ZI-data=24512  
FromELF: creating hex file...
".\Bin\Keil\STM32F7xx\main.axf" - 0 Error(s), 0 Warning(s).

<h2>Software Packages used:</h2>

Package Vendor: Keil
                http://www.keil.com/pack/Keil.STM32F7xx_DFP.2.14.0.pack
                Keil.STM32F7xx_DFP.2.14.0
                STMicroelectronics STM32F7 Series Device Support, Drivers and Examples

<h2>Collection of Component include folders:</h2>
  .\RTE\_Target
  C:\Bin\Keil_v5\ARM\PACK\Keil\STM32F7xx_DFP\2.14.0\Drivers\CMSIS\Device\ST\STM32F7xx\Include

<h2>Collection of Component Files used:</h2>
Build Time Elapsed:  00:00:03
</pre>
</body>
</html>
