Component: ARM Compiler 5.06 update 5 (build 528) Tool: armlink [4d35e2]

==============================================================================

Section Cross References

    main.o(i.__sti___8_main_cpp_sys) refers to lib.o(i._ZN7cSystemC1Eh) for cSystem::cSystem(unsigned char)
    main.o(i.__sti___8_main_cpp_sys) refers to lib.o(i._ZN10cHwTimer_NC1ENS_7TimerIdEj) for cHwTimer_N::cHwTimer_N(cHwTimer_N::TimerId, unsigned)
    main.o(i.__sti___8_main_cpp_sys) refers to lib.o(i._ZN9cHwPort_NC1ENS_6PortIdE) for cHwPort_N::cHwPort_N(cHwPort_N::PortId)
    main.o(i.__sti___8_main_cpp_sys) refers to lib.o(i._ZN8cHwADC_0C1EP8cHwTimer) for cHwADC_0::cHwADC_0(cHwTimer*)
    main.o(i.__sti___8_main_cpp_sys) refers to lib.o(i._ZN15cDevAnalogInADCC1ER6cHwADChffh) for cDevAnalogInADC::cDevAnalogInADC(cHwADC&, unsigned char, float, float, unsigned char)
    main.o(i.__sti___8_main_cpp_sys) refers to lib.o(i._ZN8cHwDAC_0C1Ev) for cHwDAC_0::cHwDAC_0()
    main.o(i.__sti___8_main_cpp_sys) refers to lib.o(i._ZN16cDevAnalogOutDACC1ER6cHwDAChff) for cDevAnalogOutDAC::cDevAnalogOutDAC(cHwDAC&, unsigned char, float, float)
    main.o(i.__sti___8_main_cpp_sys) refers to main.o(i._ZN6cHwFMCC1ENS_7FMCtypeEb) for cHwFMC::cHwFMC(cHwFMC::FMCtype, bool)
    main.o(i.__sti___8_main_cpp_sys) refers to main.o(i._ZN6cHwDSIC1Ej) for cHwDSI::cHwDSI(unsigned)
    main.o(i.__sti___8_main_cpp_sys) refers to lib.o(i._ZN7cHwPort3PinC1ERS_h) for cHwPort::Pin::Pin(cHwPort&, unsigned char)
    main.o(i.__sti___8_main_cpp_sys) refers to lib.o(i._ZN14cHwDisplayFontC1EPK24cHwDisplayFontPropertiesPKh) for cHwDisplayFont::cHwDisplayFont(const cHwDisplayFontProperties*, const unsigned char*)
    main.o(i.__sti___8_main_cpp_sys) refers to disp_otm8009a.o(i._ZN19cHwDisp_OTM8009AramC1ER6cHwDSIRN7cHwPort3PinEN16cHwDisp_OTM8009A11OrientationE14cHwDisplayFonth) for cHwDisp_OTM8009Aram::cHwDisp_OTM8009Aram(cHwDSI&, cHwPort::Pin&, cHwDisp_OTM8009A::Orientation, cHwDisplayFont, unsigned char)
    main.o(i.__sti___8_main_cpp_sys) refers to lib.o(i._ZN18cDevDisplayGraphicC1ER17cHwDisplayGraphic) for cDevDisplayGraphic::cDevDisplayGraphic(cHwDisplayGraphic&)
    main.o(i.__sti___8_main_cpp_sys) refers to lib.o(i._ZN14cHwI2Cmaster_NC1ENS_6I2C_IDEN12cHwI2Cmaster4MODEEh) for cHwI2Cmaster_N::cHwI2Cmaster_N(cHwI2Cmaster_N::I2C_ID, cHwI2Cmaster::MODE, unsigned char)
    main.o(i.__sti___8_main_cpp_sys) refers to touch_ft6206.o(i._ZN15cHwTouch_FT6206C1ER12cHwI2Cmaster) for cHwTouch_FT6206::cHwTouch_FT6206(cHwI2Cmaster&)
    main.o(i.__sti___8_main_cpp_sys) refers to lib.o(i._ZN18cDevControlPointerC1ER8cHwTouch) for cDevControlPointer::cDevControlPointer(cHwTouch&)
    main.o(i.__sti___8_main_cpp_sys) refers to lib.o(i._ZN11cDevDigitalC1ER7cHwPorthNS_4ModeEb) for cDevDigital::cDevDigital(cHwPort&, unsigned char, cDevDigital::Mode, bool)
    main.o(i.__sti___8_main_cpp_sys) refers to lib.o(i._ZN26cDevControlEncoderJoystickC1EP11cDevDigitalS1_S1_P8cHwTimert) for cDevControlEncoderJoystick::cDevControlEncoderJoystick(cDevDigital*, cDevDigital*, cDevDigital*, cHwTimer*, unsigned short)
    main.o(i.__sti___8_main_cpp_sys) refers to lib.o(i._ZN8cHwRTC_0C1ENS_17RTC_ClockConfig_tE) for cHwRTC_0::cHwRTC_0(cHwRTC_0::RTC_ClockConfig_t)
    main.o(i.__sti___8_main_cpp_sys) refers to lib.o(i._ZN12cTaskHandlerC1EP8cHwTimer) for cTaskHandler::cTaskHandler(cHwTimer*)
    main.o(i.__sti___8_main_cpp_sys) refers to lib.o(i._ZN12cTaskHandler4TaskC2ERS_) for cTaskHandler::Task::Task__sub_object(cTaskHandler&)
    main.o(i.__sti___8_main_cpp_sys) refers to main.o(t._ZN8cRTOS_RRILh3EEC1Ej) for cRTOS_RR<(unsigned char)3>::cRTOS_RR(unsigned)
    main.o(i.__sti___8_main_cpp_sys) refers to rtos.o(i._ZN5cRTOS4TaskC2ERS_j) for cRTOS::Task::Task__sub_object(cRTOS&, unsigned)
    main.o(i.__sti___8_main_cpp_sys) refers to rtos.o(i._ZN5cRTOS5TimerC1Et) for cRTOS::Timer::Timer(unsigned short)
    main.o(i.__sti___8_main_cpp_sys) refers to rtos.o(i._ZN5cRTOS4Task5StartEv) for cRTOS::Task::Start()
    main.o(i.__sti___8_main_cpp_sys) refers to aeabi_atexit.o(.text) for __aeabi_atexit
    main.o(i.__sti___8_main_cpp_sys) refers to main.o(.data) for sys
    main.o(i.__sti___8_main_cpp_sys) refers to field.o(.data) for sys
    main.o(i.__sti___8_main_cpp_sys) refers to main.o(.bss) for timer
    main.o(i.__sti___8_main_cpp_sys) refers to field.o(.bss) for timer
    main.o(i.__sti___8_main_cpp_sys) refers to main.o(.constdata) for fontFont_8x12
    main.o(i.__sti___8_main_cpp_sys) refers to main.o(.constdata__ZTV13cTask_Example) for vtable for cTask_Example
    main.o(i.__sti___8_main_cpp_sys) refers to main.o(.constdata__ZTV17cRtosTask_Example) for vtable for cRtosTask_Example
    main.o(i.__sti___8_main_cpp_sys) refers to main.o(i._ZN17cRtosTask_ExampleD1Ev) for cRtosTask_Example::~cRtosTask_Example()
    main.o(i.main) refers to lib.o(i._ZN18cDevDisplayGraphic12setBackColorEt) for cDevDisplayGraphic::setBackColor(unsigned short)
[...]
    lib.o(.constdata__ZTV28cDevControlEncoderRotaryKnob) refers to lib.o(.constdata__ZTI28cDevControlEncoderRotaryKnob) for typeinfo for cDevControlEncoderRotaryKnob
    lib.o(.constdata__ZTV28cDevControlEncoderRotaryKnob) refers to lib.o(i._ZN18cDevControlEncoder6updateEv) for cDevControlEncoder::update()
    lib.o(.constdata__ZTV28cDevControlEncoderRotaryKnob) refers to lib.o(i._ZN18cDevControlEncoder7getCtrlEv) for cDevControlEncoder::getCtrl()
    lib.o(.constdata__ZTV28cDevControlEncoderRotaryKnob) refers to lib.o(i._ZN28cDevControlEncoderRotaryKnob12getIncrementEv) for cDevControlEncoderRotaryKnob::getIncrement()
    lib.o(.constdata__ZTV18cDevControlPointer) refers to lib.o(.constdata__ZTI18cDevControlPointer) for typeinfo for cDevControlPointer
    lib.o(.constdata__ZTV18cDevControlPointer) refers to lib.o(i._ZN18cDevControlPointer3getEv) for cDevControlPointer::get()
    lib.o(.constdata__ZTV12cTaskHandler) refers to lib.o(.constdata__ZTI12cTaskHandler) for typeinfo for cTaskHandler
    lib.o(.constdata__ZTV12cTaskHandler) refers to lib.o(i._ZN12cTaskHandler6updateEv) for cTaskHandler::update()
    lib.o(.constdata__ZTV12cTaskHandler) refers to lib.o(i._ZN12cTaskHandler12getCycleTimeEv) for cTaskHandler::getCycleTime()
    lib.o(.constdata__ZTV12cTaskHandler) refers to lib.o(i._ZN12cTaskHandler7getTicsEv) for cTaskHandler::getTics()
    lib.o(.constdata__ZTV12cTaskHandler) refers to lib.o(i._ZN12cTaskHandler3runEv) for cTaskHandler::run()
    lib.o(.constdata__ZTV12cTaskHandler) refers to lib.o(i._ZN12cTaskHandler7addTaskEPNS_4TaskE) for cTaskHandler::addTask(cTaskHandler::Task*)
    lib.o(.constdata__ZTVN12cTaskHandler5TimerE) refers to lib.o(.constdata__ZTIN12cTaskHandler5TimerE) for typeinfo for cTaskHandler::Timer
    lib.o(.constdata__ZTVN12cTaskHandler5TimerE) refers to lib.o(i._ZN12cTaskHandler5Timer7getTicsEv) for cTaskHandler::Timer::getTics()
    lib.o(.constdata__ZTVN12cTaskHandler5TimerE) refers to lib.o(i._ZN12cTaskHandler5Timer12getTimeOfTicEv) for cTaskHandler::Timer::getTimeOfTic()
    lib.o(i._ZN8cHwUSB_03isrEv) refers to lib.o(i._ZN8cHwUSB_018isInterruptPendingEj) for cHwUSB_0::isInterruptPending(unsigned)
    lib.o(i._ZN8cHwUSB_03isrEv) refers to lib.o(i._ZN8cHwUSB_012clrInterruptEj) for cHwUSB_0::clrInterrupt(unsigned)
    lib.o(i._ZN8cHwUSB_03isrEv) refers to lib.o(i._ZN8cHwUSB_015getOutInterruptEv) for cHwUSB_0::getOutInterrupt()
    lib.o(i._ZN8cHwUSB_03isrEv) refers to lib.o(i._ZN8cHwUSB_011EndpointOUT12getInterruptEv) for cHwUSB_0::EndpointOUT::getInterrupt()
    lib.o(i._ZN8cHwUSB_03isrEv) refers to lib.o(i._ZN8cHwUSB_011EndpointOUT7receiveEv) for cHwUSB_0::EndpointOUT::receive()
    lib.o(i._ZN8cHwUSB_03isrEv) refers to lib.o(i._ZN8cHwUSB_011EndpointOUT12clrInterruptEj) for cHwUSB_0::EndpointOUT::clrInterrupt(unsigned)
    lib.o(i._ZN8cHwUSB_03isrEv) refers to lib.o(i._ZN8cHwUSB_010EndpointIN8transmitEb) for cHwUSB_0::EndpointIN::transmit(bool)
    lib.o(i._ZN8cHwUSB_03isrEv) refers to lib.o(i._ZN8cHwUSB_014getInInterruptEv) for cHwUSB_0::getInInterrupt()
    lib.o(i._ZN8cHwUSB_03isrEv) refers to lib.o(i._ZN8cHwUSB_010EndpointIN12getInterruptEv) for cHwUSB_0::EndpointIN::getInterrupt()
    lib.o(i._ZN8cHwUSB_03isrEv) refers to lib.o(i._ZN8cHwUSB_010EndpointIN12clrInterruptEj) for cHwUSB_0::EndpointIN::clrInterrupt(unsigned)
    lib.o(i._ZN8cHwUSB_03isrEv) refers to lib.o(i._ZN8cHwUSB_011EndpointOUT10receiveZLPEv) for cHwUSB_0::EndpointOUT::receiveZLP()
    lib.o(i._ZN8cHwUSB_03isrEv) refers to lib.o(i._ZN8cHwUSB_010EndpointIN11writeToFifoEv) for cHwUSB_0::EndpointIN::writeToFifo()
    lib.o(i._ZN8cHwUSB_03isrEv) refers to lib.o(i._ZN8cHwUSB_011EndpointOUT6configEth) for cHwUSB_0::EndpointOUT::config(unsigned short, unsigned char)
    lib.o(i._ZN8cHwUSB_03isrEv) refers to lib.o(i._ZN8cHwUSB_010EndpointIN6configEth) for cHwUSB_0::EndpointIN::config(unsigned short, unsigned char)
    lib.o(i._ZN8cHwUSB_03isrEv) refers to lib.o(i._ZN8cHwUSB_011EndpointOUT12readFromFifoEt) for cHwUSB_0::EndpointOUT::readFromFifo(unsigned short)
    lib.o(.ARM.exidx) refers to lib.o(i._ZN8cHwUSB_03isrEv) for i._ZN8cHwUSB_03isrEv
    lib.o(.ARM.exidx) refers to lib.o(t._Z5RANGEIsET_S0_S0_S0_) for t._Z5RANGEIsET_S0_S0_S0_
    lib.o(.ARM.exidx) refers to lib.o(i._ZN7cHwPort3Pin7setModeENS_4ModeE) for i._ZN7cHwPort3Pin7setModeENS_4ModeE
    lib.o(.ARM.exidx) refers to lib.o(i._ZN7cHwPort3Pin3setEb) for i._ZN7cHwPort3Pin3setEb
    lib.o(.ARM.exidx) refers to lib.o(i._ZN7cHwPort3Pin3getEv) for i._ZN7cHwPort3Pin3getEv
    lib.o(.ARM.exidx) refers to lib.o(i._ZN15cHwEthernet_MCU20ETH_WritePHYRegisterEttt) for i._ZN15cHwEthernet_MCU20ETH_WritePHYRegisterEttt
    lib.o(.ARM.exidx) refers to lib.o(i._ZN15cHwEthernet_MCU19ETH_ReadPHYRegisterEtt) for i._ZN15cHwEthernet_MCU19ETH_ReadPHYRegisterEtt
    lib.o(i._ZN15cHwEthernet_MCU8ETH_InitEt) refers to lib.o(i._ZN15cHwEthernet_MCU20ETH_WritePHYRegisterEttt) for cHwEthernet_MCU::ETH_WritePHYRegister(unsigned short, unsigned short, unsigned short)
    lib.o(i._ZN15cHwEthernet_MCU8ETH_InitEt) refers to lib.o(i._ZN7cSystem13delayMilliSecEt) for cSystem::delayMilliSec(unsigned short)
    lib.o(i._ZN15cHwEthernet_MCU8ETH_InitEt) refers to lib.o(i._ZN15cHwEthernet_MCU19ETH_ReadPHYRegisterEtt) for cHwEthernet_MCU::ETH_ReadPHYRegister(unsigned short, unsigned short)
    lib.o(.ARM.exidx) refers to lib.o(i._ZN15cHwEthernet_MCU8ETH_InitEt) for i._ZN15cHwEthernet_MCU8ETH_InitEt
    lib.o(t._ZN5cFifoIhEC1Eh) refers to lib.o(i._Znaj) for operator new[] (unsigned)
    lib.o(.ARM.exidx) refers to lib.o(t._ZN5cFifoIhEC1Eh) for t._ZN5cFifoIhEC1Eh
    lib.o(t._ZN5cFifoIhE6isFullEv) refers to lib.o(i._ZN7cSystem16disableInterruptEv) for cSystem::disableInterrupt()
    lib.o(t._ZN5cFifoIhE6isFullEv) refers to lib.o(i._ZN7cSystem15enableInterruptEv) for cSystem::enableInterrupt()
    lib.o(.ARM.exidx) refers to lib.o(t._ZN5cFifoIhE6isFullEv) for t._ZN5cFifoIhE6isFullEv
    lib.o(t._ZN5cFifoIhElsERKh) refers to lib.o(i._ZN7cSystem16disableInterruptEv) for cSystem::disableInterrupt()
    lib.o(t._ZN5cFifoIhElsERKh) refers to lib.o(i._ZN7cSystem15enableInterruptEv) for cSystem::enableInterrupt()
    lib.o(.ARM.exidx) refers to lib.o(t._ZN5cFifoIhElsERKh) for t._ZN5cFifoIhElsERKh
    lib.o(t._ZN5cFifoIhErsERh) refers to lib.o(i._ZN7cSystem16disableInterruptEv) for cSystem::disableInterrupt()
    lib.o(t._ZN5cFifoIhErsERh) refers to lib.o(i._ZN7cSystem15enableInterruptEv) for cSystem::enableInterrupt()
    lib.o(.ARM.exidx) refers to lib.o(t._ZN5cFifoIhErsERh) for t._ZN5cFifoIhErsERh
    lib.o(.ARM.exidx) refers to lib.o(i._ZN12cDataPointeraSERKS_) for i._ZN12cDataPointeraSERKS_
    lib.o(.ARM.exidx) refers to lib.o(i._ZN12cDataPointer5shiftEt) for i._ZN12cDataPointer5shiftEt
    lib.o(i._ZN10cHwUSBctrl11ReqEndpointEv) refers to lib.o(i._ZN10cHwUSBctrl5Setup7reqTypeEv) for cHwUSBctrl::Setup::reqType()
    lib.o(i._ZN10cHwUSBctrl11ReqEndpointEv) refers to lib.o(i._ZN10cHwUSBctrl5Setup7requestEv) for cHwUSBctrl::Setup::request()
    lib.o(i._ZN10cHwUSBctrl11ReqEndpointEv) refers to lib.o(i._ZN10cHwUSBctrl25ReqEndpointStd_ClrFeatureEv) for cHwUSBctrl::ReqEndpointStd_ClrFeature()
    lib.o(i._ZN10cHwUSBctrl11ReqEndpointEv) refers to lib.o(i._ZN10cHwUSBctrl5Setup8indexLowEv) for cHwUSBctrl::Setup::indexLow()
    lib.o(i._ZN10cHwUSBctrl11ReqEndpointEv) refers to lib.o(i._ZN10cHwUSBctrl5Setup8valueLowEv) for cHwUSBctrl::Setup::valueLow()
    lib.o(i._ZN10cHwUSBctrl11ReqEndpointEv) refers to lib.o(i._ZN14cHwUSBendpoint5stallEv) for cHwUSBendpoint::stall()
    lib.o(i._ZN10cHwUSBctrl11ReqEndpointEv) refers to lib.o(i._ZN14cHwUSBendpoint16writeAcknowledgeEv) for cHwUSBendpoint::writeAcknowledge()
    lib.o(.ARM.exidx) refers to lib.o(i._ZN10cHwUSBctrl11ReqEndpointEv) for i._ZN10cHwUSBctrl11ReqEndpointEv
    lib.o(i._ZN10cHwUSBctrl17ReqInterfaceClassEv) refers to lib.o(i._ZN12cDataPointerC1Ev) for cDataPointer::cDataPointer()
    lib.o(i._ZN10cHwUSBctrl17ReqInterfaceClassEv) refers to lib.o(i._ZN10cHwUSBctrl5Setup8indexLowEv) for cHwUSBctrl::Setup::indexLow()
    lib.o(i._ZN10cHwUSBctrl17ReqInterfaceClassEv) refers to lib.o(i._ZN10cHwUSBctrl5Setup6lengthEv) for cHwUSBctrl::Setup::length()
    lib.o(i._ZN10cHwUSBctrl17ReqInterfaceClassEv) refers to lib.o(i._ZN10cHwUSBctrl5Setup5valueEv) for cHwUSBctrl::Setup::value()
    lib.o(i._ZN10cHwUSBctrl17ReqInterfaceClassEv) refers to lib.o(i._ZN10cHwUSBctrl5Setup7requestEv) for cHwUSBctrl::Setup::request()
    lib.o(i._ZN10cHwUSBctrl17ReqInterfaceClassEv) refers to lib.o(i._ZN12cDataPointeraSERKS_) for cDataPointer::operator =(const cDataPointer&)
    lib.o(i._ZN10cHwUSBctrl17ReqInterfaceClassEv) refers to lib.o(i._ZN14cHwUSBendpoint9writeDataEv) for cHwUSBendpoint::writeData()
    lib.o(i._ZN10cHwUSBctrl17ReqInterfaceClassEv) refers to lib.o(i._ZN14cHwUSBendpoint16writeAcknowledgeEv) for cHwUSBendpoint::writeAcknowledge()
    lib.o(.ARM.exidx) refers to lib.o(i._ZN10cHwUSBctrl17ReqInterfaceClassEv) for i._ZN10cHwUSBctrl17ReqInterfaceClassEv
    lib.o(i._ZN10cHwUSBctrl12ReqInterfaceEv) refers to lib.o(i._ZN10cHwUSBctrl5Setup7reqTypeEv) for cHwUSBctrl::Setup::reqType()
    lib.o(i._ZN10cHwUSBctrl12ReqInterfaceEv) refers to lib.o(i._ZN10cHwUSBctrl5Setup7requestEv) for cHwUSBctrl::Setup::request()
    lib.o(i._ZN10cHwUSBctrl12ReqInterfaceEv) refers to lib.o(i._ZN10cHwUSBctrl29ReqInterfaceStd_GetDescriptorEv) for cHwUSBctrl::ReqInterfaceStd_GetDescriptor()
    lib.o(i._ZN10cHwUSBctrl12ReqInterfaceEv) refers to lib.o(i._ZN10cHwUSBctrl17ReqInterfaceClassEv) for cHwUSBctrl::ReqInterfaceClass()
    lib.o(.ARM.exidx) refers to lib.o(i._ZN10cHwUSBctrl12ReqInterfaceEv) for i._ZN10cHwUSBctrl12ReqInterfaceEv
    lib.o(i._ZN10cHwUSBctrl29ReqDeviceStd_SetConfigurationEv) refers to lib.o(i._ZN10cHwUSBctrl5Setup8valueLowEv) for cHwUSBctrl::Setup::valueLow()
    lib.o(i._ZN10cHwUSBctrl29ReqDeviceStd_SetConfigurationEv) refers to lib.o(t._ZN12cDataPointercvPT_IvEEv) for cDataPointer::operator T1*<void>()
    lib.o(i._ZN10cHwUSBctrl29ReqDeviceStd_SetConfigurationEv) refers to lib.o(i._ZN14cHwUSBendpoint16setConfigurationEv) for cHwUSBendpoint::setConfiguration()
    lib.o(i._ZN10cHwUSBctrl29ReqDeviceStd_SetConfigurationEv) refers to lib.o(t._ZN12cDataPointercvPT_IN10cHwUSBdesc9cEndpointEEEv) for cDataPointer::operator T1*<cHwUSBdesc::cEndpoint>()
    lib.o(i._ZN10cHwUSBctrl29ReqDeviceStd_SetConfigurationEv) refers to lib.o(i._ZN14cHwUSBendpoint16writeAcknowledgeEv) for cHwUSBendpoint::writeAcknowledge()
    lib.o(.ARM.exidx) refers to lib.o(i._ZN10cHwUSBctrl29ReqDeviceStd_SetConfigurationEv) for i._ZN10cHwUSBctrl29ReqDeviceStd_SetConfigurationEv
    lib.o(i._ZN10cHwUSBctrl26ReqDeviceStd_GetDescriptorEv) refers to lib.o(i._ZN10cHwUSBctrl5Setup6lengthEv) for cHwUSBctrl::Setup::length()
    lib.o(i._ZN10cHwUSBctrl26ReqDeviceStd_GetDescriptorEv) refers to lib.o(i._ZN14cHwUSBendpoint12writeDataLenERK12cDataPointert) for cHwUSBendpoint::writeDataLen(const cDataPointer&, unsigned short)
    lib.o(i._ZN10cHwUSBctrl26ReqDeviceStd_GetDescriptorEv) refers to lib.o(i._ZN10cHwUSBctrl5Setup8valueLowEv) for cHwUSBctrl::Setup::valueLow()
    lib.o(.ARM.exidx) refers to lib.o(i._ZN10cHwUSBctrl26ReqDeviceStd_GetDescriptorEv) for i._ZN10cHwUSBctrl26ReqDeviceStd_GetDescriptorEv
    lib.o(i._ZN10cHwUSBctrl9ReqDeviceEv) refers to lib.o(i._ZN10cHwUSBctrl5Setup7reqTypeEv) for cHwUSBctrl::Setup::reqType()
    lib.o(i._ZN10cHwUSBctrl9ReqDeviceEv) refers to lib.o(i._ZN10cHwUSBctrl5Setup7requestEv) for cHwUSBctrl::Setup::request()
    lib.o(i._ZN10cHwUSBctrl9ReqDeviceEv) refers to lib.o(i._ZN10cHwUSBctrl5Setup6lengthEv) for cHwUSBctrl::Setup::length()
    lib.o(i._ZN10cHwUSBctrl9ReqDeviceEv) refers to lib.o(i._ZN12cDataPointerC1EPht) for cDataPointer::cDataPointer(unsigned char*, unsigned short)
    lib.o(i._ZN10cHwUSBctrl9ReqDeviceEv) refers to lib.o(i._ZN14cHwUSBendpoint9writeDataERK12cDataPointer) for cHwUSBendpoint::writeData(const cDataPointer&)
    lib.o(i._ZN10cHwUSBctrl9ReqDeviceEv) refers to lib.o(i._ZN10cHwUSBctrl5Setup8valueLowEv) for cHwUSBctrl::Setup::valueLow()
    lib.o(i._ZN10cHwUSBctrl9ReqDeviceEv) refers to lib.o(i._ZN10cHwUSBctrl26ReqDeviceStd_GetDescriptorEv) for cHwUSBctrl::ReqDeviceStd_GetDescriptor()
    lib.o(i._ZN10cHwUSBctrl9ReqDeviceEv) refers to lib.o(i._ZN10cHwUSBctrl29ReqDeviceStd_SetConfigurationEv) for cHwUSBctrl::ReqDeviceStd_SetConfiguration()
    lib.o(.ARM.exidx) refers to lib.o(i._ZN10cHwUSBctrl9ReqDeviceEv) for i._ZN10cHwUSBctrl9ReqDeviceEv
    lib.o(.ARM.exidx) refers to lib.o(i._ZN15cNetApplication10setTimeoutEtt) for i._ZN15cNetApplication10setTimeoutEtt
    lib.o(.ARM.exidx) refers to lib.o(i._ZN13cNetTransport6Socket10setTimeoutEtt) for i._ZN13cNetTransport6Socket10setTimeoutEtt
    lib.o(.ARM.exidx) refers to lib.o(i._ZN13cNetTransport6Socket4fillEc) for i._ZN13cNetTransport6Socket4fillEc
    lib.o(i._ZN13cNetTransport6Socket4fillEPKc) refers to strlen.o(.text) for strlen
    lib.o(.ARM.exidx) refers to lib.o(i._ZN13cNetTransport6Socket4fillEPKc) for i._ZN13cNetTransport6Socket4fillEPKc
    lib.o(.ARM.exidx) refers to lib.o(i._ZN4cCRC9tabMethodEh) for i._ZN4cCRC9tabMethodEh
    lib.o(.ARM.exidx) refers to lib.o(i._ZN20cDevDigitalIndicator3clrEv) for i._ZN20cDevDigitalIndicator3clrEv
    lib.o(t._ZN5cFifoIN18cDevControlEncoder6tEventEE6isFullEv) refers to lib.o(i._ZN7cSystem16disableInterruptEv) for cSystem::disableInterrupt()
    lib.o(t._ZN5cFifoIN18cDevControlEncoder6tEventEE6isFullEv) refers to lib.o(i._ZN7cSystem15enableInterruptEv) for cSystem::enableInterrupt()
    lib.o(.ARM.exidx) refers to lib.o(t._ZN5cFifoIN18cDevControlEncoder6tEventEE6isFullEv) for t._ZN5cFifoIN18cDevControlEncoder6tEventEE6isFullEv
    lib.o(t._ZN5cFifoIN18cDevControlEncoder6tEventEElsERKS1_) refers to lib.o(i._ZN7cSystem16disableInterruptEv) for cSystem::disableInterrupt()
    lib.o(t._ZN5cFifoIN18cDevControlEncoder6tEventEElsERKS1_) refers to lib.o(i._ZN7cSystem15enableInterruptEv) for cSystem::enableInterrupt()
    lib.o(.ARM.exidx) refers to lib.o(t._ZN5cFifoIN18cDevControlEncoder6tEventEElsERKS1_) for t._ZN5cFifoIN18cDevControlEncoder6tEventEElsERKS1_
    lib.o(i._Znaj) refers to h1_alloc.o(.text) for malloc
    lib.o(.ARM.exidx) refers to lib.o(i._Znaj) for i._Znaj
    lib.o(.ARM.exidx) refers to lib.o(t._Z3MINItET_S0_S0_) for t._Z3MINItET_S0_S0_
    lib.o(.ARM.exidx) refers to lib.o(t._Z3MINIhET_S0_S0_) for t._Z3MINIhET_S0_S0_
    lib.o(i._ZN8cHwTimer10isrHandlerEv) refers to lib.o(i._ZN5cList9updateAllEv) for cList::updateAll()
    lib.o(.ARM.exidx) refers to lib.o(i._ZN8cHwTimer10isrHandlerEv) for i._ZN8cHwTimer10isrHandlerEv
    lib.o(i._ZN6cHwADC3getEh) refers to lib.o(i._ZN7cSystem16disableInterruptEv) for cSystem::disableInterrupt()
    lib.o(i._ZN6cHwADC3getEh) refers to lib.o(i._ZN7cSystem15enableInterruptEv) for cSystem::enableInterrupt()
    lib.o(.ARM.exidx) refers to lib.o(i._ZN6cHwADC3getEh) for i._ZN6cHwADC3getEh
    lib.o(.ARM.exidx) refers to lib.o(i._ZN6cHwADC19getNumberOfChannelsEv) for i._ZN6cHwADC19getNumberOfChannelsEv
    lib.o(.ARM.exidx) refers to lib.o(i._ZN6cHwADC6updateEv) for i._ZN6cHwADC6updateEv
    lib.o(.ARM.exidx) refers to lib.o(i._ZN6cHwADC3isrEv) for i._ZN6cHwADC3isrEv
    lib.o(.ARM.exidx) refers to lib.o(i._ZN8cHwADC_09getResultEv) for i._ZN8cHwADC_09getResultEv
    lib.o(.ARM.exidx) refers to lib.o(i._ZN8cHwADC_07startChEh) for i._ZN8cHwADC_07startChEh
    lib.o(t._ZNK8cNetAddrILh4EEeqERKS0_) refers to memcmp.o(.text) for memcmp
    lib.o(.ARM.exidx) refers to lib.o(t._ZNK8cNetAddrILh4EEeqERKS0_) for t._ZNK8cNetAddrILh4EEeqERKS0_
    lib.o(t._ZNK8cNetAddrILh6EEeqERKS0_) refers to memcmp.o(.text) for memcmp
    lib.o(.ARM.exidx) refers to lib.o(t._ZNK8cNetAddrILh6EEeqERKS0_) for t._ZNK8cNetAddrILh6EEeqERKS0_
    lib.o(t._ZN8cNetTYPEItEaSEt) refers to lib.o(i._Z4htont) for hton(unsigned short)
    lib.o(.ARM.exidx) refers to lib.o(t._ZN8cNetTYPEItEaSEt) for t._ZN8cNetTYPEItEaSEt
    lib.o(t._ZN8cNetTYPEItEcvtEv) refers to lib.o(i._Z4ntoht) for ntoh(unsigned short)
    lib.o(.ARM.exidx) refers to lib.o(t._ZN8cNetTYPEItEcvtEv) for t._ZN8cNetTYPEItEcvtEv
    lib.o(.ARM.exidx) refers to lib.o(i._ZN14cHwI2Cmaster_N11waitForAcknEj) for i._ZN14cHwI2Cmaster_N11waitForAcknEj
    lib.o(.ARM.exidx) refers to lib.o(i._ZN14cHwI2Cmaster_N5startEv) for i._ZN14cHwI2Cmaster_N5startEv
    lib.o(.ARM.exidx) refers to lib.o(i._ZN14cHwI2Cmaster_N4stopEv) for i._ZN14cHwI2Cmaster_N4stopEv
    lib.o(.ARM.exidx) refers to lib.o(i._ZN14cHwI2Cmaster_N8sendAddrEh) for i._ZN14cHwI2Cmaster_N8sendAddrEh
    lib.o(.ARM.exidx) refers to lib.o(i._ZN14cHwI2Cmaster_N9writeByteEh) for i._ZN14cHwI2Cmaster_N9writeByteEh
    lib.o(.ARM.exidx) refers to lib.o(i._ZN14cHwI2Cmaster_N11readByteAckEv) for i._ZN14cHwI2Cmaster_N11readByteAckEv
    lib.o(.ARM.exidx) refers to lib.o(i._ZN14cHwI2Cmaster_N12readByteNackEv) for i._ZN14cHwI2Cmaster_N12readByteNackEv
    lib.o(.ARM.exidx) refers to lib.o(i._ZN9cHwMemory5writeEjh) for i._ZN9cHwMemory5writeEjh
    lib.o(.ARM.exidx) refers to lib.o(i._ZN9cHwMemory4readEj) for i._ZN9cHwMemory4readEj
    lib.o(.ARM.exidx) refers to lib.o(i._ZN9cHwMemory7getSizeEv) for i._ZN9cHwMemory7getSizeEv
    lib.o(.ARM.exidx) refers to lib.o(i._ZN9cHwMemory7isFlashEv) for i._ZN9cHwMemory7isFlashEv
    lib.o(.ARM.exidx) refers to lib.o(i._ZN9cHwPort_N3setEj) for i._ZN9cHwPort_N3setEj
    lib.o(.ARM.exidx) refers to lib.o(i._ZN9cHwPort_N3setEjj) for i._ZN9cHwPort_N3setEjj
    lib.o(.ARM.exidx) refers to lib.o(i._ZN9cHwPort_N3clrEj) for i._ZN9cHwPort_N3clrEj
    lib.o(.ARM.exidx) refers to lib.o(i._ZN9cHwPort_N3getEv) for i._ZN9cHwPort_N3getEv
    lib.o(i._ZN7cHwUART14isTxBufferFullEv) refers to lib.o(t._ZN5cFifoIhE6isFullEv) for cFifo<unsigned char>::isFull()
    lib.o(.ARM.exidx) refers to lib.o(i._ZN7cHwUART14isTxBufferFullEv) for i._ZN7cHwUART14isTxBufferFullEv
    lib.o(i._ZN7cHwUART5isrRxEv) refers to lib.o(t._ZN5cFifoIhElsERKh) for cFifo<unsigned char>::operator <<(const unsigned char&)
    lib.o(.ARM.exidx) refers to lib.o(i._ZN7cHwUART5isrRxEv) for i._ZN7cHwUART5isrRxEv
    lib.o(i._ZN7cHwUART5isrTxEv) refers to lib.o(i._ZN7cSystem16disableInterruptEv) for cSystem::disableInterrupt()
    lib.o(i._ZN7cHwUART5isrTxEv) refers to lib.o(i._ZN7cSystem15enableInterruptEv) for cSystem::enableInterrupt()
    lib.o(i._ZN7cHwUART5isrTxEv) refers to lib.o(t._ZN5cFifoIhErsERh) for cFifo<unsigned char>::operator >>(unsigned char&)
    lib.o(.ARM.exidx) refers to lib.o(i._ZN7cHwUART5isrTxEv) for i._ZN7cHwUART5isrTxEv
    lib.o(.ARM.exidx) refers to lib.o(i._ZN12cDataPointerC1Ev) for i._ZN12cDataPointerC1Ev
    lib.o(.ARM.exidx) refers to lib.o(i._ZN12cDataPointerC1EPht) for i._ZN12cDataPointerC1EPht
    lib.o(.ARM.exidx) refers to lib.o(i._ZNK12cDataPointer6getPtrEv) for i._ZNK12cDataPointer6getPtrEv
    lib.o(.ARM.exidx) refers to lib.o(i._ZN12cDataPointer7isEmptyEv) for i._ZN12cDataPointer7isEmptyEv
    lib.o(.ARM.exidx) refers to lib.o(i._ZN12cDataPointer7getSizeEv) for i._ZN12cDataPointer7getSizeEv
    lib.o(t._ZN12cDataPointercvPT_IvEEv) refers to lib.o(i._ZNK12cDataPointer6getPtrEv) for cDataPointer::getPtr() const
    lib.o(.ARM.exidx) refers to lib.o(t._ZN12cDataPointercvPT_IvEEv) for t._ZN12cDataPointercvPT_IvEEv
    lib.o(t._ZN12cDataPointercvPT_IN10cHwUSBdesc9cEndpointEEEv) refers to lib.o(i._ZNK12cDataPointer6getPtrEv) for cDataPointer::getPtr() const
    lib.o(.ARM.exidx) refers to lib.o(t._ZN12cDataPointercvPT_IN10cHwUSBdesc9cEndpointEEEv) for t._ZN12cDataPointercvPT_IN10cHwUSBdesc9cEndpointEEEv
    lib.o(.ARM.exidx) refers to lib.o(i._ZN10cHwUSBdesc5getIdEhhhh) for i._ZN10cHwUSBdesc5getIdEhhhh
    lib.o(.ARM.exidx) refers to lib.o(i._ZN10cHwUSBctrl5Setup8valueLowEv) for i._ZN10cHwUSBctrl5Setup8valueLowEv
    lib.o(.ARM.exidx) refers to lib.o(i._ZN10cHwUSBctrl5Setup8indexLowEv) for i._ZN10cHwUSBctrl5Setup8indexLowEv
    lib.o(.ARM.exidx) refers to lib.o(i._ZN10cHwUSBctrl5Setup5valueEv) for i._ZN10cHwUSBctrl5Setup5valueEv
    lib.o(i._ZN10cHwUSBctrl25ReqEndpointStd_ClrFeatureEv) refers to lib.o(i._ZN10cHwUSBctrl5Setup8indexLowEv) for cHwUSBctrl::Setup::indexLow()
    lib.o(i._ZN10cHwUSBctrl25ReqEndpointStd_ClrFeatureEv) refers to lib.o(i._ZN10cHwUSBctrl5Setup5valueEv) for cHwUSBctrl::Setup::value()
    lib.o(i._ZN10cHwUSBctrl25ReqEndpointStd_ClrFeatureEv) refers to lib.o(i._ZN14cHwUSBendpoint8clrStallEv) for cHwUSBendpoint::clrStall()
    lib.o(i._ZN10cHwUSBctrl25ReqEndpointStd_ClrFeatureEv) refers to lib.o(i._ZN14cHwUSBendpoint10clrFeatureEv) for cHwUSBendpoint::clrFeature()
    lib.o(i._ZN10cHwUSBctrl25ReqEndpointStd_ClrFeatureEv) refers to lib.o(i._ZN14cHwUSBendpoint16writeAcknowledgeEv) for cHwUSBendpoint::writeAcknowledge()
    lib.o(.ARM.exidx) refers to lib.o(i._ZN10cHwUSBctrl25ReqEndpointStd_ClrFeatureEv) for i._ZN10cHwUSBctrl25ReqEndpointStd_ClrFeatureEv
    lib.o(.ARM.exidx) refers to lib.o(i._ZN10cHwUSBctrl5Setup7requestEv) for i._ZN10cHwUSBctrl5Setup7requestEv
    lib.o(.ARM.exidx) refers to lib.o(i._ZN10cHwUSBctrl5Setup7reqTypeEv) for i._ZN10cHwUSBctrl5Setup7reqTypeEv
    lib.o(.ARM.exidx) refers to lib.o(i._ZN10cHwUSBctrl5Setup6lengthEv) for i._ZN10cHwUSBctrl5Setup6lengthEv
    lib.o(i._ZN10cHwUSBctrl29ReqInterfaceStd_GetDescriptorEv) refers to lib.o(i._ZN10cHwUSBctrl5Setup8indexLowEv) for cHwUSBctrl::Setup::indexLow()
    lib.o(i._ZN10cHwUSBctrl29ReqInterfaceStd_GetDescriptorEv) refers to lib.o(i._ZN10cHwUSBctrl5Setup8valueLowEv) for cHwUSBctrl::Setup::valueLow()
    lib.o(i._ZN10cHwUSBctrl29ReqInterfaceStd_GetDescriptorEv) refers to lib.o(i._ZN10cHwUSBctrl5Setup6lengthEv) for cHwUSBctrl::Setup::length()
    lib.o(i._ZN10cHwUSBctrl29ReqInterfaceStd_GetDescriptorEv) refers to lib.o(i._ZN10cHwUSBctrl5Setup5valueEv) for cHwUSBctrl::Setup::value()
    lib.o(i._ZN10cHwUSBctrl29ReqInterfaceStd_GetDescriptorEv) refers to lib.o(i._ZN14cHwUSBendpoint12writeDataLenERK12cDataPointert) for cHwUSBendpoint::writeDataLen(const cDataPointer&, unsigned short)
    lib.o(.ARM.exidx) refers to lib.o(i._ZN10cHwUSBctrl29ReqInterfaceStd_GetDescriptorEv) for i._ZN10cHwUSBctrl29ReqInterfaceStd_GetDescriptorEv
    lib.o(i._ZN10cHwUSBctrl5StallEv) refers to lib.o(i._ZN14cHwUSBendpoint5stallEv) for cHwUSBendpoint::stall()
    lib.o(.ARM.exidx) refers to lib.o(i._ZN10cHwUSBctrl5StallEv) for i._ZN10cHwUSBctrl5StallEv
    lib.o(.ARM.exidx) refers to lib.o(i._ZN8cHwUSB_06BufferC1Ev) for i._ZN8cHwUSB_06BufferC1Ev
    lib.o(.ARM.exidx) refers to lib.o(i._ZN15cNetApplication6updateEv) for i._ZN15cNetApplication6updateEv
    lib.o(i._ZN13cNetTransport6Socket11openDefaultEv) refers to lib.o(t._ZN8cNetTYPEItEcvtEv) for cNetTYPE<unsigned short>::operator unsigned short()
    lib.o(.ARM.exidx) refers to lib.o(i._ZN13cNetTransport6Socket11openDefaultEv) for i._ZN13cNetTransport6Socket11openDefaultEv
    lib.o(.ARM.exidx) refers to lib.o(i._ZN13cNetTransport6Socket8isServerEv) for i._ZN13cNetTransport6Socket8isServerEv
    lib.o(.ARM.exidx) refers to lib.o(i._ZN13cNetTransport6Socket6updateEv) for i._ZN13cNetTransport6Socket6updateEv
    lib.o(.ARM.exidx) refers to lib.o(i._ZN13cNetTransport6Socket4fillEPKct) for i._ZN13cNetTransport6Socket4fillEPKct
    lib.o(.ARM.exidx) refers to lib.o(i._ZN7cNetUDP7getAddrEv) for i._ZN7cNetUDP7getAddrEv
    lib.o(.ARM.exidx) refers to lib.o(i._ZN7cNetUDP10getAddrPhyEv) for i._ZN7cNetUDP10getAddrPhyEv
    lib.o(t._ZN8cNetTYPEIjEaSEj) refers to lib.o(i._Z4htonj) for hton(unsigned)
    lib.o(.ARM.exidx) refers to lib.o(t._ZN8cNetTYPEIjEaSEj) for t._ZN8cNetTYPEIjEaSEj
    lib.o(t._ZN8cNetTYPEIjEcvjEv) refers to lib.o(i._Z4ntohj) for ntoh(unsigned)
    lib.o(.ARM.exidx) refers to lib.o(t._ZN8cNetTYPEIjEcvjEv) for t._ZN8cNetTYPEIjEcvjEv
    lib.o(.ARM.exidx) refers to lib.o(i._ZN8cNetDHCP8OnUpdateEv) for i._ZN8cNetDHCP8OnUpdateEv
    lib.o(.ARM.exidx) refers to lib.o(i._ZN7cNetTCP7getAddrEv) for i._ZN7cNetTCP7getAddrEv
    lib.o(.ARM.exidx) refers to lib.o(i._ZN7cNetTCP10getAddrPhyEv) for i._ZN7cNetTCP10getAddrPhyEv
    lib.o(.ARM.exidx) refers to lib.o(i._ZN7cNetTCP6Header13setDataOffsetEh) for i._ZN7cNetTCP6Header13setDataOffsetEh
    lib.o(.ARM.exidx) refers to lib.o(i._ZN7cNetTCP6Header13getDataOffsetEv) for i._ZN7cNetTCP6Header13getDataOffsetEv
    lib.o(.ARM.exidx) refers to lib.o(i._ZN12cDevAnalogIn3getEv) for i._ZN12cDevAnalogIn3getEv
    lib.o(.ARM.exidx) refers to lib.o(i._ZN12cDevAnalogIncvfEv) for i._ZN12cDevAnalogIncvfEv
    lib.o(.ARM.exidx) refers to lib.o(i._ZN13cDevAnalogOutaSEf) for i._ZN13cDevAnalogOutaSEf
    lib.o(.ARM.exidx) refers to lib.o(i._ZN11cDevDigital3setEv) for i._ZN11cDevDigital3setEv
    lib.o(.ARM.exidx) refers to lib.o(i._ZN11cDevDigital3clrEv) for i._ZN11cDevDigital3clrEv
    lib.o(.ARM.exidx) refers to lib.o(i._ZN11cDevDigital6toggleEv) for i._ZN11cDevDigital6toggleEv
    lib.o(.ARM.exidx) refers to lib.o(i._ZN11cDevDigital8getEventEv) for i._ZN11cDevDigital8getEventEv
    lib.o(.ARM.exidx) refers to lib.o(i._ZN11cDevDigitalaSEb) for i._ZN11cDevDigitalaSEb
    lib.o(.ARM.exidx) refers to lib.o(i._ZN11cDevDigitalaSERS_) for i._ZN11cDevDigitalaSERS_
    lib.o(.ARM.exidx) refers to lib.o(i._ZN11cDevDigitalcvbEv) for i._ZN11cDevDigitalcvbEv
    lib.o(.ARM.exidx) refers to lib.o(i._ZN20cDevDigitalIndicator3setEv) for i._ZN20cDevDigitalIndicator3setEv
    lib.o(.ARM.exidx) refers to lib.o(i._ZN20cDevDigitalIndicator7triggerEt) for i._ZN20cDevDigitalIndicator7triggerEt
    lib.o(.ARM.exidx) refers to lib.o(i._ZN10cHwDisplay16getNumberOfLinesEv) for i._ZN10cHwDisplay16getNumberOfLinesEv
    lib.o(.ARM.exidx) refers to lib.o(i._ZN10cHwDisplay18getNumberOfColumnsEv) for i._ZN10cHwDisplay18getNumberOfColumnsEv
    lib.o(.ARM.exidx) refers to lib.o(i._ZN17cHwDisplayGraphic7refreshEv) for i._ZN17cHwDisplayGraphic7refreshEv
    lib.o(.ARM.exidx) refers to lib.o(i._ZN17cHwDisplayGraphic14getDefaultFontEv) for i._ZN17cHwDisplayGraphic14getDefaultFontEv
    lib.o(.ARM.exidx) refers to lib.o(i._ZN17cHwDisplayGraphic8getWidthEv) for i._ZN17cHwDisplayGraphic8getWidthEv
    lib.o(.ARM.exidx) refers to lib.o(i._ZN17cHwDisplayGraphic9getHeightEv) for i._ZN17cHwDisplayGraphic9getHeightEv
    lib.o(.ARM.exidx) refers to lib.o(i._ZN12cTaskHandler12getCycleTimeEv) for i._ZN12cTaskHandler12getCycleTimeEv
    lib.o(.ARM.exidx) refers to lib.o(i._ZN12cTaskHandler7getTicsEv) for i._ZN12cTaskHandler7getTicsEv
    lib.o(i._ZN12cTaskHandler3runEv) refers to lib.o(i._ZN7cSystem16disableInterruptEv) for cSystem::disableInterrupt()
    lib.o(i._ZN12cTaskHandler3runEv) refers to lib.o(i._ZN7cSystem15enableInterruptEv) for cSystem::enableInterrupt()
    lib.o(i._ZN12cTaskHandler3runEv) refers to lib.o(i._ZN5cList9updateAllEv) for cList::updateAll()
    lib.o(.ARM.exidx) refers to lib.o(i._ZN12cTaskHandler3runEv) for i._ZN12cTaskHandler3runEv
    lib.o(.ARM.exidx) refers to lib.o(i._ZN12cTaskHandler6updateEv) for i._ZN12cTaskHandler6updateEv
    lib.o(i._ZN12cHwSPImaster6Device5startEv) refers to lib.o(i._ZN7cHwPort3Pin3clrEv) for cHwPort::Pin::clr()
    lib.o(.ARM.exidx) refers to lib.o(i._ZN12cHwSPImaster6Device5startEv) for i._ZN12cHwSPImaster6Device5startEv
    lib.o(i._ZN12cHwSPImaster6Device4stopEv) refers to lib.o(i._ZN7cHwPort3Pin3setEv) for cHwPort::Pin::set()
    lib.o(.ARM.exidx) refers to lib.o(i._ZN12cHwSPImaster6Device4stopEv) for i._ZN12cHwSPImaster6Device4stopEv
    lib.o(.ARM.exidx) refers to lib.o(i._ZN12cHwSPImaster6Device4readEv) for i._ZN12cHwSPImaster6Device4readEv
    lib.o(i._ZN12cHwSPImaster6Device4readEPht) refers to lib.o(i._ZN7cSystem16disableInterruptEv) for cSystem::disableInterrupt()
    lib.o(i._ZN12cHwSPImaster6Device4readEPht) refers to lib.o(i._ZN12cHwSPImaster6Device5startEv) for cHwSPImaster::Device::start()
    lib.o(i._ZN12cHwSPImaster6Device4readEPht) refers to lib.o(i._ZN12cHwSPImaster6Device4stopEv) for cHwSPImaster::Device::stop()
    lib.o(i._ZN12cHwSPImaster6Device4readEPht) refers to lib.o(i._ZN7cSystem15enableInterruptEv) for cSystem::enableInterrupt()
    lib.o(.ARM.exidx) refers to lib.o(i._ZN12cHwSPImaster6Device4readEPht) for i._ZN12cHwSPImaster6Device4readEPht
    lib.o(.ARM.exidx) refers to lib.o(i._ZN12cHwSPImaster6Device5writeEh) for i._ZN12cHwSPImaster6Device5writeEh
    lib.o(i._ZN12cHwSPImaster6Device5writeEt) refers to lib.o(i._ZN7cSystem16disableInterruptEv) for cSystem::disableInterrupt()
    lib.o(i._ZN12cHwSPImaster6Device5writeEt) refers to lib.o(i._ZN12cHwSPImaster6Device5startEv) for cHwSPImaster::Device::start()
    lib.o(i._ZN12cHwSPImaster6Device5writeEt) refers to lib.o(i._ZN12cHwSPImaster6Device4stopEv) for cHwSPImaster::Device::stop()
    lib.o(i._ZN12cHwSPImaster6Device5writeEt) refers to lib.o(i._ZN7cSystem15enableInterruptEv) for cSystem::enableInterrupt()
    lib.o(.ARM.exidx) refers to lib.o(i._ZN12cHwSPImaster6Device5writeEt) for i._ZN12cHwSPImaster6Device5writeEt
    lib.o(i._ZN12cHwSPImaster6Device5writeEPht) refers to lib.o(i._ZN7cSystem16disableInterruptEv) for cSystem::disableInterrupt()
    lib.o(i._ZN12cHwSPImaster6Device5writeEPht) refers to lib.o(i._ZN12cHwSPImaster6Device5startEv) for cHwSPImaster::Device::start()
    lib.o(i._ZN12cHwSPImaster6Device5writeEPht) refers to lib.o(i._ZN12cHwSPImaster6Device4stopEv) for cHwSPImaster::Device::stop()
    lib.o(i._ZN12cHwSPImaster6Device5writeEPht) refers to lib.o(i._ZN7cSystem15enableInterruptEv) for cSystem::enableInterrupt()
    lib.o(.ARM.exidx) refers to lib.o(i._ZN12cHwSPImaster6Device5writeEPht) for i._ZN12cHwSPImaster6Device5writeEPht
    lib.o(i._ZN12cHwSPImaster6Device8writeExtEhh) refers to lib.o(i._ZN7cSystem16disableInterruptEv) for cSystem::disableInterrupt()
    lib.o(i._ZN12cHwSPImaster6Device8writeExtEhh) refers to lib.o(i._ZN12cHwSPImaster6Device5startEv) for cHwSPImaster::Device::start()
    lib.o(i._ZN12cHwSPImaster6Device8writeExtEhh) refers to lib.o(i._ZN12cHwSPImaster6Device4stopEv) for cHwSPImaster::Device::stop()
    lib.o(i._ZN12cHwSPImaster6Device8writeExtEhh) refers to lib.o(i._ZN7cSystem15enableInterruptEv) for cSystem::enableInterrupt()
    lib.o(.ARM.exidx) refers to lib.o(i._ZN12cHwSPImaster6Device8writeExtEhh) for i._ZN12cHwSPImaster6Device8writeExtEhh
    lib.o(i._ZN12cHwSPImaster6Device8writeExtEht) refers to lib.o(i._ZN7cSystem16disableInterruptEv) for cSystem::disableInterrupt()
    lib.o(i._ZN12cHwSPImaster6Device8writeExtEht) refers to lib.o(i._ZN12cHwSPImaster6Device5startEv) for cHwSPImaster::Device::start()
    lib.o(i._ZN12cHwSPImaster6Device8writeExtEht) refers to lib.o(i._ZN12cHwSPImaster6Device4stopEv) for cHwSPImaster::Device::stop()
    lib.o(i._ZN12cHwSPImaster6Device8writeExtEht) refers to lib.o(i._ZN7cSystem15enableInterruptEv) for cSystem::enableInterrupt()
    lib.o(.ARM.exidx) refers to lib.o(i._ZN12cHwSPImaster6Device8writeExtEht) for i._ZN12cHwSPImaster6Device8writeExtEht
    lib.o(.ARM.exidx) refers to lib.o(i._ZN7cHwPort3Pin3setEv) for i._ZN7cHwPort3Pin3setEv
    lib.o(.ARM.exidx) refers to lib.o(i._ZN7cHwPort3Pin3clrEv) for i._ZN7cHwPort3Pin3clrEv
    lib.o(.constdata__ZTVN5cList4ItemE) refers to main.o(.constdata__ZTIN5cList4ItemE) for typeinfo for cList::Item
    lib.o(.constdata__ZTVN5cList4ItemE) refers to lib.o(i._ZN5cList4Item6updateEv) for cList::Item::update()
    lib.o(.constdata__ZTVN7cHwPort3PinE) refers to lib.o(.constdata__ZTIN7cHwPort3PinE) for typeinfo for cHwPort::Pin
    lib.o(.constdata__ZTVN7cHwPort3PinE) refers to lib.o(i._ZN7cHwPort3Pin7setModeENS_4ModeE) for cHwPort::Pin::setMode(cHwPort::Mode)
    lib.o(.constdata__ZTVN7cHwPort3PinE) refers to lib.o(i._ZN7cHwPort3Pin3setEv) for cHwPort::Pin::set()
    lib.o(.constdata__ZTVN7cHwPort3PinE) refers to lib.o(i._ZN7cHwPort3Pin3setEb) for cHwPort::Pin::set(bool)
    lib.o(.constdata__ZTVN7cHwPort3PinE) refers to lib.o(i._ZN7cHwPort3Pin3clrEv) for cHwPort::Pin::clr()
    lib.o(.constdata__ZTVN7cHwPort3PinE) refers to lib.o(i._ZN7cHwPort3Pin3getEv) for cHwPort::Pin::get()
    lib.o(.constdata__ZTV7cHwPort) refers to lib.o(.constdata__ZTI7cHwPort) for typeinfo for cHwPort
    lib.o(.constdata__ZTV7cHwPort) refers to lib.o(i.__cxa_pure_virtual) for __cxa_pure_virtual
    lib.o(.constdata__ZTV6cHwRTC) refers to lib.o(.constdata__ZTI6cHwRTC) for typeinfo for cHwRTC
    lib.o(.constdata__ZTV6cHwRTC) refers to lib.o(i.__cxa_pure_virtual) for __cxa_pure_virtual
    lib.o(.constdata__ZTV12cHwUSBinterf) refers to lib.o(.constdata__ZTI12cHwUSBinterf) for typeinfo for cHwUSBinterf
    lib.o(.constdata__ZTV12cHwUSBinterf) refers to lib.o(i.__cxa_pure_virtual) for __cxa_pure_virtual
    lib.o(.constdata__ZTV12cHwUSBinterf) refers to lib.o(i._ZN12cHwUSBinterf13GetDescriptorEt) for cHwUSBinterf::GetDescriptor(unsigned short)
    lib.o(.constdata__ZTV12cHwUSBinterf) refers to lib.o(i._ZN12cHwUSBinterf10clrFeatureEv) for cHwUSBinterf::clrFeature()
    lib.o(.constdata__ZTV12cHwUSBinterf) refers to lib.o(i._ZN12cHwUSBinterf10setFeatureEv) for cHwUSBinterf::setFeature()
    lib.o(.constdata__ZTV15cNetApplication) refers to lib.o(.constdata__ZTI15cNetApplication) for typeinfo for cNetApplication
    lib.o(.constdata__ZTV15cNetApplication) refers to lib.o(i._ZN15cNetApplication6updateEv) for cNetApplication::update()
    lib.o(.constdata__ZTV15cNetApplication) refers to lib.o(i.__cxa_pure_virtual) for __cxa_pure_virtual
    lib.o(.constdata__ZTV15cNetApplication) refers to lib.o(i._ZN15cNetApplication10setTimeoutEtt) for cNetApplication::setTimeout(unsigned short, unsigned short)
    lib.o(.constdata__ZTIN13cNetTransport6SocketE) refers to lib_rtti_impl.o(.constdata__ZTVN10__cxxabiv120__si_class_type_infoE) for vtable for __cxxabiv1::__si_class_type_info
    lib.o(.constdata__ZTIN13cNetTransport6SocketE) refers to lib.o(.constdata__ZTSN13cNetTransport6SocketE) for typeinfo name for cNetTransport::Socket
    lib.o(.constdata__ZTIN13cNetTransport6SocketE) refers to main.o(.constdata__ZTIN5cList4ItemE) for typeinfo for cList::Item
    lib.o(.constdata__ZTVN6cNetIP13cTimeOutTimerE) refers to lib.o(.constdata__ZTIN6cNetIP13cTimeOutTimerE) for typeinfo for cNetIP::cTimeOutTimer
    lib.o(.constdata__ZTVN6cNetIP13cTimeOutTimerE) refers to lib.o(i._ZN6cNetIP13cTimeOutTimer6updateEv) for cNetIP::cTimeOutTimer::update()
    lib.o(.constdata__ZTI8cHwTimer) refers to lib_rtti_impl.o(.constdata__ZTVN10__cxxabiv117__class_type_infoE) for vtable for __cxxabiv1::__class_type_info
    lib.o(.constdata__ZTI8cHwTimer) refers to lib.o(.constdata__ZTS8cHwTimer) for typeinfo name for cHwTimer
    lib.o(.constdata__ZTI11cDevDigital) refers to lib_rtti_impl.o(.constdata__ZTVN10__cxxabiv117__class_type_infoE) for vtable for __cxxabiv1::__class_type_info
    lib.o(.constdata__ZTI11cDevDigital) refers to lib.o(.constdata__ZTS11cDevDigital) for typeinfo name for cDevDigital
    lib.o(.constdata__ZTV10cHwDisplay) refers to lib.o(.constdata__ZTI10cHwDisplay) for typeinfo for cHwDisplay
    lib.o(.constdata__ZTV10cHwDisplay) refers to lib.o(i.__cxa_pure_virtual) for __cxa_pure_virtual
    lib.o(.constdata__ZTV10cHwDisplay) refers to lib.o(i._ZN10cHwDisplay16getNumberOfLinesEv) for cHwDisplay::getNumberOfLines()
    lib.o(.constdata__ZTV10cHwDisplay) refers to lib.o(i._ZN10cHwDisplay18getNumberOfColumnsEv) for cHwDisplay::getNumberOfColumns()
    lib.o(.constdata__ZTV11cDevDisplay) refers to lib.o(.constdata__ZTI11cDevDisplay) for typeinfo for cDevDisplay
    lib.o(.constdata__ZTV11cDevDisplay) refers to lib.o(i.__cxa_pure_virtual) for __cxa_pure_virtual
    lib.o(.constdata__ZTI17cHwDisplayGraphic) refers to lib_rtti_impl.o(.constdata__ZTVN10__cxxabiv120__si_class_type_infoE) for vtable for __cxxabiv1::__si_class_type_info
    lib.o(.constdata__ZTI17cHwDisplayGraphic) refers to lib.o(.constdata__ZTS17cHwDisplayGraphic) for typeinfo name for cHwDisplayGraphic
    lib.o(.constdata__ZTI17cHwDisplayGraphic) refers to lib.o(.constdata__ZTI10cHwDisplay) for typeinfo for cHwDisplay
    lib.o(.constdata__ZTV9cHwMemory) refers to lib.o(.constdata__ZTI9cHwMemory) for typeinfo for cHwMemory
    lib.o(.constdata__ZTV9cHwMemory) refers to lib.o(i.__cxa_pure_virtual) for __cxa_pure_virtual
    lib.o(.constdata__ZTV9cHwMemory) refers to lib.o(i._ZN9cHwMemory5writeEjh) for cHwMemory::write(unsigned, unsigned char)
    lib.o(.constdata__ZTV9cHwMemory) refers to lib.o(i._ZN9cHwMemory4readEj) for cHwMemory::read(unsigned)
    lib.o(.constdata__ZTV9cHwMemory) refers to lib.o(i._ZN9cHwMemory5clearEj) for cHwMemory::clear(unsigned)
    lib.o(.constdata__ZTV9cHwMemory) refers to lib.o(i._ZN9cHwMemory7getSizeEv) for cHwMemory::getSize()
    lib.o(.constdata__ZTV9cHwMemory) refers to lib.o(i._ZN9cHwMemory7isFlashEv) for cHwMemory::isFlash()
    lib.o(.constdata__ZTI6cHwADC) refers to lib_rtti_impl.o(.constdata__ZTVN10__cxxabiv120__si_class_type_infoE) for vtable for __cxxabiv1::__si_class_type_info
    lib.o(.constdata__ZTI6cHwADC) refers to lib.o(.constdata__ZTS6cHwADC) for typeinfo name for cHwADC
    lib.o(.constdata__ZTI6cHwADC) refers to main.o(.constdata__ZTIN5cList4ItemE) for typeinfo for cList::Item
    lib.o(.constdata__ZTV6cHwDAC) refers to lib.o(.constdata__ZTI6cHwDAC) for typeinfo for cHwDAC
    lib.o(.constdata__ZTV6cHwDAC) refers to lib.o(i.__cxa_pure_virtual) for __cxa_pure_virtual
    lib.o(.constdata__ZTV6cHwDAC) refers to lib.o(i._ZN6cHwDAC19getNumberOfChannelsEv) for cHwDAC::getNumberOfChannels()
    lib.o(.constdata__ZTV8cHwDAC_0) refers to lib.o(.constdata__ZTI8cHwDAC_0) for typeinfo for cHwDAC_0
    lib.o(.constdata__ZTV8cHwDAC_0) refers to lib.o(i._ZN8cHwDAC_03setEth) for cHwDAC_0::set(unsigned short, unsigned char)
    lib.o(.constdata__ZTV8cHwDAC_0) refers to lib.o(i._ZN8cHwDAC_06enableEh) for cHwDAC_0::enable(unsigned char)
    lib.o(.constdata__ZTV8cHwDAC_0) refers to lib.o(i._ZN6cHwDAC19getNumberOfChannelsEv) for cHwDAC::getNumberOfChannels()
    lib.o(.constdata__ZTI9cHwPort_N) refers to lib_rtti_impl.o(.constdata__ZTVN10__cxxabiv120__si_class_type_infoE) for vtable for __cxxabiv1::__si_class_type_info
    lib.o(.constdata__ZTI9cHwPort_N) refers to lib.o(.constdata__ZTS9cHwPort_N) for typeinfo name for cHwPort_N
    lib.o(.constdata__ZTI9cHwPort_N) refers to lib.o(.constdata__ZTI7cHwPort) for typeinfo for cHwPort
    lib.o(.constdata__ZTV9cHwUART_N) refers to lib.o(.constdata__ZTI9cHwUART_N) for typeinfo for cHwUART_N
    lib.o(.constdata__ZTV9cHwUART_N) refers to lib.o(i._ZN7cHwUART3setEh) for cHwUART::set(unsigned char)
    lib.o(.constdata__ZTV9cHwUART_N) refers to lib.o(i._ZN7cHwUART3setEPKhh) for cHwUART::set(const unsigned char*, unsigned char)
    lib.o(.constdata__ZTV9cHwUART_N) refers to lib.o(i._ZN7cHwUART3setEPKc) for cHwUART::set(const char*)
    lib.o(.constdata__ZTV9cHwUART_N) refers to lib.o(i._ZN7cHwUART14isTxBufferFullEv) for cHwUART::isTxBufferFull()
    lib.o(.constdata__ZTV9cHwUART_N) refers to lib.o(i._ZN7cHwUART3getEPh) for cHwUART::get(unsigned char*)
    lib.o(.constdata__ZTV9cHwUART_N) refers to lib.o(i._ZN7cHwUART3getEv) for cHwUART::get()
    lib.o(.constdata__ZTV9cHwUART_N) refers to lib.o(i._ZN7cHwUART5isrRxEv) for cHwUART::isrRx()
    lib.o(.constdata__ZTV9cHwUART_N) refers to lib.o(i._ZN7cHwUART5isrTxEv) for cHwUART::isrTx()
    lib.o(.constdata__ZTV9cHwUART_N) refers to lib.o(i._ZN7cHwUART12transmitByteEh) for cHwUART::transmitByte(unsigned char)
    lib.o(.constdata__ZTV9cHwUART_N) refers to lib.o(i._ZN9cHwUART_N7setByteEh) for cHwUART_N::setByte(unsigned char)
    lib.o(.constdata__ZTV9cHwUART_N) refers to lib.o(i._ZN9cHwUART_N7getByteEv) for cHwUART_N::getByte()
    lib.o(.constdata__ZTI7cHwUART) refers to lib_rtti_impl.o(.constdata__ZTVN10__cxxabiv117__class_type_infoE) for vtable for __cxxabiv1::__class_type_info
    lib.o(.constdata__ZTI7cHwUART) refers to lib.o(.constdata__ZTS7cHwUART) for typeinfo name for cHwUART
    lib.o(.constdata__ZTI6cHwUSB) refers to lib_rtti_impl.o(.constdata__ZTVN10__cxxabiv117__class_type_infoE) for vtable for __cxxabiv1::__class_type_info
    lib.o(.constdata__ZTI6cHwUSB) refers to lib.o(.constdata__ZTS6cHwUSB) for typeinfo name for cHwUSB
    lib.o(.constdata__ZTI8cHwUSB_0) refers to lib_rtti_impl.o(.constdata__ZTVN10__cxxabiv120__si_class_type_infoE) for vtable for __cxxabiv1::__si_class_type_info
    lib.o(.constdata__ZTI8cHwUSB_0) refers to lib.o(.constdata__ZTS8cHwUSB_0) for typeinfo name for cHwUSB_0
    lib.o(.constdata__ZTI8cHwUSB_0) refers to lib.o(.constdata__ZTI6cHwUSB) for typeinfo for cHwUSB
    lib.o(.constdata__ZTI11cHwEthernet) refers to lib_rtti_impl.o(.constdata__ZTVN10__cxxabiv117__class_type_infoE) for vtable for __cxxabiv1::__class_type_info
    lib.o(.constdata__ZTI11cHwEthernet) refers to lib.o(.constdata__ZTS11cHwEthernet) for typeinfo name for cHwEthernet
    lib.o(.constdata__ZTI12cHwI2Cmaster) refers to lib_rtti_impl.o(.constdata__ZTVN10__cxxabiv117__class_type_infoE) for vtable for __cxxabiv1::__class_type_info
    lib.o(.constdata__ZTI12cHwI2Cmaster) refers to lib.o(.constdata__ZTS12cHwI2Cmaster) for typeinfo name for cHwI2Cmaster
    lib.o(.constdata__ZTI17cHwI2Cmaster_Emul) refers to lib_rtti_impl.o(.constdata__ZTVN10__cxxabiv120__si_class_type_infoE) for vtable for __cxxabiv1::__si_class_type_info
    lib.o(.constdata__ZTI17cHwI2Cmaster_Emul) refers to lib.o(.constdata__ZTS17cHwI2Cmaster_Emul) for typeinfo name for cHwI2Cmaster_Emul
    lib.o(.constdata__ZTI17cHwI2Cmaster_Emul) refers to lib.o(.constdata__ZTI12cHwI2Cmaster) for typeinfo for cHwI2Cmaster
    lib.o(.constdata__ZTV12cHwSPImaster) refers to lib.o(.constdata__ZTI12cHwSPImaster) for typeinfo for cHwSPImaster
    lib.o(.constdata__ZTV12cHwSPImaster) refers to lib.o(i.__cxa_pure_virtual) for __cxa_pure_virtual
    lib.o(.constdata__ZTIN12cHwSPImaster6DeviceE) refers to lib_rtti_impl.o(.constdata__ZTVN10__cxxabiv117__class_type_infoE) for vtable for __cxxabiv1::__class_type_info
    lib.o(.constdata__ZTIN12cHwSPImaster6DeviceE) refers to lib.o(.constdata__ZTSN12cHwSPImaster6DeviceE) for typeinfo name for cHwSPImaster::Device
    lib.o(.constdata__ZTV8cHwTouch) refers to lib.o(.constdata__ZTI8cHwTouch) for typeinfo for cHwTouch
    lib.o(.constdata__ZTV8cHwTouch) refers to lib.o(i.__cxa_pure_virtual) for __cxa_pure_virtual
    lib.o(.constdata__ZTV8cHwTouch) refers to lib.o(i._ZN8cHwTouch7getPosXEv) for cHwTouch::getPosX()
    lib.o(.constdata__ZTV8cHwTouch) refers to lib.o(i._ZN8cHwTouch7getPosYEv) for cHwTouch::getPosY()
    lib.o(.constdata__ZTV8cHwTouch) refers to lib.o(i._ZN8cHwTouch9isTouchedEv) for cHwTouch::isTouched()
    lib.o(.constdata__ZTI10cHwUSBdesc) refers to lib_rtti_impl.o(.constdata__ZTVN10__cxxabiv117__class_type_infoE) for vtable for __cxxabiv1::__class_type_info
    lib.o(.constdata__ZTI10cHwUSBdesc) refers to lib.o(.constdata__ZTS10cHwUSBdesc) for typeinfo name for cHwUSBdesc
    lib.o(.constdata__ZTI10cHwUSBctrl) refers to lib_rtti_impl.o(.constdata__ZTVN10__cxxabiv117__class_type_infoE) for vtable for __cxxabiv1::__class_type_info
    lib.o(.constdata__ZTI10cHwUSBctrl) refers to lib.o(.constdata__ZTS10cHwUSBctrl) for typeinfo name for cHwUSBctrl
    lib.o(.constdata__ZTI7cNetTCP) refers to lib_rtti_impl.o(.constdata__ZTVN10__cxxabiv120__si_class_type_infoE) for vtable for __cxxabiv1::__si_class_type_info
    lib.o(.constdata__ZTI7cNetTCP) refers to lib.o(.constdata__ZTS7cNetTCP) for typeinfo name for cNetTCP
    lib.o(.constdata__ZTI7cNetTCP) refers to lib.o(.constdata__ZTI13cNetTransport) for typeinfo for cNetTransport
    lib.o(.constdata__ZTI7cNetUDP) refers to lib_rtti_impl.o(.constdata__ZTVN10__cxxabiv120__si_class_type_infoE) for vtable for __cxxabiv1::__si_class_type_info
    lib.o(.constdata__ZTI7cNetUDP) refers to lib.o(.constdata__ZTS7cNetUDP) for typeinfo name for cNetUDP
    lib.o(.constdata__ZTI7cNetUDP) refers to lib.o(.constdata__ZTI13cNetTransport) for typeinfo for cNetTransport
    lib.o(.constdata__ZTI13cNetTransport) refers to lib_rtti_impl.o(.constdata__ZTVN10__cxxabiv117__class_type_infoE) for vtable for __cxxabiv1::__class_type_info
    lib.o(.constdata__ZTI13cNetTransport) refers to lib.o(.constdata__ZTS13cNetTransport) for typeinfo name for cNetTransport
    lib.o(.constdata__ZTIN7cNetTCP6SocketE) refers to lib_rtti_impl.o(.constdata__ZTVN10__cxxabiv120__si_class_type_infoE) for vtable for __cxxabiv1::__si_class_type_info
    lib.o(.constdata__ZTIN7cNetTCP6SocketE) refers to lib.o(.constdata__ZTSN7cNetTCP6SocketE) for typeinfo name for cNetTCP::Socket
    lib.o(.constdata__ZTIN7cNetTCP6SocketE) refers to lib.o(.constdata__ZTIN13cNetTransport6SocketE) for typeinfo for cNetTransport::Socket
    lib.o(.constdata__ZTIN7cNetUDP6SocketE) refers to lib_rtti_impl.o(.constdata__ZTVN10__cxxabiv120__si_class_type_infoE) for vtable for __cxxabiv1::__si_class_type_info
    lib.o(.constdata__ZTIN7cNetUDP6SocketE) refers to lib.o(.constdata__ZTSN7cNetUDP6SocketE) for typeinfo name for cNetUDP::Socket
    lib.o(.constdata__ZTIN7cNetUDP6SocketE) refers to lib.o(.constdata__ZTIN13cNetTransport6SocketE) for typeinfo for cNetTransport::Socket
    lib.o(.constdata__ZTV12cDevAnalogIn) refers to lib.o(.constdata__ZTI12cDevAnalogIn) for typeinfo for cDevAnalogIn
    lib.o(.constdata__ZTV12cDevAnalogIn) refers to lib.o(i._ZN12cDevAnalogIn3getEv) for cDevAnalogIn::get()
    lib.o(.constdata__ZTV12cDevAnalogIn) refers to lib.o(i._ZN12cDevAnalogIncvfEv) for cDevAnalogIn::operator float()
    lib.o(.constdata__ZTV12cDevAnalogIn) refers to lib.o(i.__cxa_pure_virtual) for __cxa_pure_virtual
    lib.o(.constdata__ZTI13cDevAnalogOut) refers to lib_rtti_impl.o(.constdata__ZTVN10__cxxabiv121__vmi_class_type_infoE) for vtable for __cxxabiv1::__vmi_class_type_info
    lib.o(.constdata__ZTI13cDevAnalogOut) refers to lib.o(.constdata__ZTS13cDevAnalogOut) for typeinfo name for cDevAnalogOut
    lib.o(.constdata__ZTI13cDevAnalogOut) refers to lib.o(.constdata__ZTI10cDevAnalog) for typeinfo for cDevAnalog
    lib.o(.constdata__ZTI20cDevDigitalIndicator) refers to lib_rtti_impl.o(.constdata__ZTVN10__cxxabiv120__si_class_type_infoE) for vtable for __cxxabiv1::__si_class_type_info
    lib.o(.constdata__ZTI20cDevDigitalIndicator) refers to lib.o(.constdata__ZTS20cDevDigitalIndicator) for typeinfo name for cDevDigitalIndicator
    lib.o(.constdata__ZTI20cDevDigitalIndicator) refers to main.o(.constdata__ZTIN5cList4ItemE) for typeinfo for cList::Item
    lib.o(.constdata__ZTI18cDevDisplayGraphic) refers to lib_rtti_impl.o(.constdata__ZTVN10__cxxabiv120__si_class_type_infoE) for vtable for __cxxabiv1::__si_class_type_info
    lib.o(.constdata__ZTI18cDevDisplayGraphic) refers to lib.o(.constdata__ZTS18cDevDisplayGraphic) for typeinfo name for cDevDisplayGraphic
    lib.o(.constdata__ZTI18cDevDisplayGraphic) refers to lib.o(.constdata__ZTI11cDevDisplay) for typeinfo for cDevDisplay
    lib.o(.constdata__ZTI10cDevTextIO) refers to lib_rtti_impl.o(.constdata__ZTVN10__cxxabiv117__class_type_infoE) for vtable for __cxxabiv1::__class_type_info
    lib.o(.constdata__ZTI10cDevTextIO) refers to lib.o(.constdata__ZTS10cDevTextIO) for typeinfo name for cDevTextIO
    lib.o(.constdata__ZTV15cDevTextIO_UART) refers to lib.o(.constdata__ZTI15cDevTextIO_UART) for typeinfo for cDevTextIO_UART
    lib.o(.constdata__ZTV15cDevTextIO_UART) refers to lib.o(i._ZN10cDevTextIO6printfEPKcz) for cDevTextIO::printf(const char*, ...)
    lib.o(.constdata__ZTV15cDevTextIO_UART) refers to lib.o(i._ZN15cDevTextIO_UART3setEPhh) for cDevTextIO_UART::set(unsigned char*, unsigned char)
    lib.o(.constdata__ZTV15cDevTextIO_UART) refers to lib.o(i._ZN15cDevTextIO_UART3getEPh) for cDevTextIO_UART::get(unsigned char*)
    lib.o(.constdata__ZTI18cDevControlEncoder) refers to lib_rtti_impl.o(.constdata__ZTVN10__cxxabiv120__si_class_type_infoE) for vtable for __cxxabiv1::__si_class_type_info
    lib.o(.constdata__ZTI18cDevControlEncoder) refers to lib.o(.constdata__ZTS18cDevControlEncoder) for typeinfo name for cDevControlEncoder
    lib.o(.constdata__ZTI18cDevControlEncoder) refers to main.o(.constdata__ZTIN5cList4ItemE) for typeinfo for cList::Item
    lib.o(.constdata__ZTV6cTimer) refers to lib.o(.constdata__ZTI6cTimer) for typeinfo for cTimer
    lib.o(.constdata__ZTV6cTimer) refers to lib.o(i.__cxa_pure_virtual) for __cxa_pure_virtual
    lib.o(.constdata__ZTI12cTaskHandler) refers to lib_rtti_impl.o(.constdata__ZTVN10__cxxabiv120__si_class_type_infoE) for vtable for __cxxabiv1::__si_class_type_info
    lib.o(.constdata__ZTI12cTaskHandler) refers to lib.o(.constdata__ZTS12cTaskHandler) for typeinfo name for cTaskHandler
    lib.o(.constdata__ZTI12cTaskHandler) refers to main.o(.constdata__ZTIN5cList4ItemE) for typeinfo for cList::Item
    lib.o(.constdata__ZTVN12cTaskHandler4TaskE) refers to main.o(.constdata__ZTIN12cTaskHandler4TaskE) for typeinfo for cTaskHandler::Task
    lib.o(.constdata__ZTVN12cTaskHandler4TaskE) refers to lib.o(i.__cxa_pure_virtual) for __cxa_pure_virtual
    lib.o(.constdata__ZTI8cHwADC_0) refers to lib_rtti_impl.o(.constdata__ZTVN10__cxxabiv120__si_class_type_infoE) for vtable for __cxxabiv1::__si_class_type_info
    lib.o(.constdata__ZTI8cHwADC_0) refers to lib.o(.constdata__ZTS8cHwADC_0) for typeinfo name for cHwADC_0
    lib.o(.constdata__ZTI8cHwADC_0) refers to lib.o(.constdata__ZTI6cHwADC) for typeinfo for cHwADC
    lib.o(.constdata__ZTI15cHwEthernet_MCU) refers to lib_rtti_impl.o(.constdata__ZTVN10__cxxabiv120__si_class_type_infoE) for vtable for __cxxabiv1::__si_class_type_info
    lib.o(.constdata__ZTI15cHwEthernet_MCU) refers to lib.o(.constdata__ZTS15cHwEthernet_MCU) for typeinfo name for cHwEthernet_MCU
    lib.o(.constdata__ZTI15cHwEthernet_MCU) refers to lib.o(.constdata__ZTI11cHwEthernet) for typeinfo for cHwEthernet
    lib.o(.constdata__ZTIN12cHwI2Cmaster6DeviceE) refers to lib_rtti_impl.o(.constdata__ZTVN10__cxxabiv117__class_type_infoE) for vtable for __cxxabiv1::__class_type_info
    lib.o(.constdata__ZTIN12cHwI2Cmaster6DeviceE) refers to lib.o(.constdata__ZTSN12cHwI2Cmaster6DeviceE) for typeinfo name for cHwI2Cmaster::Device
    lib.o(.constdata__ZTI14cHwI2Cmaster_N) refers to lib_rtti_impl.o(.constdata__ZTVN10__cxxabiv120__si_class_type_infoE) for vtable for __cxxabiv1::__si_class_type_info
    lib.o(.constdata__ZTI14cHwI2Cmaster_N) refers to lib.o(.constdata__ZTS14cHwI2Cmaster_N) for typeinfo name for cHwI2Cmaster_N
    lib.o(.constdata__ZTI14cHwI2Cmaster_N) refers to lib.o(.constdata__ZTI12cHwI2Cmaster) for typeinfo for cHwI2Cmaster
    lib.o(.constdata__ZTI15cHwMemory_Flash) refers to lib_rtti_impl.o(.constdata__ZTVN10__cxxabiv120__si_class_type_infoE) for vtable for __cxxabiv1::__si_class_type_info
    lib.o(.constdata__ZTI15cHwMemory_Flash) refers to lib.o(.constdata__ZTS15cHwMemory_Flash) for typeinfo name for cHwMemory_Flash
    lib.o(.constdata__ZTI15cHwMemory_Flash) refers to lib.o(.constdata__ZTI9cHwMemory) for typeinfo for cHwMemory
    lib.o(.constdata__ZTI8cHwRTC_0) refers to lib_rtti_impl.o(.constdata__ZTVN10__cxxabiv120__si_class_type_infoE) for vtable for __cxxabiv1::__si_class_type_info
    lib.o(.constdata__ZTI8cHwRTC_0) refers to lib.o(.constdata__ZTS8cHwRTC_0) for typeinfo name for cHwRTC_0
    lib.o(.constdata__ZTI8cHwRTC_0) refers to lib.o(.constdata__ZTI6cHwRTC) for typeinfo for cHwRTC
    lib.o(.constdata__ZTI10cHwTimer_N) refers to lib_rtti_impl.o(.constdata__ZTVN10__cxxabiv120__si_class_type_infoE) for vtable for __cxxabiv1::__si_class_type_info
    lib.o(.constdata__ZTI10cHwTimer_N) refers to lib.o(.constdata__ZTS10cHwTimer_N) for typeinfo name for cHwTimer_N
    lib.o(.constdata__ZTI10cHwTimer_N) refers to lib.o(.constdata__ZTI8cHwTimer) for typeinfo for cHwTimer
    lib.o(.constdata__ZTI8cNetDHCP) refers to lib_rtti_impl.o(.constdata__ZTVN10__cxxabiv120__si_class_type_infoE) for vtable for __cxxabiv1::__si_class_type_info
    lib.o(.constdata__ZTI8cNetDHCP) refers to lib.o(.constdata__ZTS8cNetDHCP) for typeinfo name for cNetDHCP
    lib.o(.constdata__ZTI8cNetDHCP) refers to lib.o(.constdata__ZTI15cNetApplication) for typeinfo for cNetApplication
    lib.o(.constdata__ZTI15cDevAnalogInADC) refers to lib_rtti_impl.o(.constdata__ZTVN10__cxxabiv120__si_class_type_infoE) for vtable for __cxxabiv1::__si_class_type_info
    lib.o(.constdata__ZTI15cDevAnalogInADC) refers to lib.o(.constdata__ZTS15cDevAnalogInADC) for typeinfo name for cDevAnalogInADC
    lib.o(.constdata__ZTI15cDevAnalogInADC) refers to lib.o(.constdata__ZTI12cDevAnalogIn) for typeinfo for cDevAnalogIn
    lib.o(.constdata__ZTI16cDevAnalogOutDAC) refers to lib_rtti_impl.o(.constdata__ZTVN10__cxxabiv120__si_class_type_infoE) for vtable for __cxxabiv1::__si_class_type_info
    lib.o(.constdata__ZTI16cDevAnalogOutDAC) refers to lib.o(.constdata__ZTS16cDevAnalogOutDAC) for typeinfo name for cDevAnalogOutDAC
    lib.o(.constdata__ZTI16cDevAnalogOutDAC) refers to lib.o(.constdata__ZTI13cDevAnalogOut) for typeinfo for cDevAnalogOut
    lib.o(.constdata__ZTI16cDevAnalogOutPWM) refers to lib_rtti_impl.o(.constdata__ZTVN10__cxxabiv120__si_class_type_infoE) for vtable for __cxxabiv1::__si_class_type_info
    lib.o(.constdata__ZTI16cDevAnalogOutPWM) refers to lib.o(.constdata__ZTS16cDevAnalogOutPWM) for typeinfo name for cDevAnalogOutPWM
    lib.o(.constdata__ZTI16cDevAnalogOutPWM) refers to lib.o(.constdata__ZTI13cDevAnalogOut) for typeinfo for cDevAnalogOut
    lib.o(.constdata__ZTI20cDevAnalogOutPWMemul) refers to lib_rtti_impl.o(.constdata__ZTVN10__cxxabiv121__vmi_class_type_infoE) for vtable for __cxxabiv1::__vmi_class_type_info
    lib.o(.constdata__ZTI20cDevAnalogOutPWMemul) refers to lib.o(.constdata__ZTS20cDevAnalogOutPWMemul) for typeinfo name for cDevAnalogOutPWMemul
    lib.o(.constdata__ZTI20cDevAnalogOutPWMemul) refers to lib.o(.constdata__ZTI13cDevAnalogOut) for typeinfo for cDevAnalogOut
    lib.o(.constdata__ZTI20cDevAnalogOutPWMemul) refers to main.o(.constdata__ZTIN5cList4ItemE) for typeinfo for cList::Item
    lib.o(.constdata__ZTI15cDevDisplayChar) refers to lib_rtti_impl.o(.constdata__ZTVN10__cxxabiv120__si_class_type_infoE) for vtable for __cxxabiv1::__si_class_type_info
    lib.o(.constdata__ZTI15cDevDisplayChar) refers to lib.o(.constdata__ZTS15cDevDisplayChar) for typeinfo name for cDevDisplayChar
    lib.o(.constdata__ZTI15cDevDisplayChar) refers to lib.o(.constdata__ZTI11cDevDisplay) for typeinfo for cDevDisplay
    lib.o(.constdata__ZTI26cDevControlEncoderJoystick) refers to lib_rtti_impl.o(.constdata__ZTVN10__cxxabiv120__si_class_type_infoE) for vtable for __cxxabiv1::__si_class_type_info
    lib.o(.constdata__ZTI26cDevControlEncoderJoystick) refers to lib.o(.constdata__ZTS26cDevControlEncoderJoystick) for typeinfo name for cDevControlEncoderJoystick
    lib.o(.constdata__ZTI26cDevControlEncoderJoystick) refers to lib.o(.constdata__ZTI18cDevControlEncoder) for typeinfo for cDevControlEncoder
    lib.o(.constdata__ZTI28cDevControlEncoderRotaryKnob) refers to lib_rtti_impl.o(.constdata__ZTVN10__cxxabiv120__si_class_type_infoE) for vtable for __cxxabiv1::__si_class_type_info
    lib.o(.constdata__ZTI28cDevControlEncoderRotaryKnob) refers to lib.o(.constdata__ZTS28cDevControlEncoderRotaryKnob) for typeinfo name for cDevControlEncoderRotaryKnob
    lib.o(.constdata__ZTI28cDevControlEncoderRotaryKnob) refers to lib.o(.constdata__ZTI18cDevControlEncoder) for typeinfo for cDevControlEncoder
    lib.o(.constdata__ZTI18cDevControlPointer) refers to lib_rtti_impl.o(.constdata__ZTVN10__cxxabiv117__class_type_infoE) for vtable for __cxxabiv1::__class_type_info
    lib.o(.constdata__ZTI18cDevControlPointer) refers to lib.o(.constdata__ZTS18cDevControlPointer) for typeinfo name for cDevControlPointer
    lib.o(.constdata__ZTIN12cTaskHandler5TimerE) refers to lib_rtti_impl.o(.constdata__ZTVN10__cxxabiv120__si_class_type_infoE) for vtable for __cxxabiv1::__si_class_type_info
    lib.o(.constdata__ZTIN12cTaskHandler5TimerE) refers to lib.o(.constdata__ZTSN12cTaskHandler5TimerE) for typeinfo name for cTaskHandler::Timer
    lib.o(.constdata__ZTIN12cTaskHandler5TimerE) refers to lib.o(.constdata__ZTI6cTimer) for typeinfo for cTimer
    lib.o(.constdata__ZTI7cHwPort) refers to lib_rtti_impl.o(.constdata__ZTVN10__cxxabiv117__class_type_infoE) for vtable for __cxxabiv1::__class_type_info
    lib.o(.constdata__ZTI7cHwPort) refers to lib.o(.constdata__ZTS7cHwPort) for typeinfo name for cHwPort
    lib.o(.constdata__ZTI15cNetApplication) refers to lib_rtti_impl.o(.constdata__ZTVN10__cxxabiv120__si_class_type_infoE) for vtable for __cxxabiv1::__si_class_type_info
    lib.o(.constdata__ZTI15cNetApplication) refers to lib.o(.constdata__ZTS15cNetApplication) for typeinfo name for cNetApplication
    lib.o(.constdata__ZTI15cNetApplication) refers to main.o(.constdata__ZTIN5cList4ItemE) for typeinfo for cList::Item
    lib.o(.constdata__ZTI9cHwMemory) refers to lib_rtti_impl.o(.constdata__ZTVN10__cxxabiv117__class_type_infoE) for vtable for __cxxabiv1::__class_type_info
    lib.o(.constdata__ZTI9cHwMemory) refers to lib.o(.constdata__ZTS9cHwMemory) for typeinfo name for cHwMemory
    lib.o(.constdata__ZTIN7cHwPort3PinE) refers to lib_rtti_impl.o(.constdata__ZTVN10__cxxabiv117__class_type_infoE) for vtable for __cxxabiv1::__class_type_info
    lib.o(.constdata__ZTIN7cHwPort3PinE) refers to lib.o(.constdata__ZTSN7cHwPort3PinE) for typeinfo name for cHwPort::Pin
    lib.o(.constdata__ZTI12cHwSPImaster) refers to lib_rtti_impl.o(.constdata__ZTVN10__cxxabiv117__class_type_infoE) for vtable for __cxxabiv1::__class_type_info
    lib.o(.constdata__ZTI12cHwSPImaster) refers to lib.o(.constdata__ZTS12cHwSPImaster) for typeinfo name for cHwSPImaster
    lib.o(.constdata__ZTI12cHwUSBinterf) refers to lib_rtti_impl.o(.constdata__ZTVN10__cxxabiv117__class_type_infoE) for vtable for __cxxabiv1::__class_type_info
    lib.o(.constdata__ZTI12cHwUSBinterf) refers to lib.o(.constdata__ZTS12cHwUSBinterf) for typeinfo name for cHwUSBinterf
    lib.o(.constdata__ZTI12cDevAnalogIn) refers to lib_rtti_impl.o(.constdata__ZTVN10__cxxabiv121__vmi_class_type_infoE) for vtable for __cxxabiv1::__vmi_class_type_info
    lib.o(.constdata__ZTI12cDevAnalogIn) refers to lib.o(.constdata__ZTS12cDevAnalogIn) for typeinfo name for cDevAnalogIn
    lib.o(.constdata__ZTI12cDevAnalogIn) refers to lib.o(.constdata__ZTI10cDevAnalog) for typeinfo for cDevAnalog
    lib.o(.constdata__ZTI6cHwDAC) refers to lib_rtti_impl.o(.constdata__ZTVN10__cxxabiv117__class_type_infoE) for vtable for __cxxabiv1::__class_type_info
    lib.o(.constdata__ZTI6cHwDAC) refers to lib.o(.constdata__ZTS6cHwDAC) for typeinfo name for cHwDAC
    lib.o(.constdata__ZTI10cHwDisplay) refers to lib_rtti_impl.o(.constdata__ZTVN10__cxxabiv117__class_type_infoE) for vtable for __cxxabiv1::__class_type_info
    lib.o(.constdata__ZTI10cHwDisplay) refers to lib.o(.constdata__ZTS10cHwDisplay) for typeinfo name for cHwDisplay
    lib.o(.constdata__ZTI8cHwTouch) refers to lib_rtti_impl.o(.constdata__ZTVN10__cxxabiv117__class_type_infoE) for vtable for __cxxabiv1::__class_type_info
    lib.o(.constdata__ZTI8cHwTouch) refers to lib.o(.constdata__ZTS8cHwTouch) for typeinfo name for cHwTouch
    lib.o(.constdata__ZTI6cTimer) refers to lib_rtti_impl.o(.constdata__ZTVN10__cxxabiv117__class_type_infoE) for vtable for __cxxabiv1::__class_type_info
    lib.o(.constdata__ZTI6cTimer) refers to lib.o(.constdata__ZTS6cTimer) for typeinfo name for cTimer
    lib.o(.constdata__ZTI8cHwDAC_0) refers to lib_rtti_impl.o(.constdata__ZTVN10__cxxabiv120__si_class_type_infoE) for vtable for __cxxabiv1::__si_class_type_info
    lib.o(.constdata__ZTI8cHwDAC_0) refers to lib.o(.constdata__ZTS8cHwDAC_0) for typeinfo name for cHwDAC_0
    lib.o(.constdata__ZTI8cHwDAC_0) refers to lib.o(.constdata__ZTI6cHwDAC) for typeinfo for cHwDAC
    lib.o(.constdata__ZTI6cHwRTC) refers to lib_rtti_impl.o(.constdata__ZTVN10__cxxabiv117__class_type_infoE) for vtable for __cxxabiv1::__class_type_info
    lib.o(.constdata__ZTI6cHwRTC) refers to lib.o(.constdata__ZTS6cHwRTC) for typeinfo name for cHwRTC
    lib.o(.constdata__ZTI9cHwUART_N) refers to lib_rtti_impl.o(.constdata__ZTVN10__cxxabiv120__si_class_type_infoE) for vtable for __cxxabiv1::__si_class_type_info
    lib.o(.constdata__ZTI9cHwUART_N) refers to lib.o(.constdata__ZTS9cHwUART_N) for typeinfo name for cHwUART_N
    lib.o(.constdata__ZTI9cHwUART_N) refers to lib.o(.constdata__ZTI7cHwUART) for typeinfo for cHwUART
    lib.o(.constdata__ZTIN6cNetIP13cTimeOutTimerE) refers to lib_rtti_impl.o(.constdata__ZTVN10__cxxabiv120__si_class_type_infoE) for vtable for __cxxabiv1::__si_class_type_info
    lib.o(.constdata__ZTIN6cNetIP13cTimeOutTimerE) refers to lib.o(.constdata__ZTSN6cNetIP13cTimeOutTimerE) for typeinfo name for cNetIP::cTimeOutTimer
    lib.o(.constdata__ZTIN6cNetIP13cTimeOutTimerE) refers to main.o(.constdata__ZTIN5cList4ItemE) for typeinfo for cList::Item
    lib.o(.constdata__ZTI11cDevDisplay) refers to lib_rtti_impl.o(.constdata__ZTVN10__cxxabiv117__class_type_infoE) for vtable for __cxxabiv1::__class_type_info
    lib.o(.constdata__ZTI11cDevDisplay) refers to lib.o(.constdata__ZTS11cDevDisplay) for typeinfo name for cDevDisplay
    lib.o(.constdata__ZTI15cDevTextIO_UART) refers to lib_rtti_impl.o(.constdata__ZTVN10__cxxabiv120__si_class_type_infoE) for vtable for __cxxabiv1::__si_class_type_info
    lib.o(.constdata__ZTI15cDevTextIO_UART) refers to lib.o(.constdata__ZTS15cDevTextIO_UART) for typeinfo name for cDevTextIO_UART
    lib.o(.constdata__ZTI15cDevTextIO_UART) refers to lib.o(.constdata__ZTI10cDevTextIO) for typeinfo for cDevTextIO
    lib.o(.constdata__ZTI10cDevAnalog) refers to lib_rtti_impl.o(.constdata__ZTVN10__cxxabiv117__class_type_infoE) for vtable for __cxxabiv1::__class_type_info
    lib.o(.constdata__ZTI10cDevAnalog) refers to lib.o(.constdata__ZTS10cDevAnalog) for typeinfo name for cDevAnalog
    lib.o(.ARM.exidx) refers to lib.o(i._ZN5cList4Item6updateEv) for i._ZN5cList4Item6updateEv
    lib.o(.ARM.exidx) refers to lib.o(i._ZN6cHwDAC19getNumberOfChannelsEv) for i._ZN6cHwDAC19getNumberOfChannelsEv
    lib.o(.ARM.exidx) refers to lib.o(i._ZN8cHwDAC_03setEth) for i._ZN8cHwDAC_03setEth
    lib.o(i._ZN8cHwDAC_06enableEh) refers to lib.o(i._ZN12cHwPinConfig3setENS_8FunctionEj) for cHwPinConfig::set(cHwPinConfig::Function, unsigned)
    lib.o(.ARM.exidx) refers to lib.o(i._ZN8cHwDAC_06enableEh) for i._ZN8cHwDAC_06enableEh
    lib.o(.ARM.exidx) refers to lib.o(i._ZN9cHwMemory5clearEj) for i._ZN9cHwMemory5clearEj
    lib.o(.ARM.exidx) refers to lib.o(i._ZN9cHwUART_N7getByteEv) for i._ZN9cHwUART_N7getByteEv
    lib.o(.ARM.exidx) refers to lib.o(i._ZN9cHwUART_N7setByteEh) for i._ZN9cHwUART_N7setByteEh
    lib.o(i._ZN12cHwUSBinterf13GetDescriptorEt) refers to lib.o(i._ZN12cDataPointerC1Ev) for cDataPointer::cDataPointer()
    lib.o(.ARM.exidx) refers to lib.o(i._ZN12cHwUSBinterf13GetDescriptorEt) for i._ZN12cHwUSBinterf13GetDescriptorEt
    lib.o(.ARM.exidx) refers to lib.o(i._ZN12cHwUSBinterf10clrFeatureEv) for i._ZN12cHwUSBinterf10clrFeatureEv
    lib.o(.ARM.exidx) refers to lib.o(i._ZN12cHwUSBinterf10setFeatureEv) for i._ZN12cHwUSBinterf10setFeatureEv
    lib.o(.ARM.exidx) refers to lib.o(i._ZN6cNetIP13cTimeOutTimer6updateEv) for i._ZN6cNetIP13cTimeOutTimer6updateEv
    lib.o(.ARM.exidx) refers to lib.o(i._ZN15cDevTextIO_UART3setEPhh) for i._ZN15cDevTextIO_UART3setEPhh
    lib.o(.ARM.exidx) refers to lib.o(i._ZN15cDevTextIO_UART3getEPh) for i._ZN15cDevTextIO_UART3getEPh
    lib.o(.ARM.exidx) refers to lib.o(i._ZN8cHwTouch7getPosXEv) for i._ZN8cHwTouch7getPosXEv
    lib.o(.ARM.exidx) refers to lib.o(i._ZN8cHwTouch7getPosYEv) for i._ZN8cHwTouch7getPosYEv
    lib.o(.ARM.exidx) refers to lib.o(i._ZN8cHwTouch9isTouchedEv) for i._ZN8cHwTouch9isTouchedEv
    rtos.o(.constdata__ZTVN5cRTOS4TaskE) refers to rtos.o(.constdata__ZTIN5cRTOS4TaskE) for typeinfo for cRTOS::Task
    rtos.o(.constdata__ZTVN5cRTOS4TaskE) refers to rtos.o(i._ZN5cRTOS4TaskD2Ev) for cRTOS::Task::~Task__sub_object()
    rtos.o(.constdata__ZTVN5cRTOS4TaskE) refers to rtos.o(i._ZN5cRTOS4TaskD0Ev) for cRTOS::Task::~Task__deallocating()
    rtos.o(.constdata__ZTVN5cRTOS4TaskE) refers to rtos.o(i._ZN5cRTOS4Task4StopEv) for cRTOS::Task::Stop()
    rtos.o(.constdata__ZTVN5cRTOS4TaskE) refers to rtos.o(i._ZN5cRTOS4Task5PauseEt) for cRTOS::Task::Pause(unsigned short)
    rtos.o(.constdata__ZTVN5cRTOS4TaskE) refers to rtos.o(i._ZN5cRTOS4Task5StartEv) for cRTOS::Task::Start()
    rtos.o(.constdata__ZTVN5cRTOS4TaskE) refers to rtos.o(i._ZN5cRTOS4Task6FinishEv) for cRTOS::Task::Finish()
    rtos.o(.constdata__ZTVN5cRTOS4TaskE) refers to main.o(i._ZN5cRTOS4Task8isActiveEv) for cRTOS::Task::isActive()
    rtos.o(.constdata__ZTVN5cRTOS4TaskE) refers to lib.o(i.__cxa_pure_virtual) for __cxa_pure_virtual
    rtos.o(.constdata__ZTVN5cRTOS4TaskE) refers to rtos.o(i._ZN5cRTOS4Task7OnStartEv) for cRTOS::Task::OnStart()
    rtos.o(.constdata__ZTVN5cRTOS4TaskE) refers to rtos.o(i._ZN5cRTOS4Task6OnStopEv) for cRTOS::Task::OnStop()
    rtos.o(.constdata__ZTVN5cRTOS5TimerE) refers to rtos.o(.constdata__ZTIN5cRTOS5TimerE) for typeinfo for cRTOS::Timer
    rtos.o(.constdata__ZTVN5cRTOS5TimerE) refers to rtos.o(i._ZN5cRTOS5Timer7getTicsEv) for cRTOS::Timer::getTics()
    rtos.o(.constdata__ZTVN5cRTOS5TimerE) refers to rtos.o(i._ZN5cRTOS5Timer12getTimeOfTicEv) for cRTOS::Timer::getTimeOfTic()
    rtos.o(i._ZN11cHwRTOS_MCU5startEPcjPvPFjS1_E) refers to rtos.o(i._ZN11cHwRTOS_MCU10deleteFuncEv) for cHwRTOS_MCU::deleteFunc()
    rtos.o(.ARM.exidx) refers to rtos.o(i._ZN11cHwRTOS_MCU5startEPcjPvPFjS1_E) for i._ZN11cHwRTOS_MCU5startEPcjPvPFjS1_E
    rtos.o(i._ZN11cHwRTOS_MCU10getSysTimeEv) refers to lludivv7m.o(.text) for __aeabi_uldivmod
    rtos.o(i._ZN11cHwRTOS_MCU10getSysTimeEv) refers to lib.o(.data) for cHwRTOS_MCU::sysTic
    rtos.o(.ARM.exidx) refers to rtos.o(i._ZN11cHwRTOS_MCU10getSysTimeEv) for i._ZN11cHwRTOS_MCU10getSysTimeEv
    rtos.o(i._ZdlPv) refers to h1_free.o(.text) for free
    rtos.o(.ARM.exidx) refers to rtos.o(i._ZdlPv) for i._ZdlPv
    rtos.o(.ARM.exidx) refers to rtos.o(i._ZN11cHwRTOS_MCU10deleteFuncEv) for i._ZN11cHwRTOS_MCU10deleteFuncEv
    rtos.o(.ARM.exidx) refers to rtos.o(i._ZN5cRTOS4Task7OnStartEv) for i._ZN5cRTOS4Task7OnStartEv
    rtos.o(.ARM.exidx) refers to rtos.o(i._ZN5cRTOS4Task6OnStopEv) for i._ZN5cRTOS4Task6OnStopEv
    rtos.o(.constdata__ZTV5cRTOS) refers to main.o(.constdata__ZTI5cRTOS) for typeinfo for cRTOS
    rtos.o(.constdata__ZTV5cRTOS) refers to lib.o(i.__cxa_pure_virtual) for __cxa_pure_virtual
    rtos.o(.constdata__ZTIN5cRTOS4TaskE) refers to lib_rtti_impl.o(.constdata__ZTVN10__cxxabiv117__class_type_infoE) for vtable for __cxxabiv1::__class_type_info
    rtos.o(.constdata__ZTIN5cRTOS4TaskE) refers to rtos.o(.constdata__ZTSN5cRTOS4TaskE) for typeinfo name for cRTOS::Task
    rtos.o(.constdata__ZTIN5cRTOS5TimerE) refers to lib_rtti_impl.o(.constdata__ZTVN10__cxxabiv120__si_class_type_infoE) for vtable for __cxxabiv1::__si_class_type_info
    rtos.o(.constdata__ZTIN5cRTOS5TimerE) refers to rtos.o(.constdata__ZTSN5cRTOS5TimerE) for typeinfo name for cRTOS::Timer
    rtos.o(.constdata__ZTIN5cRTOS5TimerE) refers to lib.o(.constdata__ZTI6cTimer) for typeinfo for cTimer
    disp_otm8009a.o(.constdata__ZTV19cHwDisp_OTM8009Acmd) refers to disp_otm8009a.o(.constdata__ZTI19cHwDisp_OTM8009Acmd) for typeinfo for cHwDisp_OTM8009Acmd
    disp_otm8009a.o(.constdata__ZTV19cHwDisp_OTM8009Acmd) refers to disp_otm8009a.o(i._ZN19cHwDisp_OTM8009Acmd5clearEv) for cHwDisp_OTM8009Acmd::clear()
    disp_otm8009a.o(.constdata__ZTV19cHwDisp_OTM8009Acmd) refers to disp_otm8009a.o(i._ZN19cHwDisp_OTM8009Acmd7refreshEv) for cHwDisp_OTM8009Acmd::refresh()
    disp_otm8009a.o(.constdata__ZTV19cHwDisp_OTM8009Acmd) refers to lib.o(i._ZN17cHwDisplayGraphic11gotoTextPosEhh) for cHwDisplayGraphic::gotoTextPos(unsigned char, unsigned char)
    disp_otm8009a.o(.constdata__ZTV19cHwDisp_OTM8009Acmd) refers to lib.o(i._ZN17cHwDisplayGraphic7putCharEc) for cHwDisplayGraphic::putChar(char)
    disp_otm8009a.o(.constdata__ZTV19cHwDisp_OTM8009Acmd) refers to lib.o(i._ZN10cHwDisplay16getNumberOfLinesEv) for cHwDisplay::getNumberOfLines()
    disp_otm8009a.o(.constdata__ZTV19cHwDisp_OTM8009Acmd) refers to lib.o(i._ZN10cHwDisplay18getNumberOfColumnsEv) for cHwDisplay::getNumberOfColumns()
    disp_otm8009a.o(.constdata__ZTV19cHwDisp_OTM8009Acmd) refers to lib.o(i._ZN17cHwDisplayGraphic7setFontE14cHwDisplayFonth) for cHwDisplayGraphic::setFont(cHwDisplayFont, unsigned char)
    disp_otm8009a.o(.constdata__ZTV19cHwDisp_OTM8009Acmd) refers to lib.o(i._ZN17cHwDisplayGraphic7setZoomEh) for cHwDisplayGraphic::setZoom(unsigned char)
    disp_otm8009a.o(.constdata__ZTV19cHwDisp_OTM8009Acmd) refers to lib.o(i._ZN17cHwDisplayGraphic12setBackColorEt) for cHwDisplayGraphic::setBackColor(unsigned short)
    disp_otm8009a.o(.constdata__ZTV19cHwDisp_OTM8009Acmd) refers to lib.o(i._ZN17cHwDisplayGraphic13setPaintColorEt) for cHwDisplayGraphic::setPaintColor(unsigned short)
    disp_otm8009a.o(.constdata__ZTV19cHwDisp_OTM8009Acmd) refers to lib.o(i._ZN17cHwDisplayGraphic12setTextColorEt) for cHwDisplayGraphic::setTextColor(unsigned short)
    disp_otm8009a.o(.constdata__ZTV19cHwDisp_OTM8009Acmd) refers to lib.o(i._ZN17cHwDisplayGraphic12gotoPixelPosEtt) for cHwDisplayGraphic::gotoPixelPos(unsigned short, unsigned short)
    disp_otm8009a.o(.constdata__ZTV19cHwDisp_OTM8009Acmd) refers to lib.o(i._ZN17cHwDisplayGraphic8putPixelEtt) for cHwDisplayGraphic::putPixel(unsigned short, unsigned short)
    disp_otm8009a.o(.constdata__ZTV19cHwDisp_OTM8009Acmd) refers to lib.o(i._ZN17cHwDisplayGraphic12putRectangleEtttt) for cHwDisplayGraphic::putRectangle(unsigned short, unsigned short, unsigned short, unsigned short)
    disp_otm8009a.o(.constdata__ZTV19cHwDisp_OTM8009Acmd) refers to lib.o(i._ZN17cHwDisplayGraphic9putBitmapEttttPKt) for cHwDisplayGraphic::putBitmap(unsigned short, unsigned short, unsigned short, unsigned short, const unsigned short*)
    disp_otm8009a.o(.constdata__ZTV19cHwDisp_OTM8009Acmd) refers to lib.o(i._ZN17cHwDisplayGraphic14getDefaultFontEv) for cHwDisplayGraphic::getDefaultFont()
    disp_otm8009a.o(.constdata__ZTV19cHwDisp_OTM8009Acmd) refers to lib.o(i._ZN17cHwDisplayGraphic8getWidthEv) for cHwDisplayGraphic::getWidth()
    disp_otm8009a.o(.constdata__ZTV19cHwDisp_OTM8009Acmd) refers to lib.o(i._ZN17cHwDisplayGraphic9getHeightEv) for cHwDisplayGraphic::getHeight()
    disp_otm8009a.o(.constdata__ZTV19cHwDisp_OTM8009Acmd) refers to disp_otm8009a.o(i._ZN19cHwDisp_OTM8009Acmd7setAreaEtttt) for cHwDisp_OTM8009Acmd::setArea(unsigned short, unsigned short, unsigned short, unsigned short)
    disp_otm8009a.o(.constdata__ZTV19cHwDisp_OTM8009Acmd) refers to disp_otm8009a.o(i._ZN19cHwDisp_OTM8009Acmd8setPixelEttt) for cHwDisp_OTM8009Acmd::setPixel(unsigned short, unsigned short, unsigned short)
    disp_otm8009a.o(.constdata__ZTV19cHwDisp_OTM8009Acmd) refers to disp_otm8009a.o(i._ZN19cHwDisp_OTM8009Acmd8setPixelEt) for cHwDisp_OTM8009Acmd::setPixel(unsigned short)
    disp_otm8009a.o(.constdata__ZTV19cHwDisp_OTM8009Aram) refers to disp_otm8009a.o(.constdata__ZTI19cHwDisp_OTM8009Aram) for typeinfo for cHwDisp_OTM8009Aram
    disp_otm8009a.o(.constdata__ZTV19cHwDisp_OTM8009Aram) refers to disp_otm8009a.o(i._ZN19cHwDisp_OTM8009Aram5clearEv) for cHwDisp_OTM8009Aram::clear()
    disp_otm8009a.o(.constdata__ZTV19cHwDisp_OTM8009Aram) refers to disp_otm8009a.o(i._ZN19cHwDisp_OTM8009Aram7refreshEv) for cHwDisp_OTM8009Aram::refresh()
    disp_otm8009a.o(.constdata__ZTV19cHwDisp_OTM8009Aram) refers to lib.o(i._ZN17cHwDisplayGraphic11gotoTextPosEhh) for cHwDisplayGraphic::gotoTextPos(unsigned char, unsigned char)
    disp_otm8009a.o(.constdata__ZTV19cHwDisp_OTM8009Aram) refers to lib.o(i._ZN17cHwDisplayGraphic7putCharEc) for cHwDisplayGraphic::putChar(char)
    disp_otm8009a.o(.constdata__ZTV19cHwDisp_OTM8009Aram) refers to lib.o(i._ZN10cHwDisplay16getNumberOfLinesEv) for cHwDisplay::getNumberOfLines()
    disp_otm8009a.o(.constdata__ZTV19cHwDisp_OTM8009Aram) refers to lib.o(i._ZN10cHwDisplay18getNumberOfColumnsEv) for cHwDisplay::getNumberOfColumns()
    disp_otm8009a.o(.constdata__ZTV19cHwDisp_OTM8009Aram) refers to lib.o(i._ZN17cHwDisplayGraphic7setFontE14cHwDisplayFonth) for cHwDisplayGraphic::setFont(cHwDisplayFont, unsigned char)
    disp_otm8009a.o(.constdata__ZTV19cHwDisp_OTM8009Aram) refers to lib.o(i._ZN17cHwDisplayGraphic7setZoomEh) for cHwDisplayGraphic::setZoom(unsigned char)
    disp_otm8009a.o(.constdata__ZTV19cHwDisp_OTM8009Aram) refers to lib.o(i._ZN17cHwDisplayGraphic12setBackColorEt) for cHwDisplayGraphic::setBackColor(unsigned short)
    disp_otm8009a.o(.constdata__ZTV19cHwDisp_OTM8009Aram) refers to lib.o(i._ZN17cHwDisplayGraphic13setPaintColorEt) for cHwDisplayGraphic::setPaintColor(unsigned short)
    disp_otm8009a.o(.constdata__ZTV19cHwDisp_OTM8009Aram) refers to lib.o(i._ZN17cHwDisplayGraphic12setTextColorEt) for cHwDisplayGraphic::setTextColor(unsigned short)
    disp_otm8009a.o(.constdata__ZTV19cHwDisp_OTM8009Aram) refers to lib.o(i._ZN17cHwDisplayGraphic12gotoPixelPosEtt) for cHwDisplayGraphic::gotoPixelPos(unsigned short, unsigned short)
    disp_otm8009a.o(.constdata__ZTV19cHwDisp_OTM8009Aram) refers to lib.o(i._ZN17cHwDisplayGraphic8putPixelEtt) for cHwDisplayGraphic::putPixel(unsigned short, unsigned short)
    disp_otm8009a.o(.constdata__ZTV19cHwDisp_OTM8009Aram) refers to lib.o(i._ZN17cHwDisplayGraphic12putRectangleEtttt) for cHwDisplayGraphic::putRectangle(unsigned short, unsigned short, unsigned short, unsigned short)
    disp_otm8009a.o(.constdata__ZTV19cHwDisp_OTM8009Aram) refers to lib.o(i._ZN17cHwDisplayGraphic9putBitmapEttttPKt) for cHwDisplayGraphic::putBitmap(unsigned short, unsigned short, unsigned short, unsigned short, const unsigned short*)
    disp_otm8009a.o(.constdata__ZTV19cHwDisp_OTM8009Aram) refers to lib.o(i._ZN17cHwDisplayGraphic14getDefaultFontEv) for cHwDisplayGraphic::getDefaultFont()
    disp_otm8009a.o(.constdata__ZTV19cHwDisp_OTM8009Aram) refers to lib.o(i._ZN17cHwDisplayGraphic8getWidthEv) for cHwDisplayGraphic::getWidth()
    disp_otm8009a.o(.constdata__ZTV19cHwDisp_OTM8009Aram) refers to lib.o(i._ZN17cHwDisplayGraphic9getHeightEv) for cHwDisplayGraphic::getHeight()
    disp_otm8009a.o(.constdata__ZTV19cHwDisp_OTM8009Aram) refers to disp_otm8009a.o(i._ZN19cHwDisp_OTM8009Aram7setAreaEtttt) for cHwDisp_OTM8009Aram::setArea(unsigned short, unsigned short, unsigned short, unsigned short)
    disp_otm8009a.o(.constdata__ZTV19cHwDisp_OTM8009Aram) refers to disp_otm8009a.o(i._ZN19cHwDisp_OTM8009Aram8setPixelEttt) for cHwDisp_OTM8009Aram::setPixel(unsigned short, unsigned short, unsigned short)
    disp_otm8009a.o(.constdata__ZTV19cHwDisp_OTM8009Aram) refers to disp_otm8009a.o(i._ZN19cHwDisp_OTM8009Aram8setPixelEt) for cHwDisp_OTM8009Aram::setPixel(unsigned short)
    disp_otm8009a.o(i._ZN6cHwDSI4InitEttb) refers to dmul.o(x$fpl$dmul) for __aeabi_dmul
    disp_otm8009a.o(i._ZN6cHwDSI4InitEttb) refers to ddiv.o(x$fpl$ddiv) for __aeabi_ddiv
    disp_otm8009a.o(i._ZN6cHwDSI4InitEttb) refers to dfixu.o(x$fpl$dfixu) for __aeabi_d2uiz
    disp_otm8009a.o(i._ZN6cHwDSI4InitEttb) refers to disp_otm8009a.o(i._ZN7cHwLTDC4InitEtt) for cHwLTDC::Init(unsigned short, unsigned short)
    disp_otm8009a.o(.ARM.exidx) refers to disp_otm8009a.o(i._ZN6cHwDSI4InitEttb) for i._ZN6cHwDSI4InitEttb
    disp_otm8009a.o(i._ZN16cHwDisp_OTM8009AC2ER6cHwDSIRN7cHwPort3PinENS_11OrientationE14cHwDisplayFonth) refers to lib.o(i._ZN17cHwDisplayGraphicC2E14cHwDisplayFonth) for cHwDisplayGraphic::cHwDisplayGraphic__sub_object(cHwDisplayFont, unsigned char)
    disp_otm8009a.o(i._ZN16cHwDisp_OTM8009AC2ER6cHwDSIRN7cHwPort3PinENS_11OrientationE14cHwDisplayFonth) refers to lib.o(i._ZN7cSystem13delayMilliSecEt) for cSystem::delayMilliSec(unsigned short)
    disp_otm8009a.o(i._ZN16cHwDisp_OTM8009AC2ER6cHwDSIRN7cHwPort3PinENS_11OrientationE14cHwDisplayFonth) refers to disp_otm8009a.o(.constdata__ZTV16cHwDisp_OTM8009A) for vtable for cHwDisp_OTM8009A
    disp_otm8009a.o(.ARM.exidx) refers to disp_otm8009a.o(i._ZN16cHwDisp_OTM8009AC2ER6cHwDSIRN7cHwPort3PinENS_11OrientationE14cHwDisplayFonth) for i._ZN16cHwDisp_OTM8009AC2ER6cHwDSIRN7cHwPort3PinENS_11OrientationE14cHwDisplayFonth
    disp_otm8009a.o(.ARM.exidx) refers to disp_otm8009a.o(i._ZN7cHwLTDC4InitEtt) for i._ZN7cHwLTDC4InitEtt
    disp_otm8009a.o(.ARM.exidx) refers to disp_otm8009a.o(i._ZN7cHwLTDC11LayerConfigEjjh) for i._ZN7cHwLTDC11LayerConfigEjjh
    disp_otm8009a.o(.ARM.exidx) refers to disp_otm8009a.o(i._ZN6cHwDSI14DisplayRefreshEv) for i._ZN6cHwDSI14DisplayRefreshEv
    disp_otm8009a.o(.constdata__ZTV16cHwDisp_OTM8009A) refers to disp_otm8009a.o(.constdata__ZTI16cHwDisp_OTM8009A) for typeinfo for cHwDisp_OTM8009A
    disp_otm8009a.o(.constdata__ZTV16cHwDisp_OTM8009A) refers to lib.o(i.__cxa_pure_virtual) for __cxa_pure_virtual
    disp_otm8009a.o(.constdata__ZTV16cHwDisp_OTM8009A) refers to lib.o(i._ZN17cHwDisplayGraphic7refreshEv) for cHwDisplayGraphic::refresh()
    disp_otm8009a.o(.constdata__ZTV16cHwDisp_OTM8009A) refers to lib.o(i._ZN17cHwDisplayGraphic11gotoTextPosEhh) for cHwDisplayGraphic::gotoTextPos(unsigned char, unsigned char)
    disp_otm8009a.o(.constdata__ZTV16cHwDisp_OTM8009A) refers to lib.o(i._ZN17cHwDisplayGraphic7putCharEc) for cHwDisplayGraphic::putChar(char)
    disp_otm8009a.o(.constdata__ZTV16cHwDisp_OTM8009A) refers to lib.o(i._ZN10cHwDisplay16getNumberOfLinesEv) for cHwDisplay::getNumberOfLines()
    disp_otm8009a.o(.constdata__ZTV16cHwDisp_OTM8009A) refers to lib.o(i._ZN10cHwDisplay18getNumberOfColumnsEv) for cHwDisplay::getNumberOfColumns()
    disp_otm8009a.o(.constdata__ZTV16cHwDisp_OTM8009A) refers to lib.o(i._ZN17cHwDisplayGraphic7setFontE14cHwDisplayFonth) for cHwDisplayGraphic::setFont(cHwDisplayFont, unsigned char)
    disp_otm8009a.o(.constdata__ZTV16cHwDisp_OTM8009A) refers to lib.o(i._ZN17cHwDisplayGraphic7setZoomEh) for cHwDisplayGraphic::setZoom(unsigned char)
    disp_otm8009a.o(.constdata__ZTV16cHwDisp_OTM8009A) refers to lib.o(i._ZN17cHwDisplayGraphic12setBackColorEt) for cHwDisplayGraphic::setBackColor(unsigned short)
    disp_otm8009a.o(.constdata__ZTV16cHwDisp_OTM8009A) refers to lib.o(i._ZN17cHwDisplayGraphic13setPaintColorEt) for cHwDisplayGraphic::setPaintColor(unsigned short)
    disp_otm8009a.o(.constdata__ZTV16cHwDisp_OTM8009A) refers to lib.o(i._ZN17cHwDisplayGraphic12setTextColorEt) for cHwDisplayGraphic::setTextColor(unsigned short)
    disp_otm8009a.o(.constdata__ZTV16cHwDisp_OTM8009A) refers to lib.o(i._ZN17cHwDisplayGraphic12gotoPixelPosEtt) for cHwDisplayGraphic::gotoPixelPos(unsigned short, unsigned short)
    disp_otm8009a.o(.constdata__ZTV16cHwDisp_OTM8009A) refers to lib.o(i._ZN17cHwDisplayGraphic8putPixelEtt) for cHwDisplayGraphic::putPixel(unsigned short, unsigned short)
    disp_otm8009a.o(.constdata__ZTV16cHwDisp_OTM8009A) refers to lib.o(i._ZN17cHwDisplayGraphic12putRectangleEtttt) for cHwDisplayGraphic::putRectangle(unsigned short, unsigned short, unsigned short, unsigned short)
    disp_otm8009a.o(.constdata__ZTV16cHwDisp_OTM8009A) refers to lib.o(i._ZN17cHwDisplayGraphic9putBitmapEttttPKt) for cHwDisplayGraphic::putBitmap(unsigned short, unsigned short, unsigned short, unsigned short, const unsigned short*)
    disp_otm8009a.o(.constdata__ZTV16cHwDisp_OTM8009A) refers to lib.o(i._ZN17cHwDisplayGraphic14getDefaultFontEv) for cHwDisplayGraphic::getDefaultFont()
    disp_otm8009a.o(.constdata__ZTV16cHwDisp_OTM8009A) refers to lib.o(i._ZN17cHwDisplayGraphic8getWidthEv) for cHwDisplayGraphic::getWidth()
    disp_otm8009a.o(.constdata__ZTV16cHwDisp_OTM8009A) refers to lib.o(i._ZN17cHwDisplayGraphic9getHeightEv) for cHwDisplayGraphic::getHeight()
    disp_otm8009a.o(.constdata__ZTI19cHwDisp_OTM8009Acmd) refers to lib_rtti_impl.o(.constdata__ZTVN10__cxxabiv120__si_class_type_infoE) for vtable for __cxxabiv1::__si_class_type_info
    disp_otm8009a.o(.constdata__ZTI19cHwDisp_OTM8009Acmd) refers to disp_otm8009a.o(.constdata__ZTS19cHwDisp_OTM8009Acmd) for typeinfo name for cHwDisp_OTM8009Acmd
    disp_otm8009a.o(.constdata__ZTI19cHwDisp_OTM8009Acmd) refers to disp_otm8009a.o(.constdata__ZTI16cHwDisp_OTM8009A) for typeinfo for cHwDisp_OTM8009A
    disp_otm8009a.o(.constdata__ZTI19cHwDisp_OTM8009Aram) refers to lib_rtti_impl.o(.constdata__ZTVN10__cxxabiv120__si_class_type_infoE) for vtable for __cxxabiv1::__si_class_type_info
    disp_otm8009a.o(.constdata__ZTI19cHwDisp_OTM8009Aram) refers to disp_otm8009a.o(.constdata__ZTS19cHwDisp_OTM8009Aram) for typeinfo name for cHwDisp_OTM8009Aram
    disp_otm8009a.o(.constdata__ZTI19cHwDisp_OTM8009Aram) refers to disp_otm8009a.o(.constdata__ZTI16cHwDisp_OTM8009A) for typeinfo for cHwDisp_OTM8009A
    disp_otm8009a.o(.constdata__ZTI16cHwDisp_OTM8009A) refers to lib_rtti_impl.o(.constdata__ZTVN10__cxxabiv120__si_class_type_infoE) for vtable for __cxxabiv1::__si_class_type_info
    disp_otm8009a.o(.constdata__ZTI16cHwDisp_OTM8009A) refers to disp_otm8009a.o(.constdata__ZTS16cHwDisp_OTM8009A) for typeinfo name for cHwDisp_OTM8009A
    disp_otm8009a.o(.constdata__ZTI16cHwDisp_OTM8009A) refers to lib.o(.constdata__ZTI17cHwDisplayGraphic) for typeinfo for cHwDisplayGraphic
    touch_ft6206.o(.constdata__ZTV15cHwTouch_FT6206) refers to touch_ft6206.o(.constdata__ZTI15cHwTouch_FT6206) for typeinfo for cHwTouch_FT6206
    touch_ft6206.o(.constdata__ZTV15cHwTouch_FT6206) refers to touch_ft6206.o(i._ZN15cHwTouch_FT62066updateEv) for cHwTouch_FT6206::update()
    touch_ft6206.o(.constdata__ZTV15cHwTouch_FT6206) refers to lib.o(i._ZN8cHwTouch7getPosXEv) for cHwTouch::getPosX()
    touch_ft6206.o(.constdata__ZTV15cHwTouch_FT6206) refers to lib.o(i._ZN8cHwTouch7getPosYEv) for cHwTouch::getPosY()
    touch_ft6206.o(.constdata__ZTV15cHwTouch_FT6206) refers to lib.o(i._ZN8cHwTouch9isTouchedEv) for cHwTouch::isTouched()
    touch_ft6206.o(.constdata__ZTI15cHwTouch_FT6206) refers to lib_rtti_impl.o(.constdata__ZTVN10__cxxabiv120__si_class_type_infoE) for vtable for __cxxabiv1::__si_class_type_info
    touch_ft6206.o(.constdata__ZTI15cHwTouch_FT6206) refers to touch_ft6206.o(.constdata__ZTS15cHwTouch_FT6206) for typeinfo name for cHwTouch_FT6206
    touch_ft6206.o(.constdata__ZTI15cHwTouch_FT6206) refers to lib.o(.constdata__ZTI8cHwTouch) for typeinfo for cHwTouch
    lib_rtti_impl.o(.constdata__ZTVN10__cxxabiv123__fundamental_type_infoE) refers to lib_rtti_impl.o(.constdata__ZTIN10__cxxabiv123__fundamental_type_infoE) for typeinfo for __cxxabiv1::__fundamental_type_info
    lib_rtti_impl.o(.constdata__ZTVN10__cxxabiv123__fundamental_type_infoE) refers to lib_rtti_impl.o(i._ZN10__cxxabiv123__fundamental_type_infoD1Ev) for __cxxabiv1::__fundamental_type_info::~__fundamental_type_info()
    lib_rtti_impl.o(.constdata__ZTVN10__cxxabiv123__fundamental_type_infoE) refers to lib_rtti_impl.o(i._ZN10__cxxabiv123__fundamental_type_infoD0Ev) for __cxxabiv1::__fundamental_type_info::~__fundamental_type_info__deallocating()
    lib_rtti_impl.o(.constdata__ZTVN10__cxxabiv117__array_type_infoE) refers to lib_rtti_impl.o(.constdata__ZTIN10__cxxabiv117__array_type_infoE) for typeinfo for __cxxabiv1::__array_type_info
    lib_rtti_impl.o(.constdata__ZTVN10__cxxabiv117__array_type_infoE) refers to lib_rtti_impl.o(i._ZN10__cxxabiv117__array_type_infoD1Ev) for __cxxabiv1::__array_type_info::~__array_type_info()
    lib_rtti_impl.o(.constdata__ZTVN10__cxxabiv117__array_type_infoE) refers to lib_rtti_impl.o(i._ZN10__cxxabiv117__array_type_infoD0Ev) for __cxxabiv1::__array_type_info::~__array_type_info__deallocating()
    lib_rtti_impl.o(.constdata__ZTVN10__cxxabiv120__function_type_infoE) refers to lib_rtti_impl.o(.constdata__ZTIN10__cxxabiv120__function_type_infoE) for typeinfo for __cxxabiv1::__function_type_info
    lib_rtti_impl.o(.constdata__ZTVN10__cxxabiv120__function_type_infoE) refers to lib_rtti_impl.o(i._ZN10__cxxabiv120__function_type_infoD1Ev) for __cxxabiv1::__function_type_info::~__function_type_info()
    lib_rtti_impl.o(.constdata__ZTVN10__cxxabiv120__function_type_infoE) refers to lib_rtti_impl.o(i._ZN10__cxxabiv120__function_type_infoD0Ev) for __cxxabiv1::__function_type_info::~__function_type_info__deallocating()
    lib_rtti_impl.o(.constdata__ZTVN10__cxxabiv116__enum_type_infoE) refers to lib_rtti_impl.o(.constdata__ZTIN10__cxxabiv116__enum_type_infoE) for typeinfo for __cxxabiv1::__enum_type_info
    lib_rtti_impl.o(.constdata__ZTVN10__cxxabiv116__enum_type_infoE) refers to lib_rtti_impl.o(i._ZN10__cxxabiv116__enum_type_infoD1Ev) for __cxxabiv1::__enum_type_info::~__enum_type_info()
    lib_rtti_impl.o(.constdata__ZTVN10__cxxabiv116__enum_type_infoE) refers to lib_rtti_impl.o(i._ZN10__cxxabiv116__enum_type_infoD0Ev) for __cxxabiv1::__enum_type_info::~__enum_type_info__deallocating()
    lib_rtti_impl.o(.constdata__ZTVN10__cxxabiv117__class_type_infoE) refers to lib_rtti_impl.o(.constdata__ZTIN10__cxxabiv117__class_type_infoE) for typeinfo for __cxxabiv1::__class_type_info
    lib_rtti_impl.o(.constdata__ZTVN10__cxxabiv117__class_type_infoE) refers to lib_rtti_impl.o(i._ZN10__cxxabiv117__class_type_infoD1Ev) for __cxxabiv1::__class_type_info::~__class_type_info()
    lib_rtti_impl.o(.constdata__ZTVN10__cxxabiv117__class_type_infoE) refers to lib_rtti_impl.o(i._ZN10__cxxabiv117__class_type_infoD0Ev) for __cxxabiv1::__class_type_info::~__class_type_info__deallocating()
    lib_rtti_impl.o(.constdata__ZTVN10__cxxabiv120__si_class_type_infoE) refers to lib_rtti_impl.o(.constdata__ZTIN10__cxxabiv120__si_class_type_infoE) for typeinfo for __cxxabiv1::__si_class_type_info
    lib_rtti_impl.o(.constdata__ZTVN10__cxxabiv120__si_class_type_infoE) refers to lib_rtti_impl.o(i._ZN10__cxxabiv120__si_class_type_infoD1Ev) for __cxxabiv1::__si_class_type_info::~__si_class_type_info()
    lib_rtti_impl.o(.constdata__ZTVN10__cxxabiv120__si_class_type_infoE) refers to lib_rtti_impl.o(i._ZN10__cxxabiv120__si_class_type_infoD0Ev) for __cxxabiv1::__si_class_type_info::~__si_class_type_info__deallocating()
    lib_rtti_impl.o(.constdata__ZTVN10__cxxabiv121__vmi_class_type_infoE) refers to lib_rtti_impl.o(.constdata__ZTIN10__cxxabiv121__vmi_class_type_infoE) for typeinfo for __cxxabiv1::__vmi_class_type_info
    lib_rtti_impl.o(.constdata__ZTVN10__cxxabiv121__vmi_class_type_infoE) refers to lib_rtti_impl.o(i._ZN10__cxxabiv121__vmi_class_type_infoD1Ev) for __cxxabiv1::__vmi_class_type_info::~__vmi_class_type_info()
    lib_rtti_impl.o(.constdata__ZTVN10__cxxabiv121__vmi_class_type_infoE) refers to lib_rtti_impl.o(i._ZN10__cxxabiv121__vmi_class_type_infoD0Ev) for __cxxabiv1::__vmi_class_type_info::~__vmi_class_type_info__deallocating()
    lib_rtti_impl.o(.constdata__ZTVN10__cxxabiv117__pbase_type_infoE) refers to lib_rtti_impl.o(.constdata__ZTIN10__cxxabiv117__pbase_type_infoE) for typeinfo for __cxxabiv1::__pbase_type_info
    lib_rtti_impl.o(.constdata__ZTVN10__cxxabiv117__pbase_type_infoE) refers to lib_rtti_impl.o(i._ZN10__cxxabiv117__pbase_type_infoD1Ev) for __cxxabiv1::__pbase_type_info::~__pbase_type_info()
    lib_rtti_impl.o(.constdata__ZTVN10__cxxabiv117__pbase_type_infoE) refers to lib_rtti_impl.o(i._ZN10__cxxabiv117__pbase_type_infoD0Ev) for __cxxabiv1::__pbase_type_info::~__pbase_type_info__deallocating()
    lib_rtti_impl.o(.constdata__ZTVN10__cxxabiv119__pointer_type_infoE) refers to lib_rtti_impl.o(.constdata__ZTIN10__cxxabiv119__pointer_type_infoE) for typeinfo for __cxxabiv1::__pointer_type_info
    lib_rtti_impl.o(.constdata__ZTVN10__cxxabiv119__pointer_type_infoE) refers to lib_rtti_impl.o(i._ZN10__cxxabiv119__pointer_type_infoD1Ev) for __cxxabiv1::__pointer_type_info::~__pointer_type_info()
    lib_rtti_impl.o(.constdata__ZTVN10__cxxabiv119__pointer_type_infoE) refers to lib_rtti_impl.o(i._ZN10__cxxabiv119__pointer_type_infoD0Ev) for __cxxabiv1::__pointer_type_info::~__pointer_type_info__deallocating()
    lib_rtti_impl.o(.constdata__ZTVN10__cxxabiv129__pointer_to_member_type_infoE) refers to lib_rtti_impl.o(.constdata__ZTIN10__cxxabiv129__pointer_to_member_type_infoE) for typeinfo for __cxxabiv1::__pointer_to_member_type_info
    lib_rtti_impl.o(.constdata__ZTVN10__cxxabiv129__pointer_to_member_type_infoE) refers to lib_rtti_impl.o(i._ZN10__cxxabiv129__pointer_to_member_type_infoD1Ev) for __cxxabiv1::__pointer_to_member_type_info::~__pointer_to_member_type_info()
    lib_rtti_impl.o(.constdata__ZTVN10__cxxabiv129__pointer_to_member_type_infoE) refers to lib_rtti_impl.o(i._ZN10__cxxabiv129__pointer_to_member_type_infoD0Ev) for __cxxabiv1::__pointer_to_member_type_info::~__pointer_to_member_type_info__deallocating()
    lib_rtti_impl.o(.ARM.exidx) refers to lib_rtti_impl.o(i._ZNSt9type_infodlEPv) for i._ZNSt9type_infodlEPv
    lib_rtti_impl.o(.constdata__ZTIN10__cxxabiv123__fundamental_type_infoE) refers to lib_rtti_impl.o(.constdata__ZTVN10__cxxabiv120__si_class_type_infoE) for vtable for __cxxabiv1::__si_class_type_info
    lib_rtti_impl.o(.constdata__ZTIN10__cxxabiv123__fundamental_type_infoE) refers to lib_rtti_impl.o(.constdata__ZTSN10__cxxabiv123__fundamental_type_infoE) for typeinfo name for __cxxabiv1::__fundamental_type_info
    lib_rtti_impl.o(.constdata__ZTIN10__cxxabiv123__fundamental_type_infoE) refers to type_info_dtor.o(.constdata__ZTISt9type_info) for typeinfo for std::type_info
    lib_rtti_impl.o(.constdata__ZTIN10__cxxabiv117__array_type_infoE) refers to lib_rtti_impl.o(.constdata__ZTVN10__cxxabiv120__si_class_type_infoE) for vtable for __cxxabiv1::__si_class_type_info
    lib_rtti_impl.o(.constdata__ZTIN10__cxxabiv117__array_type_infoE) refers to lib_rtti_impl.o(.constdata__ZTSN10__cxxabiv117__array_type_infoE) for typeinfo name for __cxxabiv1::__array_type_info
    lib_rtti_impl.o(.constdata__ZTIN10__cxxabiv117__array_type_infoE) refers to type_info_dtor.o(.constdata__ZTISt9type_info) for typeinfo for std::type_info
    lib_rtti_impl.o(.constdata__ZTIN10__cxxabiv120__function_type_infoE) refers to lib_rtti_impl.o(.constdata__ZTVN10__cxxabiv120__si_class_type_infoE) for vtable for __cxxabiv1::__si_class_type_info
    lib_rtti_impl.o(.constdata__ZTIN10__cxxabiv120__function_type_infoE) refers to lib_rtti_impl.o(.constdata__ZTSN10__cxxabiv120__function_type_infoE) for typeinfo name for __cxxabiv1::__function_type_info
    lib_rtti_impl.o(.constdata__ZTIN10__cxxabiv120__function_type_infoE) refers to type_info_dtor.o(.constdata__ZTISt9type_info) for typeinfo for std::type_info
    lib_rtti_impl.o(.constdata__ZTIN10__cxxabiv116__enum_type_infoE) refers to lib_rtti_impl.o(.constdata__ZTVN10__cxxabiv120__si_class_type_infoE) for vtable for __cxxabiv1::__si_class_type_info
    lib_rtti_impl.o(.constdata__ZTIN10__cxxabiv116__enum_type_infoE) refers to lib_rtti_impl.o(.constdata__ZTSN10__cxxabiv116__enum_type_infoE) for typeinfo name for __cxxabiv1::__enum_type_info
    lib_rtti_impl.o(.constdata__ZTIN10__cxxabiv116__enum_type_infoE) refers to type_info_dtor.o(.constdata__ZTISt9type_info) for typeinfo for std::type_info
    lib_rtti_impl.o(.constdata__ZTIN10__cxxabiv117__class_type_infoE) refers to lib_rtti_impl.o(.constdata__ZTVN10__cxxabiv120__si_class_type_infoE) for vtable for __cxxabiv1::__si_class_type_info
    lib_rtti_impl.o(.constdata__ZTIN10__cxxabiv117__class_type_infoE) refers to lib_rtti_impl.o(.constdata__ZTSN10__cxxabiv117__class_type_infoE) for typeinfo name for __cxxabiv1::__class_type_info
    lib_rtti_impl.o(.constdata__ZTIN10__cxxabiv117__class_type_infoE) refers to type_info_dtor.o(.constdata__ZTISt9type_info) for typeinfo for std::type_info
    lib_rtti_impl.o(.constdata__ZTIN10__cxxabiv120__si_class_type_infoE) refers to lib_rtti_impl.o(.constdata__ZTVN10__cxxabiv120__si_class_type_infoE) for vtable for __cxxabiv1::__si_class_type_info
    lib_rtti_impl.o(.constdata__ZTIN10__cxxabiv120__si_class_type_infoE) refers to lib_rtti_impl.o(.constdata__ZTSN10__cxxabiv120__si_class_type_infoE) for typeinfo name for __cxxabiv1::__si_class_type_info
    lib_rtti_impl.o(.constdata__ZTIN10__cxxabiv120__si_class_type_infoE) refers to lib_rtti_impl.o(.constdata__ZTIN10__cxxabiv117__class_type_infoE) for typeinfo for __cxxabiv1::__class_type_info
    lib_rtti_impl.o(.constdata__ZTIN10__cxxabiv121__vmi_class_type_infoE) refers to lib_rtti_impl.o(.constdata__ZTVN10__cxxabiv120__si_class_type_infoE) for vtable for __cxxabiv1::__si_class_type_info
    lib_rtti_impl.o(.constdata__ZTIN10__cxxabiv121__vmi_class_type_infoE) refers to lib_rtti_impl.o(.constdata__ZTSN10__cxxabiv121__vmi_class_type_infoE) for typeinfo name for __cxxabiv1::__vmi_class_type_info
    lib_rtti_impl.o(.constdata__ZTIN10__cxxabiv121__vmi_class_type_infoE) refers to lib_rtti_impl.o(.constdata__ZTIN10__cxxabiv117__class_type_infoE) for typeinfo for __cxxabiv1::__class_type_info
    lib_rtti_impl.o(.constdata__ZTIN10__cxxabiv117__pbase_type_infoE) refers to lib_rtti_impl.o(.constdata__ZTVN10__cxxabiv120__si_class_type_infoE) for vtable for __cxxabiv1::__si_class_type_info
    lib_rtti_impl.o(.constdata__ZTIN10__cxxabiv117__pbase_type_infoE) refers to lib_rtti_impl.o(.constdata__ZTSN10__cxxabiv117__pbase_type_infoE) for typeinfo name for __cxxabiv1::__pbase_type_info
    lib_rtti_impl.o(.constdata__ZTIN10__cxxabiv117__pbase_type_infoE) refers to type_info_dtor.o(.constdata__ZTISt9type_info) for typeinfo for std::type_info
    lib_rtti_impl.o(.constdata__ZTIN10__cxxabiv119__pointer_type_infoE) refers to lib_rtti_impl.o(.constdata__ZTVN10__cxxabiv120__si_class_type_infoE) for vtable for __cxxabiv1::__si_class_type_info
    lib_rtti_impl.o(.constdata__ZTIN10__cxxabiv119__pointer_type_infoE) refers to lib_rtti_impl.o(.constdata__ZTSN10__cxxabiv119__pointer_type_infoE) for typeinfo name for __cxxabiv1::__pointer_type_info
    lib_rtti_impl.o(.constdata__ZTIN10__cxxabiv119__pointer_type_infoE) refers to lib_rtti_impl.o(.constdata__ZTIN10__cxxabiv117__pbase_type_infoE) for typeinfo for __cxxabiv1::__pbase_type_info
    lib_rtti_impl.o(.constdata__ZTIN10__cxxabiv129__pointer_to_member_type_infoE) refers to lib_rtti_impl.o(.constdata__ZTVN10__cxxabiv120__si_class_type_infoE) for vtable for __cxxabiv1::__si_class_type_info
    lib_rtti_impl.o(.constdata__ZTIN10__cxxabiv129__pointer_to_member_type_infoE) refers to lib_rtti_impl.o(.constdata__ZTSN10__cxxabiv129__pointer_to_member_type_infoE) for typeinfo name for __cxxabiv1::__pointer_to_member_type_info
    lib_rtti_impl.o(.constdata__ZTIN10__cxxabiv129__pointer_to_member_type_infoE) refers to lib_rtti_impl.o(.constdata__ZTIN10__cxxabiv117__pbase_type_infoE) for typeinfo for __cxxabiv1::__pbase_type_info
    lib_rtti_impl.o(i.__ARM_common_noexcept_landing) refers to arm_exceptions_callterm.o(.text) for __cxa_call_terminate
    lib_rtti_impl.o(.ARM.exidx) refers to lib_rtti_impl.o(i.__ARM_common_noexcept_landing) for i.__ARM_common_noexcept_landing
    type_info_dtor.o(.constdata__ZTVSt9type_info) refers to type_info_dtor.o(.constdata__ZTISt9type_info) for typeinfo for std::type_info
    type_info_dtor.o(.constdata__ZTVSt9type_info) refers to type_info_dtor.o(i._ZNSt9type_infoD1Ev) for std::type_info::~type_info()
    type_info_dtor.o(.constdata__ZTVSt9type_info) refers to type_info_dtor.o(i._ZNSt9type_infoD0Ev) for std::type_info::~type_info__deallocating()
    type_info_dtor.o(.constdata__ZTISt9type_info) refers to lib_rtti_impl.o(.constdata__ZTVN10__cxxabiv117__class_type_infoE) for vtable for __cxxabiv1::__class_type_info
    type_info_dtor.o(.constdata__ZTISt9type_info) refers to type_info_dtor.o(.constdata__ZTSSt9type_info) for typeinfo name for std::type_info

