Component: ARM Compiler 5.06 update 5 (build 528) Tool: armlink [4d35e2]

==============================================================================

Section Cross References

    main.o(i.__sti___8_main_cpp_sys) refers to lib.o(i._ZN7cSystemC1Eh) for cSystem::cSystem(unsigned char)
    main.o(i.__sti___8_main_cpp_sys) refers to lib.o(i._ZN10cHwTimer_NC1ENS_7TimerIdEj) for cHwTimer_N::cHwTimer_N(cHwTimer_N::TimerId, unsigned)
    main.o(i.__sti___8_main_cpp_sys) refers to lib.o(i._ZN9cHwPort_NC1ENS_6PortIdE) for cHwPort_N::cHwPort_N(cHwPort_N::PortId)
    main.o(i.__sti___8_main_cpp_sys) refers to lib.o(i._ZN8cHwADC_0C1EP8cHwTimer) for cHwADC_0::cHwADC_0(cHwTimer*)
    main.o(i.__sti___8_main_cpp_sys) refers to lib.o(i._ZN8cHwDAC_0C1Ev) for cHwDAC_0::cHwDAC_0()
    main.o(i.__sti___8_main_cpp_sys) refers to main.o(i._ZN6cHwFMCC1ENS_7FMCtypeEb) for cHwFMC::cHwFMC(cHwFMC::FMCtype, bool)
    main.o(i.__sti___8_main_cpp_sys) refers to lib.o(i._ZN7cHwPort3PinC1ERS_h) for cHwPort::Pin::Pin(cHwPort&, unsigned char)
    main.o(i.__sti___8_main_cpp_sys) refers to lib.o(i._ZN14cHwDisplayFontC1EPK24cHwDisplayFontPropertiesPKh) for cHwDisplayFont::cHwDisplayFont(const cHwDisplayFontProperties*, const unsigned char*)
    main.o(i.__sti___8_main_cpp_sys) refers to disp_otm8009a.o(i._ZN19cHwDisp_OTM8009AramC1ER6cHwDSIRN7cHwPort3PinEN16cHwDisp_OTM8009A11OrientationE14cHwDisplayFonth) for cHwDisp_OTM8009Aram::cHwDisp_OTM8009Aram(cHwDSI&, cHwPort::Pin&, cHwDisp_OTM8009A::Orientation, cHwDisplayFont, unsigned char)
    main.o(i.__sti___8_main_cpp_sys) refers to lib.o(i._ZN18cDevDisplayGraphicC1ER17cHwDisplayGraphic) for cDevDisplayGraphic::cDevDisplayGraphic(cHwDisplayGraphic&)
    main.o(i.__sti___8_main_cpp_sys) refers to lib.o(i._ZN11cDevDigitalC1ER7cHwPorthNS_4ModeEb) for cDevDigital::cDevDigital(cHwPort&, unsigned char, cDevDigital::Mode, bool)
    main.o(i.__sti___8_main_cpp_sys) refers to lib.o(i._ZN26cDevControlEncoderJoystickC1EP11cDevDigitalS1_S1_P8cHwTimert) for cDevControlEncoderJoystick::cDevControlEncoderJoystick(cDevDigital*, cDevDigital*, cDevDigital*, cHwTimer*, unsigned short)
    main.o(i.__sti___8_main_cpp_sys) refers to main.o(.data) for .data
    main.o(i.__sti___8_main_cpp_sys) refers to main.o(.bss) for .bss
    main.o(i.__sti___8_main_cpp_sys) refers to main.o(.constdata__ZTV6cHwDSI) for vtable for cHwDSI
    main.o(i.__sti___8_main_cpp_sys) refers to main.o(.constdata) for .constdata
    main.o(i.main) refers to lib.o(i._ZN18cDevDisplayGraphic6printfEhhhPKcz) for cDevDisplayGraphic::printf(unsigned char, unsigned char, unsigned char, const char*, ...)
    main.o(i.main) refers to lib.o(i._ZN18cDevControlEncoder3getEv) for cDevControlEncoder::get()
    main.o(i.main) refers to lib.o(i._ZN11cDevDigital3getEv) for cDevDigital::get()
    main.o(i.main) refers to lib.o(i._ZN11cDevDigital3setEb) for cDevDigital::set(bool)
    main.o(i.main) refers to lib.o(i._ZN18cDevDisplayGraphic7refreshEv) for cDevDisplayGraphic::refresh()
    main.o(i.main) refers to main.o(.data) for .data
    main.o(i.main) refers to main.o(.bss) for .bss
    main.o(.ARM.exidx) refers to main.o(i.main) for i.main
    main.o(.ARM.exidx) refers to main.o(i.__sti___8_main_cpp_sys) for i.__sti___8_main_cpp_sys
    main.o(.data) refers to main.o(.bss) for adc0
    main.o(.init_array) refers to main.o(i.__sti___8_main_cpp_sys) for __sti___8_main_cpp_sys
    main.o(.init_array) refers to init_aeabi.o(.text) for __cpp_initialize__aeabi_
    lib.o(i.ADC_IRQHandler) refers to lib.o(.data) for .data
    lib.o(i.OTG_FS_IRQHandler) refers to lib.o(i._ZN7cSystem16disableInterruptEv) for cSystem::disableInterrupt()
    lib.o(i.OTG_FS_IRQHandler) refers to lib.o(i._ZN8cHwUSB_03isrEv) for cHwUSB_0::isr()
    lib.o(i.OTG_FS_IRQHandler) refers to lib.o(i._ZN7cSystem15enableInterruptEv) for cSystem::enableInterrupt()
    lib.o(i.OTG_FS_IRQHandler) refers to lib.o(.data) for .data
    lib.o(i.PendSV_Handler) refers to rtoscontext.o(.text) for save_context
    lib.o(i.PendSV_Handler) refers to lib.o(.data) for stackPointer
    lib.o(i.SysTick_Handler) refers to rtoscontext.o(.text) for save_context
    lib.o(i.SysTick_Handler) refers to lib.o(.data) for stackPointer
    lib.o(i.TIM1_UP_TIM10_IRQHandler) refers to lib.o(i._ZN10cHwTimer_N5isr_NEv) for cHwTimer_N::isr_N()
    lib.o(i.TIM1_UP_TIM10_IRQHandler) refers to lib.o(.data) for .data
    lib.o(i.TIM2_IRQHandler) refers to lib.o(i._ZN10cHwTimer_N5isr_NEv) for cHwTimer_N::isr_N()
    lib.o(i.TIM2_IRQHandler) refers to lib.o(.data) for .data
    lib.o(i.TIM3_IRQHandler) refers to lib.o(i._ZN10cHwTimer_N5isr_NEv) for cHwTimer_N::isr_N()
    lib.o(i.TIM3_IRQHandler) refers to lib.o(.data) for .data
    lib.o(i.TIM4_IRQHandler) refers to lib.o(i._ZN10cHwTimer_N5isr_NEv) for cHwTimer_N::isr_N()
    lib.o(i.TIM4_IRQHandler) refers to lib.o(.data) for .data
    lib.o(i.TIM5_IRQHandler) refers to lib.o(i._ZN10cHwTimer_N5isr_NEv) for cHwTimer_N::isr_N()
[...]
    __rt_entry_presh_1                       0x08000351   Thumb Code     0  __rtentry2.o(.ARM.Collect$$rtentry$$00000002)
    __rt_entry_sh                            0x08000351   Thumb Code     0  __rtentry4.o(.ARM.Collect$$rtentry$$00000004)
    __rt_entry_li                            0x08000357   Thumb Code     0  __rtentry2.o(.ARM.Collect$$rtentry$$0000000A)
    __rt_entry_postsh_1                      0x08000357   Thumb Code     0  __rtentry2.o(.ARM.Collect$$rtentry$$00000009)
    __rt_entry_main                          0x0800035b   Thumb Code     0  __rtentry2.o(.ARM.Collect$$rtentry$$0000000D)
    __rt_entry_postli_1                      0x0800035b   Thumb Code     0  __rtentry2.o(.ARM.Collect$$rtentry$$0000000C)
    __rt_exit                                0x08000363   Thumb Code     0  rtexit.o(.ARM.Collect$$rtexit$$00000000)
    __rt_exit_ls                             0x08000365   Thumb Code     0  rtexit2.o(.ARM.Collect$$rtexit$$00000003)
    __rt_exit_prels_1                        0x08000365   Thumb Code     0  rtexit2.o(.ARM.Collect$$rtexit$$00000002)
    __rt_exit_exit                           0x08000369   Thumb Code     0  rtexit2.o(.ARM.Collect$$rtexit$$00000004)
    _maybe_terminate_alloc                   0x08000371   Thumb Code     0  maybetermalloc1.o(.emb_text)
    save_context                             0x08000371   Thumb Code    22  rtoscontext.o(.text)
    load_context                             0x08000387   Thumb Code    22  rtoscontext.o(.text)
    Reset_Handler                            0x0800039d   Thumb Code     8  startup_stm32f769xx.o(.text)
    NMI_Handler                              0x080003a5   Thumb Code     2  startup_stm32f769xx.o(.text)
    HardFault_Handler                        0x080003a7   Thumb Code     2  startup_stm32f769xx.o(.text)
    MemManage_Handler                        0x080003a9   Thumb Code     2  startup_stm32f769xx.o(.text)
    BusFault_Handler                         0x080003ab   Thumb Code     2  startup_stm32f769xx.o(.text)
    UsageFault_Handler                       0x080003ad   Thumb Code     2  startup_stm32f769xx.o(.text)
    SVC_Handler                              0x080003af   Thumb Code     2  startup_stm32f769xx.o(.text)
    DebugMon_Handler                         0x080003b1   Thumb Code     2  startup_stm32f769xx.o(.text)
    CAN1_RX0_IRQHandler                      0x080003b7   Thumb Code     0  startup_stm32f769xx.o(.text)
    CAN1_RX1_IRQHandler                      0x080003b7   Thumb Code     0  startup_stm32f769xx.o(.text)
    CAN1_SCE_IRQHandler                      0x080003b7   Thumb Code     0  startup_stm32f769xx.o(.text)
    CAN1_TX_IRQHandler                       0x080003b7   Thumb Code     0  startup_stm32f769xx.o(.text)
    CAN2_RX0_IRQHandler                      0x080003b7   Thumb Code     0  startup_stm32f769xx.o(.text)
    CAN2_RX1_IRQHandler                      0x080003b7   Thumb Code     0  startup_stm32f769xx.o(.text)
    CAN2_SCE_IRQHandler                      0x080003b7   Thumb Code     0  startup_stm32f769xx.o(.text)
    CAN2_TX_IRQHandler                       0x080003b7   Thumb Code     0  startup_stm32f769xx.o(.text)
    CAN3_RX0_IRQHandler                      0x080003b7   Thumb Code     0  startup_stm32f769xx.o(.text)
    CAN3_RX1_IRQHandler                      0x080003b7   Thumb Code     0  startup_stm32f769xx.o(.text)
    CAN3_SCE_IRQHandler                      0x080003b7   Thumb Code     0  startup_stm32f769xx.o(.text)
    CAN3_TX_IRQHandler                       0x080003b7   Thumb Code     0  startup_stm32f769xx.o(.text)
    CEC_IRQHandler                           0x080003b7   Thumb Code     0  startup_stm32f769xx.o(.text)
    DCMI_IRQHandler                          0x080003b7   Thumb Code     0  startup_stm32f769xx.o(.text)
    DFSDM1_FLT0_IRQHandler                   0x080003b7   Thumb Code     0  startup_stm32f769xx.o(.text)
    DFSDM1_FLT1_IRQHandler                   0x080003b7   Thumb Code     0  startup_stm32f769xx.o(.text)
    DFSDM1_FLT2_IRQHandler                   0x080003b7   Thumb Code     0  startup_stm32f769xx.o(.text)
    DFSDM1_FLT3_IRQHandler                   0x080003b7   Thumb Code     0  startup_stm32f769xx.o(.text)
    DMA1_Stream0_IRQHandler                  0x080003b7   Thumb Code     0  startup_stm32f769xx.o(.text)
    DMA1_Stream1_IRQHandler                  0x080003b7   Thumb Code     0  startup_stm32f769xx.o(.text)
    DMA1_Stream2_IRQHandler                  0x080003b7   Thumb Code     0  startup_stm32f769xx.o(.text)
    DMA1_Stream3_IRQHandler                  0x080003b7   Thumb Code     0  startup_stm32f769xx.o(.text)
    DMA1_Stream4_IRQHandler                  0x080003b7   Thumb Code     0  startup_stm32f769xx.o(.text)
    DMA1_Stream5_IRQHandler                  0x080003b7   Thumb Code     0  startup_stm32f769xx.o(.text)
    DMA1_Stream6_IRQHandler                  0x080003b7   Thumb Code     0  startup_stm32f769xx.o(.text)
    DMA1_Stream7_IRQHandler                  0x080003b7   Thumb Code     0  startup_stm32f769xx.o(.text)
    DMA2D_IRQHandler                         0x080003b7   Thumb Code     0  startup_stm32f769xx.o(.text)
    DMA2_Stream0_IRQHandler                  0x080003b7   Thumb Code     0  startup_stm32f769xx.o(.text)
    DMA2_Stream1_IRQHandler                  0x080003b7   Thumb Code     0  startup_stm32f769xx.o(.text)
    DMA2_Stream2_IRQHandler                  0x080003b7   Thumb Code     0  startup_stm32f769xx.o(.text)
    DMA2_Stream3_IRQHandler                  0x080003b7   Thumb Code     0  startup_stm32f769xx.o(.text)
    DMA2_Stream4_IRQHandler                  0x080003b7   Thumb Code     0  startup_stm32f769xx.o(.text)
    DMA2_Stream5_IRQHandler                  0x080003b7   Thumb Code     0  startup_stm32f769xx.o(.text)
    DMA2_Stream6_IRQHandler                  0x080003b7   Thumb Code     0  startup_stm32f769xx.o(.text)
    DMA2_Stream7_IRQHandler                  0x080003b7   Thumb Code     0  startup_stm32f769xx.o(.text)
    DSI_IRQHandler                           0x080003b7   Thumb Code     0  startup_stm32f769xx.o(.text)
    ETH_IRQHandler                           0x080003b7   Thumb Code     0  startup_stm32f769xx.o(.text)
    ETH_WKUP_IRQHandler                      0x080003b7   Thumb Code     0  startup_stm32f769xx.o(.text)
    EXTI0_IRQHandler                         0x080003b7   Thumb Code     0  startup_stm32f769xx.o(.text)
    EXTI15_10_IRQHandler                     0x080003b7   Thumb Code     0  startup_stm32f769xx.o(.text)
    EXTI1_IRQHandler                         0x080003b7   Thumb Code     0  startup_stm32f769xx.o(.text)
    EXTI2_IRQHandler                         0x080003b7   Thumb Code     0  startup_stm32f769xx.o(.text)
    EXTI3_IRQHandler                         0x080003b7   Thumb Code     0  startup_stm32f769xx.o(.text)
    EXTI4_IRQHandler                         0x080003b7   Thumb Code     0  startup_stm32f769xx.o(.text)
    EXTI9_5_IRQHandler                       0x080003b7   Thumb Code     0  startup_stm32f769xx.o(.text)
    FLASH_IRQHandler                         0x080003b7   Thumb Code     0  startup_stm32f769xx.o(.text)
    FMC_IRQHandler                           0x080003b7   Thumb Code     0  startup_stm32f769xx.o(.text)
    FPU_IRQHandler                           0x080003b7   Thumb Code     0  startup_stm32f769xx.o(.text)
    I2C1_ER_IRQHandler                       0x080003b7   Thumb Code     0  startup_stm32f769xx.o(.text)
    I2C1_EV_IRQHandler                       0x080003b7   Thumb Code     0  startup_stm32f769xx.o(.text)
    I2C2_ER_IRQHandler                       0x080003b7   Thumb Code     0  startup_stm32f769xx.o(.text)
    I2C2_EV_IRQHandler                       0x080003b7   Thumb Code     0  startup_stm32f769xx.o(.text)
    I2C3_ER_IRQHandler                       0x080003b7   Thumb Code     0  startup_stm32f769xx.o(.text)
    I2C3_EV_IRQHandler                       0x080003b7   Thumb Code     0  startup_stm32f769xx.o(.text)
    I2C4_ER_IRQHandler                       0x080003b7   Thumb Code     0  startup_stm32f769xx.o(.text)
    I2C4_EV_IRQHandler                       0x080003b7   Thumb Code     0  startup_stm32f769xx.o(.text)
    JPEG_IRQHandler                          0x080003b7   Thumb Code     0  startup_stm32f769xx.o(.text)
    LPTIM1_IRQHandler                        0x080003b7   Thumb Code     0  startup_stm32f769xx.o(.text)
    LTDC_ER_IRQHandler                       0x080003b7   Thumb Code     0  startup_stm32f769xx.o(.text)
    LTDC_IRQHandler                          0x080003b7   Thumb Code     0  startup_stm32f769xx.o(.text)
    MDIOS_IRQHandler                         0x080003b7   Thumb Code     0  startup_stm32f769xx.o(.text)
    OTG_FS_WKUP_IRQHandler                   0x080003b7   Thumb Code     0  startup_stm32f769xx.o(.text)
    OTG_HS_EP1_IN_IRQHandler                 0x080003b7   Thumb Code     0  startup_stm32f769xx.o(.text)
    OTG_HS_EP1_OUT_IRQHandler                0x080003b7   Thumb Code     0  startup_stm32f769xx.o(.text)
    OTG_HS_IRQHandler                        0x080003b7   Thumb Code     0  startup_stm32f769xx.o(.text)
    OTG_HS_WKUP_IRQHandler                   0x080003b7   Thumb Code     0  startup_stm32f769xx.o(.text)
    PVD_IRQHandler                           0x080003b7   Thumb Code     0  startup_stm32f769xx.o(.text)
    QUADSPI_IRQHandler                       0x080003b7   Thumb Code     0  startup_stm32f769xx.o(.text)
    RCC_IRQHandler                           0x080003b7   Thumb Code     0  startup_stm32f769xx.o(.text)
    RNG_IRQHandler                           0x080003b7   Thumb Code     0  startup_stm32f769xx.o(.text)
    RTC_Alarm_IRQHandler                     0x080003b7   Thumb Code     0  startup_stm32f769xx.o(.text)
    RTC_WKUP_IRQHandler                      0x080003b7   Thumb Code     0  startup_stm32f769xx.o(.text)
    SAI1_IRQHandler                          0x080003b7   Thumb Code     0  startup_stm32f769xx.o(.text)
    SAI2_IRQHandler                          0x080003b7   Thumb Code     0  startup_stm32f769xx.o(.text)
    SDMMC1_IRQHandler                        0x080003b7   Thumb Code     0  startup_stm32f769xx.o(.text)
    SDMMC2_IRQHandler                        0x080003b7   Thumb Code     0  startup_stm32f769xx.o(.text)
    SPDIF_RX_IRQHandler                      0x080003b7   Thumb Code     0  startup_stm32f769xx.o(.text)
    SPI1_IRQHandler                          0x080003b7   Thumb Code     0  startup_stm32f769xx.o(.text)
    SPI2_IRQHandler                          0x080003b7   Thumb Code     0  startup_stm32f769xx.o(.text)
    SPI3_IRQHandler                          0x080003b7   Thumb Code     0  startup_stm32f769xx.o(.text)
    SPI4_IRQHandler                          0x080003b7   Thumb Code     0  startup_stm32f769xx.o(.text)
    SPI5_IRQHandler                          0x080003b7   Thumb Code     0  startup_stm32f769xx.o(.text)
    SPI6_IRQHandler                          0x080003b7   Thumb Code     0  startup_stm32f769xx.o(.text)
    TAMP_STAMP_IRQHandler                    0x080003b7   Thumb Code     0  startup_stm32f769xx.o(.text)
    TIM1_BRK_TIM9_IRQHandler                 0x080003b7   Thumb Code     0  startup_stm32f769xx.o(.text)
    TIM1_CC_IRQHandler                       0x080003b7   Thumb Code     0  startup_stm32f769xx.o(.text)
    TIM1_TRG_COM_TIM11_IRQHandler            0x080003b7   Thumb Code     0  startup_stm32f769xx.o(.text)
    TIM6_DAC_IRQHandler                      0x080003b7   Thumb Code     0  startup_stm32f769xx.o(.text)
    TIM8_BRK_TIM12_IRQHandler                0x080003b7   Thumb Code     0  startup_stm32f769xx.o(.text)
    TIM8_TRG_COM_TIM14_IRQHandler            0x080003b7   Thumb Code     0  startup_stm32f769xx.o(.text)
    TIM8_UP_TIM13_IRQHandler                 0x080003b7   Thumb Code     0  startup_stm32f769xx.o(.text)
    UART7_IRQHandler                         0x080003b7   Thumb Code     0  startup_stm32f769xx.o(.text)
    UART8_IRQHandler                         0x080003b7   Thumb Code     0  startup_stm32f769xx.o(.text)
    WWDG_IRQHandler                          0x080003b7   Thumb Code     0  startup_stm32f769xx.o(.text)
    __user_initial_stackheap                 0x080003b9   Thumb Code     0  startup_stm32f769xx.o(.text)
    malloc                                   0x080003dd   Thumb Code    94  h1_alloc.o(.text)
    free                                     0x0800043b   Thumb Code    78  h1_free.o(.text)
    __c89vsprintf                            0x08000489   Thumb Code    32  c89vsprintf.o(.text)
    abort                                    0x080004ad   Thumb Code    22  abort.o(.text)
    __aeabi_memcpy4                          0x080004c3   Thumb Code     0  rt_memcpy_w.o(.text)
    __aeabi_memcpy8                          0x080004c3   Thumb Code     0  rt_memcpy_w.o(.text)
    __rt_memcpy_w                            0x080004c3   Thumb Code   100  rt_memcpy_w.o(.text)
    _memcpy_lastbytes_aligned                0x0800050b   Thumb Code     0  rt_memcpy_w.o(.text)
    __use_two_region_memory                  0x08000527   Thumb Code     2  heapauxi.o(.text)
    __rt_heap_escrow                         0x08000529   Thumb Code     2  heapauxi.o(.text)
    __rt_heap_expand                         0x0800052b   Thumb Code     2  heapauxi.o(.text)
    __cpp_initialize__aeabi_                 0x0800052d   Thumb Code    26  init_aeabi.o(.text)
    _sys_exit                                0x08000551   Thumb Code     8  sys_exit.o(.text)
    __rt_heap_descriptor                     0x0800055d   Thumb Code     8  rt_heap_descriptor_intlibspace.o(.text)
    __use_no_heap                            0x08000565   Thumb Code     2  hguard.o(.text)
    __heap$guard                             0x08000567   Thumb Code     2  hguard.o(.text)
    _terminate_user_alloc                    0x08000569   Thumb Code     2  init_alloc.o(.text)
    _init_user_alloc                         0x0800056b   Thumb Code     2  init_alloc.o(.text)
    __Heap_Full                              0x0800056d   Thumb Code    34  init_alloc.o(.text)
    __Heap_Broken                            0x0800058f   Thumb Code     6  init_alloc.o(.text)
    _init_alloc                              0x08000595   Thumb Code    94  init_alloc.o(.text)
    __Heap_Initialize                        0x080005f3   Thumb Code    10  h1_init.o(.text)
    __Heap_DescSize                          0x080005fd   Thumb Code     4  h1_init.o(.text)
    _printf_pre_padding                      0x08000601   Thumb Code    44  _printf_pad.o(.text)
    _printf_post_padding                     0x0800062d   Thumb Code    34  _printf_pad.o(.text)
    _printf_truncate_signed                  0x0800064f   Thumb Code    18  _printf_truncate.o(.text)
    _printf_truncate_unsigned                0x08000661   Thumb Code    18  _printf_truncate.o(.text)
    _printf_str                              0x08000673   Thumb Code    82  _printf_str.o(.text)
    _printf_int_dec                          0x080006c5   Thumb Code   104  _printf_dec.o(.text)
    _printf_charcount                        0x0800073d   Thumb Code    40  _printf_charcount.o(.text)
    _printf_char_common                      0x0800076f   Thumb Code    32  _printf_char_common.o(.text)
    _sputc                                   0x08000795   Thumb Code    10  _sputc.o(.text)
    _printf_wctomb                           0x080007a1   Thumb Code   182  _printf_wctomb.o(.text)
    _printf_longlong_dec                     0x0800085d   Thumb Code   108  _printf_longlong_dec.o(.text)
    _printf_longlong_oct                     0x080008d9   Thumb Code    66  _printf_oct_int_ll.o(.text)
    _printf_int_oct                          0x0800091b   Thumb Code    24  _printf_oct_int_ll.o(.text)
    _printf_ll_oct                           0x08000933   Thumb Code    12  _printf_oct_int_ll.o(.text)
    _printf_longlong_hex                     0x08000949   Thumb Code    86  _printf_hex_int_ll_ptr.o(.text)
    _printf_int_hex                          0x0800099f   Thumb Code    28  _printf_hex_int_ll_ptr.o(.text)
    _printf_ll_hex                           0x080009bb   Thumb Code    12  _printf_hex_int_ll_ptr.o(.text)
    _printf_hex_ptr                          0x080009c7   Thumb Code    18  _printf_hex_int_ll_ptr.o(.text)
    __printf                                 0x080009dd   Thumb Code   388  __printf_flags_ss_wp.o(.text)
    __rt_SIGABRT                             0x08000b65   Thumb Code    14  defsig_abrt_outer.o(.text)
    __user_libspace                          0x08000b75   Thumb Code     8  libspace.o(.text)
    __user_perproc_libspace                  0x08000b75   Thumb Code     0  libspace.o(.text)
    __user_perthread_libspace                0x08000b75   Thumb Code     0  libspace.o(.text)
    __I$use$semihosting                      0x08000b7d   Thumb Code     0  use_no_semi.o(.text)
    __use_no_semihosting_swi                 0x08000b7d   Thumb Code     2  use_no_semi.o(.text)
    __Heap_ProvideMemory                     0x08000b7f   Thumb Code    52  h1_extend.o(.text)
    __semihosting_library_function           0x08000b7f   Thumb Code     0  indicate_semi.o(.text)
    _ll_udiv10                               0x08000bb3   Thumb Code   138  lludiv10.o(.text)
    _printf_int_common                       0x08000c3d   Thumb Code   178  _printf_intcommon.o(.text)
    __lib_sel_fp_printf                      0x08000cef   Thumb Code     2  _printf_fp_dec.o(.text)
    _printf_fp_dec_real                      0x08000ea1   Thumb Code   620  _printf_fp_dec.o(.text)
    _printf_cs_common                        0x0800110d   Thumb Code    20  _printf_char.o(.text)
    _printf_char                             0x08001121   Thumb Code    16  _printf_char.o(.text)
    _printf_string                           0x08001131   Thumb Code     8  _printf_char.o(.text)
    _printf_lcs_common                       0x08001139   Thumb Code    20  _printf_wchar.o(.text)
    _printf_wchar                            0x0800114d   Thumb Code    16  _printf_wchar.o(.text)
    _printf_wstring                          0x0800115d   Thumb Code     8  _printf_wchar.o(.text)
    _wcrtomb                                 0x08001165   Thumb Code    64  _wcrtomb.o(.text)
    __sig_exit                               0x080011a5   Thumb Code    10  defsig_exit.o(.text)
    __rt_SIGABRT_inner                       0x080011b1   Thumb Code    14  defsig_abrt_inner.o(.text)
    __rt_SIGRTMEM                            0x080011e1   Thumb Code    14  defsig_rtmem_outer.o(.text)
    __user_setup_stackheap                   0x080011ef   Thumb Code    74  sys_stackheap_outer.o(.text)
    __rt_ctype_table                         0x08001239   Thumb Code    16  rt_ctype_table.o(.text)
    __rt_locale                              0x08001249   Thumb Code     8  rt_locale_intlibspace.o(.text)
    _printf_fp_infnan                        0x08001251   Thumb Code   112  _printf_fp_infnan.o(.text)
    _btod_etento                             0x080012d1   Thumb Code   224  bigflt0.o(.text)
    exit                                     0x080013b5   Thumb Code    18  exit.o(.text)
    __default_signal_display                 0x080013c7   Thumb Code    50  defsig_general.o(.text)
    __rt_SIGRTMEM_inner                      0x080013f9   Thumb Code    22  defsig_rtmem_inner.o(.text)
    _ttywrch                                 0x08001449   Thumb Code    14  sys_wrch.o(.text)
    strcmp                                   0x08001459   Thumb Code   104  strcmpv7m_pel.o(.text)
    _btod_d2e                                0x080014c1   Thumb Code    62  btod.o(CL$$btod_d2e)
    _d2e_denorm_low                          0x080014ff   Thumb Code    70  btod.o(CL$$btod_d2e_denorm_low)
    _d2e_norm_op1                            0x08001545   Thumb Code    96  btod.o(CL$$btod_d2e_norm_op1)
    __btod_div_common                        0x080015a5   Thumb Code   696  btod.o(CL$$btod_div_common)
    _e2e                                     0x080018dd   Thumb Code   220  btod.o(CL$$btod_e2e)
    _btod_ediv                               0x080019b9   Thumb Code    42  btod.o(CL$$btod_ediv)
    _btod_emul                               0x080019e3   Thumb Code    42  btod.o(CL$$btod_emul)
    __btod_mult_common                       0x08001a0d   Thumb Code   580  btod.o(CL$$btod_mult_common)
    ADC_IRQHandler                           0x08001c51   Thumb Code    24  lib.o(i.ADC_IRQHandler)
    OTG_FS_IRQHandler                        0x08001c71   Thumb Code    22  lib.o(i.OTG_FS_IRQHandler)
    PendSV_Handler                           0x08001c8d   Thumb Code    36  lib.o(i.PendSV_Handler)
    SysTick_Handler                          0x08001cb9   Thumb Code    46  lib.o(i.SysTick_Handler)
    SystemInit                               0x08001cf5   Thumb Code   380  lib.o(i.SystemInit)
    TIM1_UP_TIM10_IRQHandler                 0x08001e91   Thumb Code    36  lib.o(i.TIM1_UP_TIM10_IRQHandler)
    TIM2_IRQHandler                          0x08001ec1   Thumb Code     8  lib.o(i.TIM2_IRQHandler)
    TIM3_IRQHandler                          0x08001ecd   Thumb Code     8  lib.o(i.TIM3_IRQHandler)
    TIM4_IRQHandler                          0x08001ed9   Thumb Code     8  lib.o(i.TIM4_IRQHandler)
    TIM5_IRQHandler                          0x08001ee5   Thumb Code     8  lib.o(i.TIM5_IRQHandler)
    TIM7_IRQHandler                          0x08001ef1   Thumb Code     8  lib.o(i.TIM7_IRQHandler)
    TIM8_CC_IRQHandler                       0x08001efd   Thumb Code     8  lib.o(i.TIM8_CC_IRQHandler)
    UART4_IRQHandler                         0x08001f09   Thumb Code     8  lib.o(i.UART4_IRQHandler)
    UART5_IRQHandler                         0x08001f15   Thumb Code     8  lib.o(i.UART5_IRQHandler)
    USART1_IRQHandler                        0x08001f21   Thumb Code     8  lib.o(i.USART1_IRQHandler)
    USART2_IRQHandler                        0x08001f2d   Thumb Code     8  lib.o(i.USART2_IRQHandler)
    USART3_IRQHandler                        0x08001f39   Thumb Code     8  lib.o(i.USART3_IRQHandler)
    USART6_IRQHandler                        0x08001f45   Thumb Code     8  lib.o(i.USART6_IRQHandler)
    cHwDisplay::cHwDisplay__sub_object(unsigned char, unsigned char) 0x08001f6d   Thumb Code    10  lib.o(i._ZN10cHwDisplayC2Ehh)
    cHwTimer_N::isr_N()                      0x08001f7d   Thumb Code    12  lib.o(i._ZN10cHwTimer_N5isr_NEv)
    cHwTimer_N::cHwTimer_N(cHwTimer_N::TimerId, unsigned) 0x08001f89   Thumb Code   402  lib.o(i._ZN10cHwTimer_NC1ENS_7TimerIdEj)
    cHwTimer_N::cHwTimer_N__sub_object(cHwTimer_N::TimerId, unsigned) 0x08001f89   Thumb Code     0  lib.o(i._ZN10cHwTimer_NC1ENS_7TimerIdEj)
    cDevDigital::get()                       0x0800216d   Thumb Code    24  lib.o(i._ZN11cDevDigital3getEv)
    cDevDigital::set(bool)                   0x08002185   Thumb Code    20  lib.o(i._ZN11cDevDigital3setEb)
    cDevDigital::getEvent()                  0x08002199   Thumb Code    34  lib.o(i._ZN11cDevDigital8getEventEv)
    cDevDigital::cDevDigital(cHwPort&, unsigned char, cDevDigital::Mode, bool) 0x080021bd   Thumb Code    48  lib.o(i._ZN11cDevDigitalC1ER7cHwPorthNS_4ModeEb)
    cDevDigital::cDevDigital__sub_object(cHwPort&, unsigned char, cDevDigital::Mode, bool) 0x080021bd   Thumb Code     0  lib.o(i._ZN11cDevDigitalC1ER7cHwPorthNS_4ModeEb)
    cHwPinConfig::set(cHwPinConfig::Function, unsigned) 0x080021f1   Thumb Code    88  lib.o(i._ZN12cHwPinConfig3setENS_8FunctionEj)
    cHwPinConfig::set(GPIO_TypeDef*, unsigned char, unsigned, unsigned char) 0x08002255   Thumb Code   148  lib.o(i._ZN12cHwPinConfig3setEP12GPIO_TypeDefhjh)
    cHwDisplayFont::setChar(unsigned char)   0x080022e9   Thumb Code    34  lib.o(i._ZN14cHwDisplayFont7setCharEh)
    cHwDisplayFont::getPixel(unsigned char, unsigned char) 0x0800230b   Thumb Code    36  lib.o(i._ZN14cHwDisplayFont8getPixelEhh)
    cHwDisplayFont::cHwDisplayFont(const cHwDisplayFontProperties*, const unsigned char*) 0x0800232f   Thumb Code     8  lib.o(i._ZN14cHwDisplayFontC1EPK24cHwDisplayFontPropertiesPKh)
    cHwDisplayFont::cHwDisplayFont__sub_object(const cHwDisplayFontProperties*, const unsigned char*) 0x0800232f   Thumb Code     0  lib.o(i._ZN14cHwDisplayFontC1EPK24cHwDisplayFontPropertiesPKh)
    cHwDisp_OTM8009A::init()                 0x08002339   Thumb Code  1858  disp_otm8009a.o(i._ZN16cHwDisp_OTM8009A4initEv)
    cHwDisp_OTM8009A::cHwDisp_OTM8009A__sub_object(cHwDSI&, cHwPort::Pin&, cHwDisp_OTM8009A::Orientation, cHwDisplayFont, unsigned char) 0x08002b0d   Thumb Code   116  disp_otm8009a.o(i._ZN16cHwDisp_OTM8009AC2ER6cHwDSIRN7cHwPort3PinENS_11OrientationE14cHwDisplayFonth)
    cHwDisplayGraphic::gotoTextPos(unsigned char, unsigned char) 0x08002b85   Thumb Code    30  lib.o(i._ZN17cHwDisplayGraphic11gotoTextPosEhh)
    cHwDisplayGraphic::putChar(char)         0x08002ba5   Thumb Code   172  lib.o(i._ZN17cHwDisplayGraphic7putCharEc)
    cHwDisplayGraphic::refresh()             0x08002c51   Thumb Code     2  lib.o(i._ZN17cHwDisplayGraphic7refreshEv)
    cHwDisplayGraphic::cHwDisplayGraphic__sub_object(cHwDisplayFont, unsigned char) 0x08002c55   Thumb Code    64  lib.o(i._ZN17cHwDisplayGraphicC2E14cHwDisplayFonth)
    cDevControlEncoder::get()                0x08002c99   Thumb Code    72  lib.o(i._ZN18cDevControlEncoder3getEv)
    cDevControlEncoder::update()             0x08002ce1   Thumb Code   106  lib.o(i._ZN18cDevControlEncoder6updateEv)
    cDevControlEncoder::getCtrl()            0x08002d4b   Thumb Code    32  lib.o(i._ZN18cDevControlEncoder7getCtrlEv)
    cDevControlEncoder::cDevControlEncoder__sub_object(cDevDigital*, cHwTimer*) 0x08002d6d   Thumb Code    64  lib.o(i._ZN18cDevControlEncoderC2EP11cDevDigitalP8cHwTimer)
    cDevDisplayGraphic::clear()              0x08002db1   Thumb Code     8  lib.o(i._ZN18cDevDisplayGraphic5clearEv)
    cDevDisplayGraphic::printf(unsigned char, unsigned char, unsigned char, const char*, ...) 0x08002db9   Thumb Code    82  lib.o(i._ZN18cDevDisplayGraphic6printfEhhhPKcz)
    cDevDisplayGraphic::refresh()            0x08002e0b   Thumb Code     8  lib.o(i._ZN18cDevDisplayGraphic7refreshEv)
    cDevDisplayGraphic::cDevDisplayGraphic(cHwDisplayGraphic&) 0x08002e15   Thumb Code    20  lib.o(i._ZN18cDevDisplayGraphicC1ER17cHwDisplayGraphic)
    cDevDisplayGraphic::cDevDisplayGraphic__sub_object(cHwDisplayGraphic&) 0x08002e15   Thumb Code     0  lib.o(i._ZN18cDevDisplayGraphicC1ER17cHwDisplayGraphic)
    cHwDisp_OTM8009Aram::clear()             0x08002e2d   Thumb Code    34  disp_otm8009a.o(i._ZN19cHwDisp_OTM8009Aram5clearEv)
    cHwDisp_OTM8009Aram::refresh()           0x08002e4f   Thumb Code     6  disp_otm8009a.o(i._ZN19cHwDisp_OTM8009Aram7refreshEv)
    cHwDisp_OTM8009Aram::setArea(unsigned short, unsigned short, unsigned short, unsigned short) 0x08002e55   Thumb Code    38  disp_otm8009a.o(i._ZN19cHwDisp_OTM8009Aram7setAreaEtttt)
    cHwDisp_OTM8009Aram::setPixel(unsigned short) 0x08002e7b   Thumb Code    54  disp_otm8009a.o(i._ZN19cHwDisp_OTM8009Aram8setPixelEt)
    cHwDisp_OTM8009Aram::cHwDisp_OTM8009Aram(cHwDSI&, cHwPort::Pin&, cHwDisp_OTM8009A::Orientation, cHwDisplayFont, unsigned char) 0x08002eb1   Thumb Code   204  disp_otm8009a.o(i._ZN19cHwDisp_OTM8009AramC1ER6cHwDSIRN7cHwPort3PinEN16cHwDisp_OTM8009A11OrientationE14cHwDisplayFonth)
    cHwDisp_OTM8009Aram::cHwDisp_OTM8009Aram__sub_object(cHwDSI&, cHwPort::Pin&, cHwDisp_OTM8009A::Orientation, cHwDisplayFont, unsigned char) 0x08002eb1   Thumb Code     0  disp_otm8009a.o(i._ZN19cHwDisp_OTM8009AramC1ER6cHwDSIRN7cHwPort3PinEN16cHwDisp_OTM8009A11OrientationE14cHwDisplayFonth)
    cDevControlEncoderJoystick::getIncrement() 0x08002f89   Thumb Code    96  lib.o(i._ZN26cDevControlEncoderJoystick12getIncrementEv)
    cDevControlEncoderJoystick::cDevControlEncoderJoystick(cDevDigital*, cDevDigital*, cDevDigital*, cHwTimer*, unsigned short) 0x08002fe9   Thumb Code    78  lib.o(i._ZN26cDevControlEncoderJoystickC1EP11cDevDigitalS1_S1_P8cHwTimert)
    cDevControlEncoderJoystick::cDevControlEncoderJoystick__sub_object(cDevDigital*, cDevDigital*, cDevDigital*, cHwTimer*, unsigned short) 0x08002fe9   Thumb Code     0  lib.o(i._ZN26cDevControlEncoderJoystickC1EP11cDevDigitalS1_S1_P8cHwTimert)
    cList::add(cList::Item*)                 0x0800303d   Thumb Code    32  lib.o(i._ZN5cList3addEPNS_4ItemE)
    cList::Item::update()                    0x0800305d   Thumb Code     2  lib.o(i._ZN5cList4Item6updateEv)
    cList::Item::Item(cList*)                0x08003061   Thumb Code    30  lib.o(i._ZN5cList4ItemC1EPS_)
    cList::Item::Item__sub_object(cList*)    0x08003061   Thumb Code     0  lib.o(i._ZN5cList4ItemC1EPS_)
    cList::updateAll()                       0x08003085   Thumb Code    22  lib.o(i._ZN5cList9updateAllEv)
    cHwADC::get(unsigned char)               0x0800309b   Thumb Code    38  lib.o(i._ZN6cHwADC3getEh)
    cHwADC::isr()                            0x080030c1   Thumb Code    76  lib.o(i._ZN6cHwADC3isrEv)
    cHwADC::enable(unsigned char, unsigned char) 0x0800310d   Thumb Code    72  lib.o(i._ZN6cHwADC6enableEhh)
    cHwADC::update()                         0x08003155   Thumb Code    44  lib.o(i._ZN6cHwADC6updateEv)
    cHwADC::cHwADC__sub_object(unsigned char, cHwTimer*) 0x08003181   Thumb Code    78  lib.o(i._ZN6cHwADCC2EhP8cHwTimer)
    cHwDAC::cHwDAC__sub_object(unsigned char) 0x080031d5   Thumb Code     8  lib.o(i._ZN6cHwDACC2Eh)
    cHwDSI::writeShort(unsigned char, unsigned char) 0x080031e1   Thumb Code    26  main.o(i._ZN6cHwDSI10writeShortEhh)
    cHwDSI::DisplayRefresh()                 0x08003201   Thumb Code    12  disp_otm8009a.o(i._ZN6cHwDSI14DisplayRefreshEv)
    cHwDSI::Init(unsigned short, unsigned short, bool) 0x08003211   Thumb Code   376  disp_otm8009a.o(i._ZN6cHwDSI4InitEttb)
    cHwDSI::writeLong(unsigned char*, unsigned) 0x080033b9   Thumb Code    52  main.o(i._ZN6cHwDSI9writeLongEPhj)
    cHwFMC::SDRAM_Init()                     0x080033f1   Thumb Code   160  main.o(i._ZN6cHwFMC10SDRAM_InitEv)
    cHwFMC::SendCommand(unsigned, unsigned, unsigned) 0x0800349d   Thumb Code    66  main.o(i._ZN6cHwFMC11SendCommandEjjj)
    cHwFMC::cHwFMC(cHwFMC::FMCtype, bool)    0x080034e1   Thumb Code   510  main.o(i._ZN6cHwFMCC1ENS_7FMCtypeEb)
    cHwFMC::cHwFMC__sub_object(cHwFMC::FMCtype, bool) 0x080034e1   Thumb Code     0  main.o(i._ZN6cHwFMCC1ENS_7FMCtypeEb)
    cHwPort::Pin::clr()                      0x080036e5   Thumb Code    12  lib.o(i._ZN7cHwPort3Pin3clrEv)
    cHwPort::Pin::get()                      0x080036f1   Thumb Code    22  lib.o(i._ZN7cHwPort3Pin3getEv)
    cHwPort::Pin::set(bool)                  0x08003707   Thumb Code    20  lib.o(i._ZN7cHwPort3Pin3setEb)
    cHwPort::Pin::set()                      0x0800371b   Thumb Code    12  lib.o(i._ZN7cHwPort3Pin3setEv)
    cHwPort::Pin::setMode(cHwPort::Mode)     0x08003727   Thumb Code    20  lib.o(i._ZN7cHwPort3Pin7setModeENS_4ModeE)
    cHwPort::Pin::Pin(cHwPort&, unsigned char) 0x0800373d   Thumb Code    18  lib.o(i._ZN7cHwPort3PinC1ERS_h)
    cHwPort::Pin::Pin__sub_object(cHwPort&, unsigned char) 0x0800373d   Thumb Code     0  lib.o(i._ZN7cHwPort3PinC1ERS_h)
    cSystem::delayMicroSec(unsigned short)   0x08003755   Thumb Code    22  lib.o(i._ZN7cSystem13delayMicroSecEt)
    cSystem::delayMilliSec(unsigned short)   0x0800376b   Thumb Code    26  lib.o(i._ZN7cSystem13delayMilliSecEt)
    cSystem::enableInterrupt()               0x08003785   Thumb Code    20  lib.o(i._ZN7cSystem15enableInterruptEv)
    cSystem::disableInterrupt()              0x0800379d   Thumb Code    12  lib.o(i._ZN7cSystem16disableInterruptEv)
    cSystem::cSystem(unsigned char)          0x080037ad   Thumb Code    14  lib.o(i._ZN7cSystemC1Eh)
    cSystem::cSystem__sub_object(unsigned char) 0x080037ad   Thumb Code     0  lib.o(i._ZN7cSystemC1Eh)
    cHwADC_0::startCh(unsigned char)         0x080037bd   Thumb Code    24  lib.o(i._ZN8cHwADC_07startChEh)
    cHwADC_0::configCh(unsigned char, unsigned char) 0x080037d9   Thumb Code    60  lib.o(i._ZN8cHwADC_08configChEhh)
    cHwADC_0::getResult()                    0x08003819   Thumb Code    10  lib.o(i._ZN8cHwADC_09getResultEv)
    cHwADC_0::cHwADC_0(cHwTimer*)            0x08003829   Thumb Code    68  lib.o(i._ZN8cHwADC_0C1EP8cHwTimer)
    cHwADC_0::cHwADC_0__sub_object(cHwTimer*) 0x08003829   Thumb Code     0  lib.o(i._ZN8cHwADC_0C1EP8cHwTimer)
    cHwDAC_0::set(unsigned short, unsigned char) 0x0800387d   Thumb Code    22  lib.o(i._ZN8cHwDAC_03setEth)
    cHwDAC_0::enable(unsigned char)          0x08003899   Thumb Code    44  lib.o(i._ZN8cHwDAC_06enableEh)
    cHwDAC_0::cHwDAC_0()                     0x080038c9   Thumb Code    24  lib.o(i._ZN8cHwDAC_0C1Ev)
    cHwDAC_0::cHwDAC_0__sub_object()         0x080038c9   Thumb Code     0  lib.o(i._ZN8cHwDAC_0C1Ev)
    cHwTimer::isrHandler()                   0x080038e9   Thumb Code     6  lib.o(i._ZN8cHwTimer10isrHandlerEv)
    cHwTimer::getCycleTime()                 0x080038ef   Thumb Code     4  lib.o(i._ZN8cHwTimer12getCycleTimeEv)
    cHwTimer::add(cList::Item*)              0x080038f3   Thumb Code     6  lib.o(i._ZN8cHwTimer3addEPN5cList4ItemE)
    cHwUSB_0::EndpointIN::transmitZLP()      0x080038f9   Thumb Code    34  lib.o(i._ZN8cHwUSB_010EndpointIN11transmitZLPEv)
    cHwUSB_0::EndpointIN::writeToFifo()      0x0800391d   Thumb Code    86  lib.o(i._ZN8cHwUSB_010EndpointIN11writeToFifoEv)
    cHwUSB_0::EndpointIN::getInterrupt()     0x08003979   Thumb Code    32  lib.o(i._ZN8cHwUSB_010EndpointIN12getInterruptEv)
    cHwUSB_0::EndpointIN::config(unsigned short, unsigned char) 0x0800399d   Thumb Code    62  lib.o(i._ZN8cHwUSB_010EndpointIN6configEth)
    cHwUSB_0::EndpointIN::transmit(bool)     0x080039e5   Thumb Code   100  lib.o(i._ZN8cHwUSB_010EndpointIN8transmitEb)
    cHwUSB_0::EndpointOUT::receiveZLP()      0x08003a4d   Thumb Code    40  lib.o(i._ZN8cHwUSB_011EndpointOUT10receiveZLPEv)
    cHwUSB_0::EndpointOUT::getInterrupt()    0x08003a75   Thumb Code    14  lib.o(i._ZN8cHwUSB_011EndpointOUT12getInterruptEv)
    cHwUSB_0::EndpointOUT::readFromFifo(unsigned short) 0x08003a89   Thumb Code    44  lib.o(i._ZN8cHwUSB_011EndpointOUT12readFromFifoEt)
    cHwUSB_0::EndpointOUT::config(unsigned short, unsigned char) 0x08003ab5   Thumb Code    70  lib.o(i._ZN8cHwUSB_011EndpointOUT6configEth)
    cHwUSB_0::EndpointOUT::receive()         0x08003b05   Thumb Code    80  lib.o(i._ZN8cHwUSB_011EndpointOUT7receiveEv)
    cHwUSB_0::clrInterrupt(unsigned)         0x08003b55   Thumb Code    12  lib.o(i._ZN8cHwUSB_012clrInterruptEj)
    cHwUSB_0::getInInterrupt()               0x08003b61   Thumb Code    14  lib.o(i._ZN8cHwUSB_014getInInterruptEv)
    cHwUSB_0::getOutInterrupt()              0x08003b75   Thumb Code    14  lib.o(i._ZN8cHwUSB_015getOutInterruptEv)
    cHwUSB_0::isInterruptPending(unsigned)   0x08003b89   Thumb Code    22  lib.o(i._ZN8cHwUSB_018isInterruptPendingEj)
    cHwUSB_0::isr()                          0x08003ba1   Thumb Code   696  lib.o(i._ZN8cHwUSB_03isrEv)
    cHwPort_N::setPinMode(unsigned char, cHwPort::Mode) 0x08003e61   Thumb Code   126  lib.o(i._ZN9cHwPort_N10setPinModeEhN7cHwPort4ModeE)
    cHwPort_N::clr(unsigned)                 0x08003edf   Thumb Code     8  lib.o(i._ZN9cHwPort_N3clrEj)
    cHwPort_N::get()                         0x08003ee7   Thumb Code     6  lib.o(i._ZN9cHwPort_N3getEv)
    cHwPort_N::set(unsigned)                 0x08003eed   Thumb Code     6  lib.o(i._ZN9cHwPort_N3setEj)
    cHwPort_N::cHwPort_N(cHwPort_N::PortId)  0x08003ef5   Thumb Code   146  lib.o(i._ZN9cHwPort_NC1ENS_6PortIdE)
    cHwPort_N::cHwPort_N__sub_object(cHwPort_N::PortId) 0x08003ef5   Thumb Code     0  lib.o(i._ZN9cHwPort_NC1ENS_6PortIdE)
    cHwUART_N::isr()                         0x08003fb9   Thumb Code    50  lib.o(i._ZN9cHwUART_N3isrEv)
    operator new[] (unsigned)                0x08003feb   Thumb Code     4  lib.o(i._Znaj)
    __ARM_fpclassify                         0x08003fef   Thumb Code    48  fpclassify.o(i.__ARM_fpclassify)
    __cxa_pure_virtual                       0x0800401f   Thumb Code     4  lib.o(i.__cxa_pure_virtual)
    _is_digit                                0x080041e5   Thumb Code    14  __printf_wp.o(i._is_digit)
    main                                     0x080041f5   Thumb Code   262  main.o(i.main)
    _get_lc_numeric                          0x0800434d   Thumb Code    44  lc_numeric_c.o(locale$$code)
    _get_lc_ctype                            0x08004379   Thumb Code    44  lc_ctype_c.o(locale$$code)
    cFifo<cDevControlEncoder::tEvent>::isFull() 0x080043a5   Thumb Code    30  lib.o(t._ZN5cFifoIN18cDevControlEncoder6tEventEE6isFullEv)
    cFifo<cDevControlEncoder::tEvent>::operator <<(const cDevControlEncoder::tEvent&) 0x080043c3   Thumb Code    62  lib.o(t._ZN5cFifoIN18cDevControlEncoder6tEventEElsERKS1_)
    __aeabi_d2f                              0x08004401   Thumb Code     0  d2f.o(x$fpl$d2f)
    _d2f                                     0x08004401   Thumb Code    98  d2f.o(x$fpl$d2f)
    __aeabi_ddiv                             0x08004465   Thumb Code     0  ddiv.o(x$fpl$ddiv)
    _ddiv                                    0x08004465   Thumb Code   552  ddiv.o(x$fpl$ddiv)
    __aeabi_d2uiz                            0x08004715   Thumb Code     0  dfixu.o(x$fpl$dfixu)
    _dfixu                                   0x08004715   Thumb Code    90  dfixu.o(x$fpl$dfixu)
    __aeabi_ui2d                             0x0800476f   Thumb Code     0  dflt_clz.o(x$fpl$dfltu)
    _dfltu                                   0x0800476f   Thumb Code    38  dflt_clz.o(x$fpl$dfltu)
    __aeabi_dmul                             0x08004795   Thumb Code     0  dmul.o(x$fpl$dmul)
    _dmul                                    0x08004795   Thumb Code   332  dmul.o(x$fpl$dmul)
    __fpl_dnaninf                            0x080048e9   Thumb Code   156  dnaninf.o(x$fpl$dnaninf)
    __fpl_dretinf                            0x08004985   Thumb Code    12  dretinf.o(x$fpl$dretinf)
    _fp_init                                 0x08004991   Thumb Code    10  fpinit.o(x$fpl$fpinit)
    __fplib_config_fpu_vfp                   0x08004999   Thumb Code     0  fpinit.o(x$fpl$fpinit)
    __fplib_config_pureend_doubles           0x08004999   Thumb Code     0  fpinit.o(x$fpl$fpinit)
    __fpl_fretinf                            0x0800499b   Thumb Code    10  fretinf.o(x$fpl$fretinf)
    _printf_fp_dec                           0x080049a5   Thumb Code     4  printf1.o(x$fpl$printf1)
    __I$use$fp                               0x080049a8   Number         0  usenofp.o(x$fpl$usenofp)
    vtable for cHwDisplay                    0x08004f08   Data          32  lib.o(.constdata__ZTV10cHwDisplay)
    vtable for cHwTimer_N                    0x08004f28   Data          28  lib.o(.constdata__ZTV10cHwTimer_N)
    vtable for cDevDigital                   0x08004f44   Data          48  lib.o(.constdata__ZTV11cDevDigital)
    vtable for cHwDisp_OTM8009A              0x08004f74   Data          92  disp_otm8009a.o(.constdata__ZTV16cHwDisp_OTM8009A)
    vtable for cHwDisplayGraphic             0x08004fd0   Data          92  lib.o(.constdata__ZTV17cHwDisplayGraphic)
    vtable for cDevControlEncoder            0x0800502c   Data          20  lib.o(.constdata__ZTV18cDevControlEncoder)
    vtable for cDevDisplayGraphic            0x08005040   Data          72  lib.o(.constdata__ZTV18cDevDisplayGraphic)
    vtable for cHwDisp_OTM8009Aram           0x08005088   Data          92  disp_otm8009a.o(.constdata__ZTV19cHwDisp_OTM8009Aram)
    vtable for cDevControlEncoderJoystick    0x080050e4   Data          20  lib.o(.constdata__ZTV26cDevControlEncoderJoystick)
    vtable for cHwADC                        0x080050f8   Data          40  lib.o(.constdata__ZTV6cHwADC)
    vtable for cHwDAC                        0x08005120   Data          20  lib.o(.constdata__ZTV6cHwDAC)
    vtable for cHwDSI                        0x08005134   Data          16  main.o(.constdata__ZTV6cHwDSI)
    vtable for cHwADC_0                      0x08005144   Data          40  lib.o(.constdata__ZTV8cHwADC_0)
    vtable for cHwDAC_0                      0x0800516c   Data          20  lib.o(.constdata__ZTV8cHwDAC_0)
    vtable for cHwPort_N                     0x08005180   Data          32  lib.o(.constdata__ZTV9cHwPort_N)
    vtable for cList::Item                   0x080051a0   Data          12  lib.o(.constdata__ZTVN5cList4ItemE)
    vtable for cHwPort::Pin                  0x080051ac   Data          28  lib.o(.constdata__ZTVN7cHwPort3PinE)
    Region$$Table$$Base                      0x080051c8   Number         0  anon$$obj.o(Region$$Table)
    Region$$Table$$Limit                     0x080051e8   Number         0  anon$$obj.o(Region$$Table)
    __ctype                                  0x08005211   Data           0  lc_ctype_c.o(locale$$data)
    SHT$$INIT_ARRAY$$Base                    0x08005314   Number         0  main.o(.init_array)
    SHT$$INIT_ARRAY$$Limit                   0x08005318   Number         0  init_aeabi.o(.init_array)
    DMARxDscrTab                             0x20000000   Data         160  lib.o(.ARM.__AT_0x20000000)
    Rx_Buff                                  0x20000100   Data        7620  lib.o(.ARM.__AT_0x20000100)
    DMATxDscrTab                             0x20002000   Data         160  lib.o(.ARM.__AT_0x20002000)
    Tx_Buff                                  0x20002100   Data        7620  lib.o(.ARM.__AT_0x20002100)
    sys                                      0x20020000   Data           1  main.o(.data)
    fmc                                      0x20020001   Data           3  main.o(.data)
    adc                                      0x20020004   Data           4  main.o(.data)
    dac                                      0x20020008   Data           4  main.o(.data)
    btnPlus                                  0x2002000c   Data           4  main.o(.data)
    btnMinus                                 0x20020010   Data           4  main.o(.data)
    portA                                    0x20020014   Data           8  main.o(.data)
    portB                                    0x2002001c   Data           8  main.o(.data)
    portC                                    0x20020024   Data           8  main.o(.data)
    portD                                    0x2002002c   Data           8  main.o(.data)
    portE                                    0x20020034   Data           8  main.o(.data)
    portF                                    0x2002003c   Data           8  main.o(.data)
    portI                                    0x20020044   Data           8  main.o(.data)
    portJ                                    0x2002004c   Data           8  main.o(.data)
    dac0                                     0x20020054   Data           8  main.o(.data)
    hwDSI                                    0x2002005c   Data           8  main.o(.data)
    disp                                     0x20020064   Data           8  main.o(.data)
    cHwPinConfig::table                      0x2002006c   Data         280  main.o(.data)
    cSystem::cntInterrupt                    0x20020184   Data           1  lib.o(.data)
    cHwRTOS_MCU::schedule                    0x20020188   Data           4  lib.o(.data)
    cHwRTOS_MCU::sysTic                      0x2002018c   Data           4  lib.o(.data)
    cHwADC_0::adcPtr                         0x20020190   Data           4  lib.o(.data)
    cHwTimer_N::timerPtr_1                   0x20020194   Data           4  lib.o(.data)
    cHwTimer_N::timerPtr_2                   0x20020198   Data           4  lib.o(.data)
    cHwTimer_N::timerPtr_3                   0x2002019c   Data           4  lib.o(.data)
    cHwTimer_N::timerPtr_4                   0x200201a0   Data           4  lib.o(.data)
    cHwTimer_N::timerPtr_5                   0x200201a4   Data           4  lib.o(.data)
    cHwTimer_N::timerPtr_7                   0x200201a8   Data           4  lib.o(.data)
    cHwTimer_N::timerPtr_8                   0x200201ac   Data           4  lib.o(.data)
    cHwTimer_N::timerPtr_9                   0x200201b0   Data           4  lib.o(.data)
    cHwTimer_N::timerPtr_10                  0x200201b4   Data           4  lib.o(.data)
    cHwTimer_N::timerPtr_11                  0x200201b8   Data           4  lib.o(.data)
    cHwTimer_N::timerPtr_14                  0x200201bc   Data           4  lib.o(.data)
    cHwUART_N::uartPtr_1                     0x200201c0   Data           4  lib.o(.data)
    cHwUART_N::uartPtr_2                     0x200201c4   Data           4  lib.o(.data)
    cHwUART_N::uartPtr_3                     0x200201c8   Data           4  lib.o(.data)
    cHwUART_N::uartPtr_4                     0x200201cc   Data           4  lib.o(.data)
    cHwUART_N::uartPtr_5                     0x200201d0   Data           4  lib.o(.data)
    cHwUART_N::uartPtr_6                     0x200201d4   Data           4  lib.o(.data)
    cHwUSB_0::usbPtr                         0x200201d8   Data           4  lib.o(.data)
    DMATxDescToSet                           0x200201e4   Data           4  lib.o(.data)
    DMARxDescToGet                           0x200201e8   Data           4  lib.o(.data)
    DMA_RX_FRAME_infos                       0x200201ec   Data           4  lib.o(.data)
    timerFast                                0x200201f8   Data          24  main.o(.bss)
    timerSlow                                0x20020210   Data          24  main.o(.bss)
    adc0                                     0x20020228   Data          32  main.o(.bss)
    lcdResetPin                              0x20020248   Data          16  main.o(.bss)
    dispHw                                   0x20020258   Data          72  main.o(.bss)
    btnLeft                                  0x200202a0   Data          24  main.o(.bss)
    btnCtrl                                  0x200202b8   Data          24  main.o(.bss)
    btnRight                                 0x200202d0   Data          24  main.o(.bss)
    enc                                      0x200202e8   Data          32  main.o(.bss)
    switch0                                  0x20020308   Data          24  main.o(.bss)
    led0                                     0x20020320   Data          24  main.o(.bss)
    __libspace_start                         0x20020338   Data          96  libspace.o(.bss)
    __temporary_stack_top$libspace           0x20020398   Data           0  libspace.o(.bss)



==============================================================================

Memory Map of the image

  Image Entry point : 0x080001f9

  Load Region LR_IROM1 (Base: 0x08000000, Size: 0x00005510, Max: 0x00200000, ABSOLUTE, COMPRESSED[0x00005440])

    Execution Region ER_IROM1 (Exec base: 0x08000000, Load base: 0x08000000, Size: 0x00005318, Max: 0x00200000, ABSOLUTE)

    Exec Addr    Load Addr    Size         Type   Attr      Idx    E Section Name        Object

    0x08000000   0x08000000   0x000001f8   Data   RO         4425    RESET               startup_stm32f769xx.o
    0x080001f8   0x080001f8   0x00000008   Code   RO         5108  * !!!main             c_w.l(__main.o)
    0x08000200   0x08000200   0x00000034   Code   RO         5701    !!!scatter          c_w.l(__scatter.o)
    0x08000234   0x08000234   0x0000003a   Code   RO         5699    !!dczerorl          c_w.l(__dczerorl.o)
    0x0800026e   0x0800026e   0x00000002   PAD
    0x08000270   0x08000270   0x0000001c   Code   RO         5703    !!handler_zi        c_w.l(__scatter_zi.o)
    0x0800028c   0x0800028c   0x00000000   Code   RO         5384    .ARM.Collect$$_printf_percent$$00000000  c_w.l(_printf_percent.o)
    0x0800028c   0x0800028c   0x00000006   Code   RO         5373    .ARM.Collect$$_printf_percent$$00000001  c_w.l(_printf_n.o)
    0x08000292   0x08000292   0x00000006   Code   RO         5375    .ARM.Collect$$_printf_percent$$00000002  c_w.l(_printf_p.o)
    0x08000298   0x08000298   0x00000006   Code   RO         5380    .ARM.Collect$$_printf_percent$$00000003  c_w.l(_printf_f.o)
    0x0800029e   0x0800029e   0x00000006   Code   RO         5381    .ARM.Collect$$_printf_percent$$00000004  c_w.l(_printf_e.o)
    0x080002a4   0x080002a4   0x00000006   Code   RO         5382    .ARM.Collect$$_printf_percent$$00000005  c_w.l(_printf_g.o)
    0x080002aa   0x080002aa   0x00000006   Code   RO         5383    .ARM.Collect$$_printf_percent$$00000006  c_w.l(_printf_a.o)
    0x080002b0   0x080002b0   0x0000000a   Code   RO         5388    .ARM.Collect$$_printf_percent$$00000007  c_w.l(_printf_ll.o)
    0x080002ba   0x080002ba   0x00000006   Code   RO         5377    .ARM.Collect$$_printf_percent$$00000008  c_w.l(_printf_i.o)
    0x080002c0   0x080002c0   0x00000006   Code   RO         5378    .ARM.Collect$$_printf_percent$$00000009  c_w.l(_printf_d.o)
    0x080002c6   0x080002c6   0x00000006   Code   RO         5379    .ARM.Collect$$_printf_percent$$0000000A  c_w.l(_printf_u.o)
    0x080002cc   0x080002cc   0x00000006   Code   RO         5376    .ARM.Collect$$_printf_percent$$0000000B  c_w.l(_printf_o.o)
    0x080002d2   0x080002d2   0x00000006   Code   RO         5374    .ARM.Collect$$_printf_percent$$0000000C  c_w.l(_printf_x.o)
    0x080002d8   0x080002d8   0x00000006   Code   RO         5385    .ARM.Collect$$_printf_percent$$0000000D  c_w.l(_printf_lli.o)
    0x080002de   0x080002de   0x00000006   Code   RO         5386    .ARM.Collect$$_printf_percent$$0000000E  c_w.l(_printf_lld.o)
    0x080002e4   0x080002e4   0x00000006   Code   RO         5387    .ARM.Collect$$_printf_percent$$0000000F  c_w.l(_printf_llu.o)
    0x080002ea   0x080002ea   0x00000006   Code   RO         5392    .ARM.Collect$$_printf_percent$$00000010  c_w.l(_printf_llo.o)
    0x080002f0   0x080002f0   0x00000006   Code   RO         5393    .ARM.Collect$$_printf_percent$$00000011  c_w.l(_printf_llx.o)
    0x080002f6   0x080002f6   0x0000000a   Code   RO         5389    .ARM.Collect$$_printf_percent$$00000012  c_w.l(_printf_l.o)
    0x08000300   0x08000300   0x00000006   Code   RO         5371    .ARM.Collect$$_printf_percent$$00000013  c_w.l(_printf_c.o)
    0x08000306   0x08000306   0x00000006   Code   RO         5372    .ARM.Collect$$_printf_percent$$00000014  c_w.l(_printf_s.o)
    0x0800030c   0x0800030c   0x00000006   Code   RO         5390    .ARM.Collect$$_printf_percent$$00000015  c_w.l(_printf_lc.o)
    0x08000312   0x08000312   0x00000006   Code   RO         5391    .ARM.Collect$$_printf_percent$$00000016  c_w.l(_printf_ls.o)
    0x08000318   0x08000318   0x00000004   Code   RO         5524    .ARM.Collect$$_printf_percent$$00000017  c_w.l(_printf_percent_end.o)
    0x0800031c   0x0800031c   0x00000002   Code   RO         5625    .ARM.Collect$$libinit$$00000000  c_w.l(libinit.o)
    0x0800031e   0x0800031e   0x00000004   Code   RO         5402    .ARM.Collect$$libinit$$00000001  c_w.l(libinit2.o)
    0x08000322   0x08000322   0x00000000   Code   RO         5405    .ARM.Collect$$libinit$$00000004  c_w.l(libinit2.o)
    0x08000322   0x08000322   0x00000008   Code   RO         5406    .ARM.Collect$$libinit$$00000005  c_w.l(libinit2.o)
    0x0800032a   0x0800032a   0x00000000   Code   RO         5408    .ARM.Collect$$libinit$$0000000A  c_w.l(libinit2.o)
    0x0800032a   0x0800032a   0x00000000   Code   RO         5410    .ARM.Collect$$libinit$$0000000C  c_w.l(libinit2.o)
    0x0800032a   0x0800032a   0x00000000   Code   RO         5412    .ARM.Collect$$libinit$$0000000E  c_w.l(libinit2.o)
    0x0800032a   0x0800032a   0x00000006   Code   RO         5413    .ARM.Collect$$libinit$$0000000F  c_w.l(libinit2.o)
    0x08000330   0x08000330   0x00000000   Code   RO         5415    .ARM.Collect$$libinit$$00000011  c_w.l(libinit2.o)
    0x08000330   0x08000330   0x0000000c   Code   RO         5416    .ARM.Collect$$libinit$$00000012  c_w.l(libinit2.o)
    0x0800033c   0x0800033c   0x00000000   Code   RO         5417    .ARM.Collect$$libinit$$00000013  c_w.l(libinit2.o)
    0x0800033c   0x0800033c   0x00000000   Code   RO         5419    .ARM.Collect$$libinit$$00000015  c_w.l(libinit2.o)
    0x0800033c   0x0800033c   0x0000000a   Code   RO         5420    .ARM.Collect$$libinit$$00000016  c_w.l(libinit2.o)
    0x08000346   0x08000346   0x00000000   Code   RO         5421    .ARM.Collect$$libinit$$00000017  c_w.l(libinit2.o)
    0x08000346   0x08000346   0x00000000   Code   RO         5423    .ARM.Collect$$libinit$$00000019  c_w.l(libinit2.o)
    0x08000346   0x08000346   0x00000000   Code   RO         5425    .ARM.Collect$$libinit$$0000001B  c_w.l(libinit2.o)
    0x08000346   0x08000346   0x00000000   Code   RO         5427    .ARM.Collect$$libinit$$0000001D  c_w.l(libinit2.o)
    0x08000346   0x08000346   0x00000000   Code   RO         5429    .ARM.Collect$$libinit$$0000001F  c_w.l(libinit2.o)
    0x08000346   0x08000346   0x00000000   Code   RO         5431    .ARM.Collect$$libinit$$00000021  c_w.l(libinit2.o)
    0x08000346   0x08000346   0x00000000   Code   RO         5433    .ARM.Collect$$libinit$$00000023  c_w.l(libinit2.o)
    0x08000346   0x08000346   0x00000000   Code   RO         5435    .ARM.Collect$$libinit$$00000025  c_w.l(libinit2.o)
    0x08000346   0x08000346   0x00000000   Code   RO         5439    .ARM.Collect$$libinit$$0000002C  c_w.l(libinit2.o)
    0x08000346   0x08000346   0x00000000   Code   RO         5441    .ARM.Collect$$libinit$$0000002E  c_w.l(libinit2.o)
    0x08000346   0x08000346   0x00000000   Code   RO         5443    .ARM.Collect$$libinit$$00000030  c_w.l(libinit2.o)
    0x08000346   0x08000346   0x00000004   Code   RO         5444    .ARM.Collect$$libinit$$00000031  c_w.l(libinit2.o)
    0x0800034a   0x0800034a   0x00000000   Code   RO         5445    .ARM.Collect$$libinit$$00000032  c_w.l(libinit2.o)
    0x0800034a   0x0800034a   0x00000002   Code   RO         5446    .ARM.Collect$$libinit$$00000033  c_w.l(libinit2.o)
    0x0800034c   0x0800034c   0x00000002   Code   RO         5696    .ARM.Collect$$libshutdown$$00000000  c_w.l(libshutdown.o)
    0x0800034e   0x0800034e   0x00000000   Code   RO         5660    .ARM.Collect$$libshutdown$$00000002  c_w.l(libshutdown2.o)
    0x0800034e   0x0800034e   0x00000000   Code   RO         5662    .ARM.Collect$$libshutdown$$00000004  c_w.l(libshutdown2.o)
    0x0800034e   0x0800034e   0x00000000   Code   RO         5665    .ARM.Collect$$libshutdown$$00000007  c_w.l(libshutdown2.o)
    0x0800034e   0x0800034e   0x00000000   Code   RO         5668    .ARM.Collect$$libshutdown$$0000000A  c_w.l(libshutdown2.o)
    0x0800034e   0x0800034e   0x00000000   Code   RO         5670    .ARM.Collect$$libshutdown$$0000000C  c_w.l(libshutdown2.o)
    0x0800034e   0x0800034e   0x00000000   Code   RO         5673    .ARM.Collect$$libshutdown$$0000000F  c_w.l(libshutdown2.o)
    0x0800034e   0x0800034e   0x00000002   Code   RO         5674    .ARM.Collect$$libshutdown$$00000010  c_w.l(libshutdown2.o)
    0x08000350   0x08000350   0x00000000   Code   RO         5269    .ARM.Collect$$rtentry$$00000000  c_w.l(__rtentry.o)
    0x08000350   0x08000350   0x00000000   Code   RO         5481    .ARM.Collect$$rtentry$$00000002  c_w.l(__rtentry2.o)
    0x08000350   0x08000350   0x00000006   Code   RO         5493    .ARM.Collect$$rtentry$$00000004  c_w.l(__rtentry4.o)
    0x08000356   0x08000356   0x00000000   Code   RO         5483    .ARM.Collect$$rtentry$$00000009  c_w.l(__rtentry2.o)
    0x08000356   0x08000356   0x00000004   Code   RO         5484    .ARM.Collect$$rtentry$$0000000A  c_w.l(__rtentry2.o)
    0x0800035a   0x0800035a   0x00000000   Code   RO         5486    .ARM.Collect$$rtentry$$0000000C  c_w.l(__rtentry2.o)
    0x0800035a   0x0800035a   0x00000008   Code   RO         5487    .ARM.Collect$$rtentry$$0000000D  c_w.l(__rtentry2.o)
    0x08000362   0x08000362   0x00000002   Code   RO         5642    .ARM.Collect$$rtexit$$00000000  c_w.l(rtexit.o)
    0x08000364   0x08000364   0x00000000   Code   RO         5676    .ARM.Collect$$rtexit$$00000002  c_w.l(rtexit2.o)
    0x08000364   0x08000364   0x00000004   Code   RO         5677    .ARM.Collect$$rtexit$$00000003  c_w.l(rtexit2.o)
    0x08000368   0x08000368   0x00000006   Code   RO         5678    .ARM.Collect$$rtexit$$00000004  c_w.l(rtexit2.o)
    0x0800036e   0x0800036e   0x00000002   PAD
    0x08000370   0x08000370   0x00000000   Code   RO         5506    .emb_text           c_w.l(maybetermalloc1.o)
    0x08000370   0x08000370   0x0000002c   Code   RO         4419    .text               rtoscontext.o
    0x0800039c   0x0800039c   0x00000040   Code   RO         4426    .text               startup_stm32f769xx.o
    0x080003dc   0x080003dc   0x0000005e   Code   RO         5028    .text               c_w.l(h1_alloc.o)
    0x0800043a   0x0800043a   0x0000004e   Code   RO         5030    .text               c_w.l(h1_free.o)
    0x08000488   0x08000488   0x00000024   Code   RO         5088    .text               c_w.l(c89vsprintf.o)
    0x080004ac   0x080004ac   0x00000016   Code   RO         5092    .text               c_w.l(abort.o)
    0x080004c2   0x080004c2   0x00000064   Code   RO         5102    .text               c_w.l(rt_memcpy_w.o)
    0x08000526   0x08000526   0x00000006   Code   RO         5106    .text               c_w.l(heapauxi.o)
    0x0800052c   0x0800052c   0x00000024   Code   RO         5113    .text               c_w.l(init_aeabi.o)
    0x08000550   0x08000550   0x0000000c   Code   RO         5265    .text               c_w.l(sys_exit.o)
    0x0800055c   0x0800055c   0x00000008   Code   RO         5277    .text               c_w.l(rt_heap_descriptor_intlibspace.o)
    0x08000564   0x08000564   0x00000004   Code   RO         5279    .text               c_w.l(hguard.o)
    0x08000568   0x08000568   0x0000008a   Code   RO         5281    .text               c_w.l(init_alloc.o)
    0x080005f2   0x080005f2   0x0000000e   Code   RO         5285    .text               c_w.l(h1_init.o)
    0x08000600   0x08000600   0x0000004e   Code   RO         5303    .text               c_w.l(_printf_pad.o)
    0x0800064e   0x0800064e   0x00000024   Code   RO         5305    .text               c_w.l(_printf_truncate.o)
    0x08000672   0x08000672   0x00000052   Code   RO         5307    .text               c_w.l(_printf_str.o)
    0x080006c4   0x080006c4   0x00000078   Code   RO         5309    .text               c_w.l(_printf_dec.o)
    0x0800073c   0x0800073c   0x00000028   Code   RO         5311    .text               c_w.l(_printf_charcount.o)
    0x08000764   0x08000764   0x00000030   Code   RO         5313    .text               c_w.l(_printf_char_common.o)
    0x08000794   0x08000794   0x0000000a   Code   RO         5315    .text               c_w.l(_sputc.o)
    0x0800079e   0x0800079e   0x00000002   PAD
    0x080007a0   0x080007a0   0x000000bc   Code   RO         5319    .text               c_w.l(_printf_wctomb.o)
    0x0800085c   0x0800085c   0x0000007c   Code   RO         5322    .text               c_w.l(_printf_longlong_dec.o)
    0x080008d8   0x080008d8   0x00000070   Code   RO         5328    .text               c_w.l(_printf_oct_int_ll.o)
    0x08000948   0x08000948   0x00000094   Code   RO         5348    .text               c_w.l(_printf_hex_int_ll_ptr.o)
    0x080009dc   0x080009dc   0x00000188   Code   RO         5368    .text               c_w.l(__printf_flags_ss_wp.o)
    0x08000b64   0x08000b64   0x0000000e   Code   RO         5394    .text               c_w.l(defsig_abrt_outer.o)
    0x08000b72   0x08000b72   0x00000002   PAD
    0x08000b74   0x08000b74   0x00000008   Code   RO         5474    .text               c_w.l(libspace.o)
    0x08000b7c   0x08000b7c   0x00000002   Code   RO         5477    .text               c_w.l(use_no_semi.o)
    0x08000b7e   0x08000b7e   0x00000000   Code   RO         5479    .text               c_w.l(indicate_semi.o)
    0x08000b7e   0x08000b7e   0x00000034   Code   RO         5508    .text               c_w.l(h1_extend.o)
    0x08000bb2   0x08000bb2   0x0000008a   Code   RO         5512    .text               c_w.l(lludiv10.o)
    0x08000c3c   0x08000c3c   0x000000b2   Code   RO         5514    .text               c_w.l(_printf_intcommon.o)
    0x08000cee   0x08000cee   0x0000041e   Code   RO         5516    .text               c_w.l(_printf_fp_dec.o)
    0x0800110c   0x0800110c   0x0000002c   Code   RO         5520    .text               c_w.l(_printf_char.o)
    0x08001138   0x08001138   0x0000002c   Code   RO         5522    .text               c_w.l(_printf_wchar.o)
    0x08001164   0x08001164   0x00000040   Code   RO         5525    .text               c_w.l(_wcrtomb.o)
    0x080011a4   0x080011a4   0x0000000a   Code   RO         5527    .text               c_w.l(defsig_exit.o)
    0x080011ae   0x080011ae   0x00000002   PAD
    0x080011b0   0x080011b0   0x00000030   Code   RO         5529    .text               c_w.l(defsig_abrt_inner.o)
    0x080011e0   0x080011e0   0x0000000e   Code   RO         5531    .text               c_w.l(defsig_rtmem_outer.o)
    0x080011ee   0x080011ee   0x0000004a   Code   RO         5558    .text               c_w.l(sys_stackheap_outer.o)
    0x08001238   0x08001238   0x00000010   Code   RO         5560    .text               c_w.l(rt_ctype_table.o)
    0x08001248   0x08001248   0x00000008   Code   RO         5565    .text               c_w.l(rt_locale_intlibspace.o)
    0x08001250   0x08001250   0x00000080   Code   RO         5574    .text               c_w.l(_printf_fp_infnan.o)
    0x080012d0   0x080012d0   0x000000e4   Code   RO         5576    .text               c_w.l(bigflt0.o)
    0x080013b4   0x080013b4   0x00000012   Code   RO         5604    .text               c_w.l(exit.o)
    0x080013c6   0x080013c6   0x00000032   Code   RO         5608    .text               c_w.l(defsig_general.o)
    0x080013f8   0x080013f8   0x00000050   Code   RO         5614    .text               c_w.l(defsig_rtmem_inner.o)
    0x08001448   0x08001448   0x0000000e   Code   RO         5640    .text               c_w.l(sys_wrch.o)
    0x08001456   0x08001456   0x00000002   PAD
    0x08001458   0x08001458   0x00000068   Code   RO         5657    .text               c_w.l(strcmpv7m_pel.o)
    0x080014c0   0x080014c0   0x0000003e   Code   RO         5579    CL$$btod_d2e        c_w.l(btod.o)
    0x080014fe   0x080014fe   0x00000046   Code   RO         5581    CL$$btod_d2e_denorm_low  c_w.l(btod.o)
    0x08001544   0x08001544   0x00000060   Code   RO         5580    CL$$btod_d2e_norm_op1  c_w.l(btod.o)
    0x080015a4   0x080015a4   0x00000338   Code   RO         5589    CL$$btod_div_common  c_w.l(btod.o)
    0x080018dc   0x080018dc   0x000000dc   Code   RO         5586    CL$$btod_e2e        c_w.l(btod.o)
    0x080019b8   0x080019b8   0x0000002a   Code   RO         5583    CL$$btod_ediv       c_w.l(btod.o)
    0x080019e2   0x080019e2   0x0000002a   Code   RO         5582    CL$$btod_emul       c_w.l(btod.o)
    0x08001a0c   0x08001a0c   0x00000244   Code   RO         5588    CL$$btod_mult_common  c_w.l(btod.o)
    0x08001c50   0x08001c50   0x00000020   Code   RO          368    i.ADC_IRQHandler    lib.o
    0x08001c70   0x08001c70   0x0000001c   Code   RO          369    i.OTG_FS_IRQHandler  lib.o
    0x08001c8c   0x08001c8c   0x0000002c   Code   RO          370    i.PendSV_Handler    lib.o
    0x08001cb8   0x08001cb8   0x0000003c   Code   RO          371    i.SysTick_Handler   lib.o
    0x08001cf4   0x08001cf4   0x0000019c   Code   RO          372    i.SystemInit        lib.o
    0x08001e90   0x08001e90   0x00000030   Code   RO          373    i.TIM1_UP_TIM10_IRQHandler  lib.o
    0x08001ec0   0x08001ec0   0x0000000c   Code   RO          374    i.TIM2_IRQHandler   lib.o
    0x08001ecc   0x08001ecc   0x0000000c   Code   RO          375    i.TIM3_IRQHandler   lib.o
    0x08001ed8   0x08001ed8   0x0000000c   Code   RO          376    i.TIM4_IRQHandler   lib.o
    0x08001ee4   0x08001ee4   0x0000000c   Code   RO          377    i.TIM5_IRQHandler   lib.o
    0x08001ef0   0x08001ef0   0x0000000c   Code   RO          378    i.TIM7_IRQHandler   lib.o
    0x08001efc   0x08001efc   0x0000000c   Code   RO          379    i.TIM8_CC_IRQHandler  lib.o
    0x08001f08   0x08001f08   0x0000000c   Code   RO          380    i.UART4_IRQHandler  lib.o
    0x08001f14   0x08001f14   0x0000000c   Code   RO          381    i.UART5_IRQHandler  lib.o
    0x08001f20   0x08001f20   0x0000000c   Code   RO          382    i.USART1_IRQHandler  lib.o
    0x08001f2c   0x08001f2c   0x0000000c   Code   RO          383    i.USART2_IRQHandler  lib.o
    0x08001f38   0x08001f38   0x0000000c   Code   RO          384    i.USART3_IRQHandler  lib.o
    0x08001f44   0x08001f44   0x0000000c   Code   RO          385    i.USART6_IRQHandler  lib.o
    0x08001f50   0x08001f50   0x0000001a   Code   RO          386    i._Z16__NVIC_EnableIRQ9IRQn_Type  lib.o
    0x08001f6a   0x08001f6a   0x00000002   PAD
    0x08001f6c   0x08001f6c   0x00000010   Code   RO          403    i._ZN10cHwDisplayC2Ehh  lib.o
    0x08001f7c   0x08001f7c   0x0000000c   Code   RO          404    i._ZN10cHwTimer_N5isr_NEv  lib.o
    0x08001f88   0x08001f88   0x000001e4   Code   RO          407    i._ZN10cHwTimer_NC1ENS_7TimerIdEj  lib.o
    0x0800216c   0x0800216c   0x00000018   Code   RO          421    i._ZN11cDevDigital3getEv  lib.o
    0x08002184   0x08002184   0x00000014   Code   RO          422    i._ZN11cDevDigital3setEb  lib.o
    0x08002198   0x08002198   0x00000022   Code   RO         3367    i._ZN11cDevDigital8getEventEv  lib.o
    0x080021ba   0x080021ba   0x00000002   PAD
    0x080021bc   0x080021bc   0x00000034   Code   RO          424    i._ZN11cDevDigitalC1ER7cHwPorthNS_4ModeEb  lib.o
    0x080021f0   0x080021f0   0x00000064   Code   RO          453    i._ZN12cHwPinConfig3setENS_8FunctionEj  lib.o
    0x08002254   0x08002254   0x00000094   Code   RO          454    i._ZN12cHwPinConfig3setEP12GPIO_TypeDefhjh  lib.o
    0x080022e8   0x080022e8   0x00000022   Code   RO          474    i._ZN14cHwDisplayFont7setCharEh  lib.o
    0x0800230a   0x0800230a   0x00000024   Code   RO          475    i._ZN14cHwDisplayFont8getPixelEhh  lib.o
    0x0800232e   0x0800232e   0x00000008   Code   RO          476    i._ZN14cHwDisplayFontC1EPK24cHwDisplayFontPropertiesPKh  lib.o
    0x08002336   0x08002336   0x00000002   PAD
    0x08002338   0x08002338   0x000007d4   Code   RO         4869    i._ZN16cHwDisp_OTM8009A4initEv  disp_otm8009a.o
    0x08002b0c   0x08002b0c   0x00000078   Code   RO         4975    i._ZN16cHwDisp_OTM8009AC2ER6cHwDSIRN7cHwPort3PinENS_11OrientationE14cHwDisplayFonth  disp_otm8009a.o
    0x08002b84   0x08002b84   0x0000001e   Code   RO          528    i._ZN17cHwDisplayGraphic11gotoTextPosEhh  lib.o
    0x08002ba2   0x08002ba2   0x00000002   PAD
    0x08002ba4   0x08002ba4   0x000000ac   Code   RO          534    i._ZN17cHwDisplayGraphic7putCharEc  lib.o
    0x08002c50   0x08002c50   0x00000002   Code   RO         3421    i._ZN17cHwDisplayGraphic7refreshEv  lib.o
    0x08002c52   0x08002c52   0x00000002   PAD
    0x08002c54   0x08002c54   0x00000044   Code   RO          539    i._ZN17cHwDisplayGraphicC2E14cHwDisplayFonth  lib.o
    0x08002c98   0x08002c98   0x00000048   Code   RO          549    i._ZN18cDevControlEncoder3getEv  lib.o
    0x08002ce0   0x08002ce0   0x0000006a   Code   RO          550    i._ZN18cDevControlEncoder6updateEv  lib.o
    0x08002d4a   0x08002d4a   0x00000020   Code   RO          551    i._ZN18cDevControlEncoder7getCtrlEv  lib.o
    0x08002d6a   0x08002d6a   0x00000002   PAD
    0x08002d6c   0x08002d6c   0x00000044   Code   RO          552    i._ZN18cDevControlEncoderC2EP11cDevDigitalP8cHwTimer  lib.o
    0x08002db0   0x08002db0   0x00000008   Code   RO          561    i._ZN18cDevDisplayGraphic5clearEv  lib.o
    0x08002db8   0x08002db8   0x00000052   Code   RO          562    i._ZN18cDevDisplayGraphic6printfEhhhPKcz  lib.o
    0x08002e0a   0x08002e0a   0x00000008   Code   RO          563    i._ZN18cDevDisplayGraphic7refreshEv  lib.o
    0x08002e12   0x08002e12   0x00000002   PAD
    0x08002e14   0x08002e14   0x00000018   Code   RO          571    i._ZN18cDevDisplayGraphicC1ER17cHwDisplayGraphic  lib.o
    0x08002e2c   0x08002e2c   0x00000022   Code   RO         4876    i._ZN19cHwDisp_OTM8009Aram5clearEv  disp_otm8009a.o
    0x08002e4e   0x08002e4e   0x00000006   Code   RO         4877    i._ZN19cHwDisp_OTM8009Aram7refreshEv  disp_otm8009a.o
    0x08002e54   0x08002e54   0x00000026   Code   RO         4878    i._ZN19cHwDisp_OTM8009Aram7setAreaEtttt  disp_otm8009a.o
    0x08002e7a   0x08002e7a   0x00000036   Code   RO         4879    i._ZN19cHwDisp_OTM8009Aram8setPixelEt  disp_otm8009a.o
    0x08002eb0   0x08002eb0   0x000000d8   Code   RO         4881    i._ZN19cHwDisp_OTM8009AramC1ER6cHwDSIRN7cHwPort3PinEN16cHwDisp_OTM8009A11OrientationE14cHwDisplayFonth  disp_otm8009a.o
    0x08002f88   0x08002f88   0x00000060   Code   RO          577    i._ZN26cDevControlEncoderJoystick12getIncrementEv  lib.o
    0x08002fe8   0x08002fe8   0x00000054   Code   RO          578    i._ZN26cDevControlEncoderJoystickC1EP11cDevDigitalS1_S1_P8cHwTimert  lib.o
    0x0800303c   0x0800303c   0x00000020   Code   RO          585    i._ZN5cList3addEPNS_4ItemE  lib.o
    0x0800305c   0x0800305c   0x00000002   Code   RO         3698    i._ZN5cList4Item6updateEv  lib.o
    0x0800305e   0x0800305e   0x00000002   PAD
    0x08003060   0x08003060   0x00000024   Code   RO          588    i._ZN5cList4ItemC1EPS_  lib.o
    0x08003084   0x08003084   0x00000016   Code   RO          590    i._ZN5cList9updateAllEv  lib.o
    0x0800309a   0x0800309a   0x00000026   Code   RO         2997    i._ZN6cHwADC3getEh  lib.o
    0x080030c0   0x080030c0   0x0000004c   Code   RO         3016    i._ZN6cHwADC3isrEv  lib.o
    0x0800310c   0x0800310c   0x00000048   Code   RO          593    i._ZN6cHwADC6enableEhh  lib.o
    0x08003154   0x08003154   0x0000002c   Code   RO         3009    i._ZN6cHwADC6updateEv  lib.o
    0x08003180   0x08003180   0x00000054   Code   RO          594    i._ZN6cHwADCC2EhP8cHwTimer  lib.o
    0x080031d4   0x080031d4   0x0000000c   Code   RO          595    i._ZN6cHwDACC2Eh    lib.o
    0x080031e0   0x080031e0   0x00000020   Code   RO           57    i._ZN6cHwDSI10writeShortEhh  main.o
    0x08003200   0x08003200   0x00000010   Code   RO         4982    i._ZN6cHwDSI14DisplayRefreshEv  disp_otm8009a.o
    0x08003210   0x08003210   0x000001a8   Code   RO         4969    i._ZN6cHwDSI4InitEttb  disp_otm8009a.o
    0x080033b8   0x080033b8   0x00000038   Code   RO           63    i._ZN6cHwDSI9writeLongEPhj  main.o
    0x080033f0   0x080033f0   0x000000ac   Code   RO           47    i._ZN6cHwFMC10SDRAM_InitEv  main.o
    0x0800349c   0x0800349c   0x00000042   Code   RO           35    i._ZN6cHwFMC11SendCommandEjjj  main.o
    0x080034de   0x080034de   0x00000002   PAD
    0x080034e0   0x080034e0   0x00000204   Code   RO           41    i._ZN6cHwFMCC1ENS_7FMCtypeEb  main.o
    0x080036e4   0x080036e4   0x0000000c   Code   RO         3067    i._ZN7cHwPort3Pin3clrEv  lib.o
    0x080036f0   0x080036f0   0x00000016   Code   RO         3074    i._ZN7cHwPort3Pin3getEv  lib.o
    0x08003706   0x08003706   0x00000014   Code   RO         2890    i._ZN7cHwPort3Pin3setEb  lib.o
    0x0800371a   0x0800371a   0x0000000c   Code   RO         3060    i._ZN7cHwPort3Pin3setEv  lib.o
    0x08003726   0x08003726   0x00000014   Code   RO         3053    i._ZN7cHwPort3Pin7setModeENS_4ModeE  lib.o
    0x0800373a   0x0800373a   0x00000002   PAD
    0x0800373c   0x0800373c   0x00000018   Code   RO          611    i._ZN7cHwPort3PinC1ERS_h  lib.o
    0x08003754   0x08003754   0x00000016   Code   RO          660    i._ZN7cSystem13delayMicroSecEt  lib.o
    0x0800376a   0x0800376a   0x0000001a   Code   RO          661    i._ZN7cSystem13delayMilliSecEt  lib.o
    0x08003784   0x08003784   0x00000018   Code   RO          664    i._ZN7cSystem15enableInterruptEv  lib.o
    0x0800379c   0x0800379c   0x00000010   Code   RO          665    i._ZN7cSystem16disableInterruptEv  lib.o
    0x080037ac   0x080037ac   0x0000000e   Code   RO          670    i._ZN7cSystemC1Eh   lib.o
    0x080037ba   0x080037ba   0x00000002   PAD
    0x080037bc   0x080037bc   0x0000001c   Code   RO         3029    i._ZN8cHwADC_07startChEh  lib.o
    0x080037d8   0x080037d8   0x00000040   Code   RO          671    i._ZN8cHwADC_08configChEhh  lib.o
    0x08003818   0x08003818   0x00000010   Code   RO         3023    i._ZN8cHwADC_09getResultEv  lib.o
    0x08003828   0x08003828   0x00000054   Code   RO          672    i._ZN8cHwADC_0C1EP8cHwTimer  lib.o
    0x0800387c   0x0800387c   0x0000001c   Code   RO         3710    i._ZN8cHwDAC_03setEth  lib.o
    0x08003898   0x08003898   0x00000030   Code   RO         3716    i._ZN8cHwDAC_06enableEh  lib.o
    0x080038c8   0x080038c8   0x00000020   Code   RO          673    i._ZN8cHwDAC_0C1Ev  lib.o
    0x080038e8   0x080038e8   0x00000006   Code   RO         2991    i._ZN8cHwTimer10isrHandlerEv  lib.o
    0x080038ee   0x080038ee   0x00000004   Code   RO          677    i._ZN8cHwTimer12getCycleTimeEv  lib.o
    0x080038f2   0x080038f2   0x00000006   Code   RO          678    i._ZN8cHwTimer3addEPN5cList4ItemE  lib.o
    0x080038f8   0x080038f8   0x00000022   Code   RO          680    i._ZN8cHwUSB_010EndpointIN11transmitZLPEv  lib.o
    0x0800391a   0x0800391a   0x00000002   PAD
    0x0800391c   0x0800391c   0x0000005c   Code   RO          681    i._ZN8cHwUSB_010EndpointIN11writeToFifoEv  lib.o
    0x08003978   0x08003978   0x00000024   Code   RO          683    i._ZN8cHwUSB_010EndpointIN12getInterruptEv  lib.o
    0x0800399c   0x0800399c   0x00000048   Code   RO          689    i._ZN8cHwUSB_010EndpointIN6configEth  lib.o
    0x080039e4   0x080039e4   0x00000068   Code   RO          692    i._ZN8cHwUSB_010EndpointIN8transmitEb  lib.o
    0x08003a4c   0x08003a4c   0x00000028   Code   RO          697    i._ZN8cHwUSB_011EndpointOUT10receiveZLPEv  lib.o
    0x08003a74   0x08003a74   0x00000014   Code   RO          699    i._ZN8cHwUSB_011EndpointOUT12getInterruptEv  lib.o
    0x08003a88   0x08003a88   0x0000002c   Code   RO          700    i._ZN8cHwUSB_011EndpointOUT12readFromFifoEt  lib.o
    0x08003ab4   0x08003ab4   0x00000050   Code   RO          706    i._ZN8cHwUSB_011EndpointOUT6configEth  lib.o
    0x08003b04   0x08003b04   0x00000050   Code   RO          707    i._ZN8cHwUSB_011EndpointOUT7receiveEv  lib.o
    0x08003b54   0x08003b54   0x0000000c   Code   RO          711    i._ZN8cHwUSB_012clrInterruptEj  lib.o
    0x08003b60   0x08003b60   0x00000014   Code   RO          712    i._ZN8cHwUSB_014getInInterruptEv  lib.o
    0x08003b74   0x08003b74   0x00000014   Code   RO          713    i._ZN8cHwUSB_015getOutInterruptEv  lib.o
    0x08003b88   0x08003b88   0x00000016   Code   RO          714    i._ZN8cHwUSB_018isInterruptPendingEj  lib.o
    0x08003b9e   0x08003b9e   0x00000002   PAD
    0x08003ba0   0x08003ba0   0x000002c0   Code   RO         2883    i._ZN8cHwUSB_03isrEv  lib.o
    0x08003e60   0x08003e60   0x0000007e   Code   RO          732    i._ZN9cHwPort_N10setPinModeEhN7cHwPort4ModeE  lib.o
    0x08003ede   0x08003ede   0x00000008   Code   RO         3161    i._ZN9cHwPort_N3clrEj  lib.o
    0x08003ee6   0x08003ee6   0x00000006   Code   RO         3167    i._ZN9cHwPort_N3getEv  lib.o
    0x08003eec   0x08003eec   0x00000006   Code   RO         3149    i._ZN9cHwPort_N3setEj  lib.o
    0x08003ef2   0x08003ef2   0x00000002   PAD
    0x08003ef4   0x08003ef4   0x000000c4   Code   RO          734    i._ZN9cHwPort_NC1ENS_6PortIdE  lib.o
    0x08003fb8   0x08003fb8   0x00000032   Code   RO          735    i._ZN9cHwUART_N3isrEv  lib.o
    0x08003fea   0x08003fea   0x00000004   Code   RO         2973    i._Znaj             lib.o
    0x08003fee   0x08003fee   0x00000030   Code   RO         5638    i.__ARM_fpclassify  m_wm.l(fpclassify.o)
    0x0800401e   0x0800401e   0x00000004   Code   RO          740    i.__cxa_pure_virtual  lib.o
    0x08004022   0x08004022   0x00000002   PAD
    0x08004024   0x08004024   0x000001c0   Code   RO            4    i.__sti___8_main_cpp_sys  main.o
    0x080041e4   0x080041e4   0x0000000e   Code   RO         5361    i._is_digit         c_w.l(__printf_wp.o)
    0x080041f2   0x080041f2   0x00000002   PAD
    0x080041f4   0x080041f4   0x00000158   Code   RO            5    i.main              main.o
    0x0800434c   0x0800434c   0x0000002c   Code   RO         5602    locale$$code        c_w.l(lc_numeric_c.o)
    0x08004378   0x08004378   0x0000002c   Code   RO         5649    locale$$code        c_w.l(lc_ctype_c.o)
    0x080043a4   0x080043a4   0x0000001e   Code   RO         3445    t._ZN5cFifoIN18cDevControlEncoder6tEventEE6isFullEv  lib.o
    0x080043c2   0x080043c2   0x0000003e   Code   RO         2967    t._ZN5cFifoIN18cDevControlEncoder6tEventEElsERKS1_  lib.o
    0x08004400   0x08004400   0x00000062   Code   RO         5231    x$fpl$d2f           fz_wm.l(d2f.o)
    0x08004462   0x08004462   0x00000002   PAD
    0x08004464   0x08004464   0x000002b0   Code   RO         5234    x$fpl$ddiv          fz_wm.l(ddiv.o)
    0x08004714   0x08004714   0x0000005a   Code   RO         5241    x$fpl$dfixu         fz_wm.l(dfixu.o)
    0x0800476e   0x0800476e   0x00000026   Code   RO         5245    x$fpl$dfltu         fz_wm.l(dflt_clz.o)
    0x08004794   0x08004794   0x00000154   Code   RO         5251    x$fpl$dmul          fz_wm.l(dmul.o)
    0x080048e8   0x080048e8   0x0000009c   Code   RO         5463    x$fpl$dnaninf       fz_wm.l(dnaninf.o)
    0x08004984   0x08004984   0x0000000c   Code   RO         5465    x$fpl$dretinf       fz_wm.l(dretinf.o)
    0x08004990   0x08004990   0x0000000a   Code   RO         5556    x$fpl$fpinit        fz_wm.l(fpinit.o)
    0x0800499a   0x0800499a   0x0000000a   Code   RO         5467    x$fpl$fretinf       fz_wm.l(fretinf.o)
    0x080049a4   0x080049a4   0x00000004   Code   RO         5469    x$fpl$printf1       fz_wm.l(printf1.o)
    0x080049a8   0x080049a8   0x00000000   Code   RO         5471    x$fpl$usenofp       fz_wm.l(usenofp.o)
    0x080049a8   0x080049a8   0x00000485   Data   RO            9    .constdata          main.o
    0x08004e2d   0x08004e2d   0x00000003   PAD
    0x08004e30   0x08004e30   0x00000008   Data   RO         5320    .constdata          c_w.l(_printf_wctomb.o)
    0x08004e38   0x08004e38   0x00000028   Data   RO         5349    .constdata          c_w.l(_printf_hex_int_ll_ptr.o)
    0x08004e60   0x08004e60   0x00000011   Data   RO         5369    .constdata          c_w.l(__printf_flags_ss_wp.o)
    0x08004e71   0x08004e71   0x00000003   PAD
    0x08004e74   0x08004e74   0x00000094   Data   RO         5577    .constdata          c_w.l(bigflt0.o)
    0x08004f08   0x08004f08   0x00000020   Data   RO         3552    .constdata__ZTV10cHwDisplay  lib.o
    0x08004f28   0x08004f28   0x0000001c   Data   RO         2840    .constdata__ZTV10cHwTimer_N  lib.o
    0x08004f44   0x08004f44   0x00000030   Data   RO         2824    .constdata__ZTV11cDevDigital  lib.o
    0x08004f74   0x08004f74   0x0000005c   Data   RO         4989    .constdata__ZTV16cHwDisp_OTM8009A  disp_otm8009a.o
    0x08004fd0   0x08004fd0   0x0000005c   Data   RO         2828    .constdata__ZTV17cHwDisplayGraphic  lib.o
    0x0800502c   0x0800502c   0x00000014   Data   RO         2872    .constdata__ZTV18cDevControlEncoder  lib.o
    0x08005040   0x08005040   0x00000048   Data   RO         2830    .constdata__ZTV18cDevDisplayGraphic  lib.o
    0x08005088   0x08005088   0x0000005c   Data   RO         4968    .constdata__ZTV19cHwDisp_OTM8009Aram  disp_otm8009a.o
    0x080050e4   0x080050e4   0x00000014   Data   RO         2874    .constdata__ZTV26cDevControlEncoderJoystick  lib.o
    0x080050f8   0x080050f8   0x00000028   Data   RO         2832    .constdata__ZTV6cHwADC  lib.o
    0x08005120   0x08005120   0x00000014   Data   RO         3560    .constdata__ZTV6cHwDAC  lib.o
    0x08005134   0x08005134   0x00000010   Data   RO           54    .constdata__ZTV6cHwDSI  main.o
    0x08005144   0x08005144   0x00000028   Data   RO         2834    .constdata__ZTV8cHwADC_0  lib.o
    0x0800516c   0x0800516c   0x00000014   Data   RO         3562    .constdata__ZTV8cHwDAC_0  lib.o
    0x08005180   0x08005180   0x00000020   Data   RO         2810    .constdata__ZTV9cHwPort_N  lib.o
    0x080051a0   0x080051a0   0x0000000c   Data   RO         3539    .constdata__ZTVN5cList4ItemE  lib.o
    0x080051ac   0x080051ac   0x0000001c   Data   RO         3541    .constdata__ZTVN7cHwPort3PinE  lib.o
    0x080051c8   0x080051c8   0x00000020   Data   RO         5697    Region$$Table       anon$$obj.o
    0x080051e8   0x080051e8   0x0000001c   Data   RO         5601    locale$$data        c_w.l(lc_numeric_c.o)
    0x08005204   0x08005204   0x00000110   Data   RO         5648    locale$$data        c_w.l(lc_ctype_c.o)
    0x08005314   0x08005314   0x00000004   Data   RO           12    .init_array         main.o
    0x08005318   0x08005314   0x00000000   Data   RO         5111    .init_array         c_w.l(init_aeabi.o)


    Execution Region RW_IRAM1 (Exec base: 0x20020000, Load base: 0x08005318, Size: 0x00002398, Max: 0x00005c00, ABSOLUTE, COMPRESSED[0x00000128])

    Exec Addr    Load Addr    Size         Type   Attr      Idx    E Section Name        Object

    0x20020000   COMPRESSED   0x0000006c   Data   RW           10    .data               main.o
    0x2002006c   COMPRESSED   0x00000118   Data   RW           11    .data               main.o
    0x20020184   COMPRESSED   0x00000074   Data   RW         1120    .data               lib.o
    0x200201f8        -       0x00000140   Zero   RW            8    .bss                main.o
    0x20020338        -       0x00000060   Zero   RW         5475    .bss                c_w.l(libspace.o)
    0x20020398        -       0x00001000   Zero   RW         4424    HEAP                startup_stm32f769xx.o
    0x20021398        -       0x00001000   Zero   RW         4423    STACK               startup_stm32f769xx.o



  Load Region LR$$.ARM.__AT_0x20000000 (Base: 0x20000000, Size: 0x00000000, Max: 0x000000a0, ABSOLUTE)

    Execution Region ER$$.ARM.__AT_0x20000000 (Exec base: 0x20000000, Load base: 0x20000000, Size: 0x000000a0, Max: 0x000000a0, ABSOLUTE, UNINIT)

    Exec Addr    Load Addr    Size         Type   Attr      Idx    E Section Name        Object

    0x20000000        -       0x000000a0   Zero   RW          741    .ARM.__AT_0x20000000  lib.o



  Load Region LR$$.ARM.__AT_0x20000100 (Base: 0x20000100, Size: 0x00000000, Max: 0x00001dc4, ABSOLUTE)

    Execution Region ER$$.ARM.__AT_0x20000100 (Exec base: 0x20000100, Load base: 0x20000100, Size: 0x00001dc4, Max: 0x00001dc4, ABSOLUTE, UNINIT)

    Exec Addr    Load Addr    Size         Type   Attr      Idx    E Section Name        Object

    0x20000100        -       0x00001dc4   Zero   RW          742    .ARM.__AT_0x20000100  lib.o



  Load Region LR$$.ARM.__AT_0x20002000 (Base: 0x20002000, Size: 0x00000000, Max: 0x000000a0, ABSOLUTE)

    Execution Region ER$$.ARM.__AT_0x20002000 (Exec base: 0x20002000, Load base: 0x20002000, Size: 0x000000a0, Max: 0x000000a0, ABSOLUTE, UNINIT)

    Exec Addr    Load Addr    Size         Type   Attr      Idx    E Section Name        Object

    0x20002000        -       0x000000a0   Zero   RW          743    .ARM.__AT_0x20002000  lib.o



  Load Region LR$$.ARM.__AT_0x20002100 (Base: 0x20002100, Size: 0x00000000, Max: 0x00001dc4, ABSOLUTE)

    Execution Region ER$$.ARM.__AT_0x20002100 (Exec base: 0x20002100, Load base: 0x20002100, Size: 0x00001dc4, Max: 0x00001dc4, ABSOLUTE, UNINIT)

    Exec Addr    Load Addr    Size         Type   Attr      Idx    E Section Name        Object

    0x20002100        -       0x00001dc4   Zero   RW          744    .ARM.__AT_0x20002100  lib.o


==============================================================================

Image component sizes


      Code (inc. data)   RO Data    RW Data    ZI Data      Debug   Object Name

      2912        430        184          0          0      16224   disp_otm8009a.o
      5432        460        504        116      15560     971456   lib.o
      1634        136       1177        388        320     841980   main.o
        44          0          0          0          0        468   rtoscontext.o
        64         26        504          0       8192        876   startup_stm32f769xx.o

    ----------------------------------------------------------------------
     10116       1052       2404        504      24072    1831004   Object Totals
         0          0         32          0          0          0   (incl. Generated)
        30          0          3          0          0          0   (incl. Padding)

    ----------------------------------------------------------------------

      Code (inc. data)   RO Data    RW Data    ZI Data      Debug   Library Member Name

        58          0          0          0          0          0   __dczerorl.o
         8          0          0          0          0         68   __main.o
       392          4         17          0          0         92   __printf_flags_ss_wp.o
        14          0          0          0          0         68   __printf_wp.o
         0          0          0          0          0          0   __rtentry.o
        12          0          0          0          0          0   __rtentry2.o
         6          0          0          0          0          0   __rtentry4.o
        52          8          0          0          0          0   __scatter.o
        28          0          0          0          0          0   __scatter_zi.o
         6          0          0          0          0          0   _printf_a.o
         6          0          0          0          0          0   _printf_c.o
        44          0          0          0          0        108   _printf_char.o
        48          6          0          0          0         96   _printf_char_common.o
        40          0          0          0          0         68   _printf_charcount.o
         6          0          0          0          0          0   _printf_d.o
       120         16          0          0          0         92   _printf_dec.o
         6          0          0          0          0          0   _printf_e.o
         6          0          0          0          0          0   _printf_f.o
      1054          0          0          0          0        216   _printf_fp_dec.o
       128         16          0          0          0         84   _printf_fp_infnan.o
         6          0          0          0          0          0   _printf_g.o
       148          4         40          0          0        160   _printf_hex_int_ll_ptr.o
         6          0          0          0          0          0   _printf_i.o
       178          0          0          0          0         88   _printf_intcommon.o
        10          0          0          0          0          0   _printf_l.o
         6          0          0          0          0          0   _printf_lc.o
        10          0          0          0          0          0   _printf_ll.o
         6          0          0          0          0          0   _printf_lld.o
         6          0          0          0          0          0   _printf_lli.o
         6          0          0          0          0          0   _printf_llo.o
         6          0          0          0          0          0   _printf_llu.o
         6          0          0          0          0          0   _printf_llx.o
       124         16          0          0          0         92   _printf_longlong_dec.o
         6          0          0          0          0          0   _printf_ls.o
         6          0          0          0          0          0   _printf_n.o
         6          0          0          0          0          0   _printf_o.o
       112         10          0          0          0        124   _printf_oct_int_ll.o
         6          0          0          0          0          0   _printf_p.o
        78          0          0          0          0        108   _printf_pad.o
         0          0          0          0          0          0   _printf_percent.o
         4          0          0          0          0          0   _printf_percent_end.o
         6          0          0          0          0          0   _printf_s.o
        82          0          0          0          0         80   _printf_str.o
        36          0          0          0          0         84   _printf_truncate.o
         6          0          0          0          0          0   _printf_u.o
        44          0          0          0          0        108   _printf_wchar.o
       188          6          8          0          0         92   _printf_wctomb.o
         6          0          0          0          0          0   _printf_x.o
        10          0          0          0          0         68   _sputc.o
        64          0          0          0          0         92   _wcrtomb.o
        22          0          0          0          0         80   abort.o
       228          4        148          0          0         96   bigflt0.o
      1936        128          0          0          0        672   btod.o
        36          4          0          0          0         76   c89vsprintf.o
        48         34          0          0          0         76   defsig_abrt_inner.o
        14          0          0          0          0         80   defsig_abrt_outer.o
        10          0          0          0          0         68   defsig_exit.o
        50          0          0          0          0         88   defsig_general.o
        80         58          0          0          0         76   defsig_rtmem_inner.o
        14          0          0          0          0         80   defsig_rtmem_outer.o
        18          0          0          0          0         80   exit.o
        94          0          0          0          0         80   h1_alloc.o
        52          0          0          0          0         68   h1_extend.o
        78          0          0          0          0         80   h1_free.o
        14          0          0          0          0         84   h1_init.o
         6          0          0          0          0        152   heapauxi.o
         4          0          0          0          0        136   hguard.o
         0          0          0          0          0          0   indicate_semi.o
        36         10          0          0          0         80   init_aeabi.o
       138          0          0          0          0        168   init_alloc.o
        44         10        272          0          0         76   lc_ctype_c.o
        44         10         28          0          0         76   lc_numeric_c.o
         2          0          0          0          0          0   libinit.o
        46          0          0          0          0          0   libinit2.o
         2          0          0          0          0          0   libshutdown.o
         2          0          0          0          0          0   libshutdown2.o
         8          4          0          0         96         68   libspace.o
       138          0          0          0          0         80   lludiv10.o
         0          0          0          0          0          0   maybetermalloc1.o
        16          4          0          0          0         76   rt_ctype_table.o
         8          4          0          0          0         68   rt_heap_descriptor_intlibspace.o
         8          4          0          0          0         68   rt_locale_intlibspace.o
       100          0          0          0          0         80   rt_memcpy_w.o
         2          0          0          0          0          0   rtexit.o
        10          0          0          0          0          0   rtexit2.o
       104          0          0          0          0         68   strcmpv7m_pel.o
        12          4          0          0          0         68   sys_exit.o
        74          0          0          0          0         80   sys_stackheap_outer.o
        14          0          0          0          0         76   sys_wrch.o
         2          0          0          0          0         68   use_no_semi.o
        98          4          0          0          0        140   d2f.o
       688        140          0          0          0        256   ddiv.o
        90          4          0          0          0        140   dfixu.o
        38          0          0          0          0        116   dflt_clz.o
       340         12          0          0          0        152   dmul.o
       156          4          0          0          0        140   dnaninf.o
        12          0          0          0          0        116   dretinf.o
        10          0          0          0          0        116   fpinit.o
        10          0          0          0          0        116   fretinf.o
         4          0          0          0          0        116   printf1.o
         0          0          0          0          0          0   usenofp.o
        48          0          0          0          0        124   fpclassify.o

    ----------------------------------------------------------------------
      8236        528        516          0         96       6792   Library Totals
        16          0          3          0          0          0   (incl. Padding)

    ----------------------------------------------------------------------

      Code (inc. data)   RO Data    RW Data    ZI Data      Debug   Library Name

      6726        364        513          0         96       5260   c_w.l
      1446        164          0          0          0       1408   fz_wm.l
        48          0          0          0          0        124   m_wm.l

    ----------------------------------------------------------------------
      8236        528        516          0         96       6792   Library Totals

    ----------------------------------------------------------------------

==============================================================================


      Code (inc. data)   RO Data    RW Data    ZI Data      Debug   

     18352       1580       2920        504      24168    1822732   Grand Totals
     18352       1580       2920        296      24168    1822732   ELF Image Totals (compressed)
     18352       1580       2920        296          0          0   ROM Totals

==============================================================================

    Total RO  Size (Code + RO Data)                21272 (  20.77kB)
    Total RW  Size (RW Data + ZI Data)             24672 (  24.09kB)
    Total ROM Size (Code + RO Data + RW Data)      21568 (  21.06kB)

==============================================================================

